==================================================================================================================================
  缠论三类买点策略 -- 问财随机选股交叉验证
  问财查询组: 5 组 | 每组取前 10 只
  K线: 800 根 | 资金: 1,000,000 元 | 预热: 60 根
  策略参数: max_hold_days=20, use_chanlun_sell=True (优化后最优)
==================================================================================================================================

>> Step 1: 问财随机选股 (5 组查询)

  [活跃大盘股] 查询: 今日成交量大于20万手
    获取 10 只 (去重后总计 10 只)

  [中盘价值股] 查询: 总市值50-200亿 市盈率20-40
    获取 10 只 (去重后总计 20 只)

  [强势股] 查询: 近60日涨幅超过30%
    获取 10 只 (去重后总计 30 只)

  [中低价主板股] 查询: 股价5-20元 主板
    获取 10 只 (去重后总计 40 只)

  [高换手率股] 查询: 周换手率超过20%
    获取 10 只 (去重后总计 50 只)

  问财选股完成: 50 只 (耗时 3.1s)

>> Step 2: 逐个回测 (50 只)
  [1/50] 京东方A(000725.SZ) [活跃大盘股] ... 策略= +30.46% 基准= +36.12% 超额=  -5.66% 交易=36笔
  [2/50] 东方新能(002310.SZ) [活跃大盘股] ... 策略= +48.10% 基准= +31.19% 超额= +16.91% 交易=28笔
  [3/50] 哈药股份(600664.SH) [活跃大盘股] ... 策略= +42.11% 基准= +83.23% 超额= -41.12% 交易=38笔
  [4/50] 太极实业(600667.SH) [活跃大盘股] ... 策略= +81.07% 基准=+156.91% 超额= -75.83% 交易=27笔
  [5/50] 工商银行(601398.SH) [活跃大盘股] ... 策略= +31.65% 基准=+137.05% 超额=-105.40% 交易=20笔
  [6/50] TCL科技(000100.SZ) [活跃大盘股] ... 策略= +73.37% 基准= +27.18% 超额= +46.19% 交易=34笔
  [7/50] 华天科技(002185.SZ) [活跃大盘股] ... 策略= +31.94% 基准= +77.94% 超额= -46.01% 交易=37笔
  [8/50] 农业银行(601288.SH) [活跃大盘股] ... 策略= +21.98% 基准=+208.07% 超额=-186.10% 交易=32笔
  [9/50] 大唐发电(601991.SH) [活跃大盘股] ... 策略= +14.58% 基准=+113.99% 超额= -99.41% 交易=24笔
  [10/50] 贤丰控股(002141.SZ) [活跃大盘股] ... 策略=+114.86% 基准= +45.07% 超额= +69.78% 交易=27笔
  [11/50] 德力佳(603092.SH) [中盘价值股] ... 策略=  +0.00% 基准= -29.00% 超额= +29.00% 交易=0笔
  [12/50] 润丰股份(301035.SZ) [中盘价值股] ... 策略=  +7.11% 基准=  +8.05% 超额=  -0.94% 交易=38笔
  [13/50] 移远通信(603236.SH) [中盘价值股] ... 策略= +30.10% 基准= -22.58% 超额= +52.68% 交易=31笔
  [14/50] 白云机场(600004.SH) [中盘价值股] ... 策略=+106.36% 基准= -51.03% 超额=+157.39% 交易=70笔
  [15/50] 欧派家居(603833.SH) [中盘价值股] ... 策略=+334.43% 基准= -73.52% 超额=+407.96% 交易=76笔
  [16/50] 尚太科技(001301.SZ) [中盘价值股] ... 策略= -23.98% 基准=  +6.11% 超额= -30.08% 交易=24笔
  [17/50] 飞凯材料(300398.SZ) [中盘价值股] ... 策略=+170.13% 基准= +63.21% 超额=+106.92% 交易=28笔
  [18/50] 内蒙一机(600967.SH) [中盘价值股] ... 策略=  +1.39% 基准= +24.31% 超额= -22.92% 交易=42笔
  [19/50] 平煤股份(601666.SH) [中盘价值股] ... 策略=+346.45% 基准=  +4.10% 超额=+342.35% 交易=54笔
  [20/50] 锦江酒店(600754.SH) [中盘价值股] ... 策略= +68.20% 基准= -70.71% 超额=+138.91% 交易=66笔
  [21/50] 百合花(603823.SH) [强势股] ... 策略= +52.64% 基准=+404.84% 超额=-352.20% 交易=28笔
  [22/50] 戈碧迦(920438.BJ) [强势股] ... 策略= +80.82% 基准=+453.50% 超额=-372.68% 交易=15笔
  [23/50] 艾艾精工(603580.SH) [强势股] ... 策略= +59.78% 基准=+245.06% 超额=-185.28% 交易=36笔
  [24/50] 惠丰钻石(920725.BJ) [强势股] ... 策略= +95.86% 基准=+358.72% 超额=-262.86% 交易=38笔
  [25/50] 维琪科技(920176.BJ) [强势股] ... SKIP (K线不足 (2 根))
  [26/50] 海达尔(920699.BJ) [强势股] ... 策略=+596.99% 基准=+581.50% 超额= +15.49% 交易=34笔
  [27/50] 雅克科技(002409.SZ) [强势股] ... 策略=+165.63% 基准=+172.55% 超额=  -6.93% 交易=37笔
  [28/50] 万邦医药(301520.SZ) [强势股] ... 策略= +44.85% 基准= +14.68% 超额= +30.17% 交易=44笔
  [29/50] 唯特偶(301319.SZ) [强势股] ... 策略=+334.02% 基准=+427.37% 超额= -93.34% 交易=34笔
  [30/50] 五洲医疗(301234.SZ) [强势股] ... 策略= +84.99% 基准=+160.03% 超额= -75.03% 交易=32笔
  [31/50] 联诚精密(002921.SZ) [中低价主板股] ... 策略= +60.18% 基准= +52.67% 超额=  +7.51% 交易=29笔
  [32/50] 天津普林(002134.SZ) [中低价主板股] ... 策略= +28.66% 基准=+106.72% 超额= -78.06% 交易=32笔
  [33/50] 华泰证券(601688.SH) [中低价主板股] ... 策略= +45.87% 基准= +63.52% 超额= -17.66% 交易=26笔
  [34/50] 均胜电子(600699.SH) [中低价主板股] ... 策略= +23.93% 基准= +40.42% 超额= -16.49% 交易=38笔
  [35/50] 长缆科技(002879.SZ) [中低价主板股] ... 策略= +97.93% 基准= +33.96% 超额= +63.97% 交易=46笔
  [36/50] 皮阿诺(002853.SZ) [中低价主板股] ... 策略= +51.58% 基准=  +7.39% 超额= +44.20% 交易=31笔
  [37/50] 和而泰(002402.SZ) [中低价主板股] ... 策略= +48.05% 基准= +14.66% 超额= +33.39% 交易=43笔
  [38/50] 璞源材料(603196.SH) [中低价主板股] ... 策略= +35.14% 基准=+140.27% 超额=-105.13% 交易=33笔
  [39/50] 园林股份(605303.SH) [中低价主板股] ... 策略= +65.01% 基准= +82.50% 超额= -17.49% 交易=28笔
  [40/50] 洽洽食品(002557.SZ) [中低价主板股] ... 策略=+129.80% 基准= -49.01% 超额=+178.81% 交易=58笔
  [41/50] 托伦斯(301583.SZ) [高换手率股] ... SKIP (K线不足 (13 根))
  [42/50] 长鹰硬科(920238.BJ) [高换手率股] ... SKIP (K线不足 (3 根))
  [43/50] 益坤电气(920222.BJ) [高换手率股] ... SKIP (K线不足 (21 根))
  [44/50] 爱朋医疗(300753.SZ) [高换手率股] ... 策略=+122.44% 基准= +78.09% 超额= +44.35% 交易=47笔
  [45/50] 陇神戎发(300534.SZ) [高换手率股] ... 策略= +18.70% 基准= +57.79% 超额= -39.09% 交易=30笔
  [46/50] 通源石油(300164.SZ) [高换手率股] ... 策略=+134.58% 基准=+138.24% 超额=  -3.66% 交易=44笔
  [47/50] 龙鑫智能(920117.BJ) [高换手率股] ... SKIP (K线不足 (9 根))
  [48/50] 红板科技(603459.SH) [高换手率股] ... 策略=  +0.00% 基准= +56.34% 超额= -56.34% 交易=0笔
  [49/50] 海科新源(301292.SZ) [高换手率股] ... 策略=+149.06% 基准=+111.92% 超额= +37.14% 交易=30笔
  [50/50] 米奥会展(300795.SZ) [高换手率股] ... 策略=+169.46% 基准= -23.60% 超额=+193.06% 交易=82笔

  回测完成 (耗时 8.8s)

>> Step 3: 汇总分析

==================================================================================================================================
  逐股明细
==================================================================================================================================
股票             代码         分组              策略收益      买入持有      超额收益     最大回撤      夏普      胜率    交易     状态
----------------------------------------------------------------------------------------------------------------------------------
京东方A           000725     活跃大盘股        +30.46%   +36.12%    -5.66%   12.94%   0.541   77.8%    36     OK
东方新能           002310     活跃大盘股        +48.10%   +31.19%   +16.91%   18.52%   0.627   71.4%    28     OK
哈药股份           600664     活跃大盘股        +42.11%   +83.23%   -41.12%    9.08%   0.851   84.2%    38     OK
太极实业           600667     活跃大盘股        +81.07%  +156.91%   -75.83%   18.42%   0.984   53.8%    27     OK
工商银行           601398     活跃大盘股        +31.65%  +137.05%  -105.40%    4.61%   0.792   80.0%    20     OK
TCL科技          000100     活跃大盘股        +73.37%   +27.18%   +46.19%   10.47%   1.135   82.4%    34     OK
华天科技           002185     活跃大盘股        +31.94%   +77.94%   -46.01%    9.46%   0.607   66.7%    37     OK
农业银行           601288     活跃大盘股        +21.98%  +208.07%  -186.10%   19.80%   0.402   68.8%    32     OK
大唐发电           601991     活跃大盘股        +14.58%  +113.99%   -99.41%   13.83%   0.191   83.3%    24     OK
贤丰控股           002141     活跃大盘股       +114.86%   +45.07%   +69.78%   33.44%   0.981   69.2%    27     OK
德力佳            603092     中盘价值股         +0.00%   -29.00%   +29.00%    0.00%   0.000    0.0%     0     OK
润丰股份           301035     中盘价值股         +7.11%    +8.05%    -0.94%   25.86%   0.022   68.4%    38     OK
移远通信           603236     中盘价值股        +30.10%   -22.58%   +52.68%   12.27%   0.449   66.7%    31     OK
白云机场           600004     中盘价值股       +106.36%   -51.03%  +157.39%    7.37%   1.863   68.6%    70     OK
欧派家居           603833     中盘价值股       +334.43%   -73.52%  +407.96%   15.03%   1.851   73.7%    76     OK
尚太科技           001301     中盘价值股        -23.98%    +6.11%   -30.08%   29.03%  -0.582   58.3%    24     OK
飞凯材料           300398     中盘价值股       +170.13%   +63.21%  +106.92%   10.32%   1.536   92.9%    28     OK
内蒙一机           600967     中盘价值股         +1.39%   +24.31%   -22.92%   30.64%  -0.074   57.1%    42     OK
平煤股份           601666     中盘价值股       +346.45%    +4.10%  +342.35%   14.32%   2.422   85.2%    54     OK
锦江酒店           600754     中盘价值股        +68.20%   -70.71%  +138.91%   20.09%   0.777   72.7%    66     OK
百合花            603823     强势股          +52.64%  +404.84%  -352.20%   11.35%   0.897   57.1%    28     OK
戈碧迦            920438     强势股          +80.82%  +453.50%  -372.68%   27.82%   0.979   71.4%    15     OK
艾艾精工           603580     强势股          +59.78%  +245.06%  -185.28%   29.68%   0.659   61.1%    36     OK
惠丰钻石           920725     强势股          +95.86%  +358.72%  -262.86%   15.05%   0.992   57.9%    38     OK
维琪科技           920176     强势股              N/A       N/A       N/A      N/A     N/A     N/A   N/A     跳过
海达尔            920699     强势股         +596.99%  +581.50%   +15.49%   21.93%   1.427   70.6%    34     OK
雅克科技           002409     强势股         +165.63%  +172.55%    -6.93%    9.25%   1.687   83.3%    37     OK
万邦医药           301520     强势股          +44.85%   +14.68%   +30.17%   26.03%   0.639   68.2%    44     OK
唯特偶            301319     强势股         +334.02%  +427.37%   -93.34%   16.80%   2.000   88.2%    34     OK
五洲医疗           301234     强势股          +84.99%  +160.03%   -75.03%   31.96%   0.791   75.0%    32     OK
联诚精密           002921     中低价主板股       +60.18%   +52.67%    +7.51%   24.32%   0.791   71.4%    29     OK
天津普林           002134     中低价主板股       +28.66%  +106.72%   -78.06%   31.76%   0.350   81.2%    32     OK
华泰证券           601688     中低价主板股       +45.87%   +63.52%   -17.66%    9.05%   0.876   76.9%    26     OK
均胜电子           600699     中低价主板股       +23.93%   +40.42%   -16.49%   22.24%   0.338   68.4%    38     OK
长缆科技           002879     中低价主板股       +97.93%   +33.96%   +63.97%   21.16%   1.089   78.3%    46     OK
皮阿诺            002853     中低价主板股       +51.58%    +7.39%   +44.20%   19.25%   0.745   66.7%    31     OK
和而泰            002402     中低价主板股       +48.05%   +14.66%   +33.39%   26.93%   0.518   61.9%    43     OK
璞源材料           603196     中低价主板股       +35.14%  +140.27%  -105.13%   18.16%   0.502   62.5%    33     OK
园林股份           605303     中低价主板股       +65.01%   +82.50%   -17.49%   21.18%   0.780   71.4%    28     OK
洽洽食品           002557     中低价主板股      +129.80%   -49.01%  +178.81%   11.60%   1.473   79.3%    58     OK
托伦斯            301583     高换手率股            N/A       N/A       N/A      N/A     N/A     N/A   N/A     跳过
长鹰硬科           920238     高换手率股            N/A       N/A       N/A      N/A     N/A     N/A   N/A     跳过
益坤电气           920222     高换手率股            N/A       N/A       N/A      N/A     N/A     N/A   N/A     跳过
爱朋医疗           300753     高换手率股       +122.44%   +78.09%   +44.35%   39.38%   0.897   69.6%    47     OK
陇神戎发           300534     高换手率股        +18.70%   +57.79%   -39.09%   14.83%   0.265   66.7%    30     OK
通源石油           300164     高换手率股       +134.58%  +138.24%    -3.66%   11.61%   1.113   95.5%    44     OK
龙鑫智能           920117     高换手率股            N/A       N/A       N/A      N/A     N/A     N/A   N/A     跳过
红板科技           603459     高换手率股         +0.00%   +56.34%   -56.34%    0.00%   0.000    0.0%     0     OK
海科新源           301292     高换手率股       +149.06%  +111.92%   +37.14%    4.10%   1.509   80.0%    30     OK
米奥会展           300795     高换手率股       +169.46%   -23.60%  +193.06%   17.30%   1.193   70.7%    82     OK

==================================================================================================================================
  分组汇总
==================================================================================================================================
分组           查询语句                            有效数       平均策略收益       平均买入持有       平均超额      平均回撤      平均夏普      平均胜率    总交易     跑赢大盘
----------------------------------------------------------------------------------------------------------------------------------
活跃大盘股        今日成交量大于20万手                      10      +49.01%      +91.67%    -42.66%    15.06%     0.711     73.8%    303 3/10
中盘价值股        总市值50-200亿 市盈率20-40              10     +104.02%      -14.11%   +118.13%    16.49%     0.826     64.4%    429 7/10
强势股          近60日涨幅超过30%                       9     +168.40%     +313.14%   -144.74%    21.10%     1.119     70.3%    298 2/ 9
中低价主板股       股价5-20元 主板                       10      +58.62%      +49.31%     +9.31%    20.57%     0.746     71.8%    364 5/10
高换手率股        周换手率超过20%                         6      +99.04%      +69.80%    +29.24%    14.54%     0.829     63.7%    233 3/ 6

==================================================================================================================================
  ★ 全局汇总 ★
==================================================================================================================================
  总标的数:     50
  有效标的:     45 (错误 0, 跳过 5)
  策略正收益:   42/45 (93.3%)
  跑赢买入持有: 20/45 (44.4%)

  平均策略收益率:   +93.92%
  平均买入持有收益: +100.13%
  平均超额收益:     -6.21%
  平均最大回撤:     17.74%
  平均夏普比率:     0.842
  平均胜率:         69.2%
  总交易笔数:       1627
  平均交易笔数:     36.2

  --- 策略收益率分布 ---
    -30% ~ -10%      1 #
    0% ~ 10%         4 ####
    10% ~ 30%        5 #####
    30% ~ 50%       10 ##########
    50% ~ 80%        7 #######
    > 80%           18 ##################

  --- 超额收益分布 ---
    < -30%          17 #################
    -30% ~ -10%      4 ####
    -10% ~ 0%        4 ####
    0% ~ 10%         1 #
    10% ~ 30%        3 ###
    30% ~ 50%        6 ######
    > 50%           10 ##########

==================================================================================================================================
  验证完成
==================================================================================================================================
