==================================================================================================================================
  缠论三类买点策略 -- 问财随机选股交叉验证
  问财查询组: 15 组 | 每组取前 10 只
  K线: 800 根 | 资金: 1,000,000 元 | 预热: 60 根
  策略参数: max_hold_days=20, use_chanlun_sell=True (优化后最优)
==================================================================================================================================

>> Step 1: 问财随机选股 (15 组查询)

  [活跃大盘股] 查询: 今日成交量大于20万手
    获取 10 只 (去重后总计 10 只)

  [中盘价值股] 查询: 总市值50-200亿 市盈率20-40
    获取 10 只 (去重后总计 20 只)

  [强势股] 查询: 近60日涨幅超过30%
    获取 10 只 (去重后总计 30 只)

  [中低价主板股] 查询: 股价5-20元 主板
    获取 10 只 (去重后总计 40 只)

  [高换手率股] 查询: 周换手率超过20%
    获取 10 只 (去重后总计 50 只)

  [小盘股] 查询: 总市值小于50亿
    获取 10 只 (去重后总计 60 只)

  [破净股] 查询: 市净率小于1
    获取 10 只 (去重后总计 70 只)

  [高股息股] 查询: 股息率大于3%
    获取 10 只 (去重后总计 80 只)

  [创业板股] 查询: 创业板
    获取 10 只 (去重后总计 90 只)

  [科创板股] 查询: 科创板
    获取 0 只 (去重后总计 90 只)

  [超跌股] 查询: 近60日跌幅超过20%
    获取 10 只 (去重后总计 100 只)

  [超大盘股] 查询: 总市值大于1000亿
    获取 10 只 (去重后总计 110 只)

  [中价股] 查询: 股价20-50元
    获取 10 只 (去重后总计 120 只)

  [高价股] 查询: 股价大于50元
    获取 10 只 (去重后总计 130 只)

  [次新股] 查询: 上市时间小于2年
    获取 10 只 (去重后总计 140 只)

  问财选股完成: 140 只 (耗时 8.1s)

>> Step 2: 逐个回测 (140 只)
  [1/140] 京东方A(000725.SZ) [活跃大盘股] ... 策略= +30.46% 基准= +35.65% 超额=  -5.18% 交易=36笔
  [2/140] 东方新能(002310.SZ) [活跃大盘股] ... 策略= +48.10% 基准= +31.19% 超额= +16.91% 交易=28笔
  [3/140] 哈药股份(600664.SH) [活跃大盘股] ... 策略= +42.11% 基准= +81.61% 超额= -39.50% 交易=38笔
  [4/140] 太极实业(600667.SH) [活跃大盘股] ... 策略= +80.20% 基准=+155.66% 超额= -75.46% 交易=27笔
  [5/140] 农业银行(601288.SH) [活跃大盘股] ... 策略= +21.98% 基准=+208.97% 超额=-186.99% 交易=32笔
  [6/140] 工商银行(601398.SH) [活跃大盘股] ... 策略= +31.65% 基准=+137.35% 超额=-105.70% 交易=20笔
  [7/140] TCL科技(000100.SZ) [活跃大盘股] ... 策略= +73.37% 基准= +26.67% 超额= +46.70% 交易=34笔
  [8/140] 华天科技(002185.SZ) [活跃大盘股] ... 策略= +30.91% 基准= +76.56% 超额= -45.65% 交易=37笔
  [9/140] 大唐发电(601991.SH) [活跃大盘股] ... 策略= +14.58% 基准=+113.29% 超额= -98.71% 交易=24笔
  [10/140] 华银电力(600744.SH) [活跃大盘股] ... 策略= +51.81% 基准= +85.96% 超额= -34.15% 交易=29笔
  [11/140] 德力佳(603092.SH) [中盘价值股] ... 策略=  +0.00% 基准= -29.26% 超额= +29.26% 交易=0笔
  [12/140] 润丰股份(301035.SZ) [中盘价值股] ... 策略=  +7.11% 基准=  +8.21% 超额=  -1.10% 交易=38笔
  [13/140] 移远通信(603236.SH) [中盘价值股] ... 策略= +29.68% 基准= -22.83% 超额= +52.51% 交易=31笔
  [14/140] 白云机场(600004.SH) [中盘价值股] ... 策略=+106.36% 基准= -50.96% 超额=+157.32% 交易=70笔
  [15/140] 欧派家居(603833.SH) [中盘价值股] ... 策略=+334.43% 基准= -73.60% 超额=+408.03% 交易=76笔
  [16/140] 尚太科技(001301.SZ) [中盘价值股] ... 策略= -23.98% 基准=  +5.71% 超额= -29.68% 交易=24笔
  [17/140] 飞凯材料(300398.SZ) [中盘价值股] ... 策略=+170.13% 基准= +64.13% 超额=+106.00% 交易=28笔
  [18/140] 内蒙一机(600967.SH) [中盘价值股] ... 策略=  +1.39% 基准= +23.65% 超额= -22.26% 交易=42笔
  [19/140] 平煤股份(601666.SH) [中盘价值股] ... 策略=+346.45% 基准=  +4.24% 超额=+342.21% 交易=54笔
  [20/140] 锦江酒店(600754.SH) [中盘价值股] ... 策略= +68.20% 基准= -70.77% 超额=+138.97% 交易=66笔
  [21/140] 百合花(603823.SH) [强势股] ... 策略= +52.64% 基准=+404.84% 超额=-352.20% 交易=28笔
  [22/140] 戈碧迦(920438.BJ) [强势股] ... 策略= +79.41% 基准=+449.17% 超额=-369.76% 交易=15笔
  [23/140] 艾艾精工(603580.SH) [强势股] ... 策略= +59.78% 基准=+244.60% 超额=-184.82% 交易=36笔
  [24/140] 维琪科技(920176.BJ) [强势股] ... SKIP (K线不足 (2 根))
  [25/140] 惠丰钻石(920725.BJ) [强势股] ... 策略= +95.86% 基准=+354.03% 超额=-258.17% 交易=38笔
  [26/140] 海达尔(920699.BJ) [强势股] ... 策略=+596.99% 基准=+591.37% 超额=  +5.62% 交易=34笔
  [27/140] 雅克科技(002409.SZ) [强势股] ... 策略=+162.35% 基准=+169.19% 超额=  -6.84% 交易=37笔
  [28/140] 万邦医药(301520.SZ) [强势股] ... 策略= +44.85% 基准= +11.68% 超额= +33.17% 交易=44笔
  [29/140] 唯特偶(301319.SZ) [强势股] ... 策略=+334.02% 基准=+423.20% 超额= -89.18% 交易=34笔
  [30/140] 声迅股份(003004.SZ) [强势股] ... 策略= +99.33% 基准=+119.77% 超额= -20.44% 交易=35笔
  [31/140] 华泰证券(601688.SH) [中低价主板股] ... 策略= +45.87% 基准= +63.77% 超额= -17.90% 交易=26笔
  [32/140] 均胜电子(600699.SH) [中低价主板股] ... 策略= +23.93% 基准= +40.07% 超额= -16.14% 交易=38笔
  [33/140] 天津普林(002134.SZ) [中低价主板股] ... 策略= +28.66% 基准=+105.38% 超额= -76.71% 交易=32笔
  [34/140] 皮阿诺(002853.SZ) [中低价主板股] ... 策略= +50.90% 基准=  +6.90% 超额= +44.00% 交易=31笔
  [35/140] 和而泰(002402.SZ) [中低价主板股] ... 策略= +47.68% 基准= +14.37% 超额= +33.31% 交易=43笔
  [36/140] 洽洽食品(002557.SZ) [中低价主板股] ... 策略=+129.80% 基准= -49.06% 超额=+178.86% 交易=58笔
  [37/140] 联诚精密(002921.SZ) [中低价主板股] ... 策略= +58.98% 基准= +51.53% 超额=  +7.46% 交易=29笔
  [38/140] 璞源材料(603196.SH) [中低价主板股] ... 策略= +34.53% 基准=+139.18% 超额=-104.65% 交易=33笔
  [39/140] 普洛药业(000739.SZ) [中低价主板股] ... 策略= +73.05% 基准=  -2.42% 超额= +75.47% 交易=36笔
  [40/140] 鸿路钢构(002541.SZ) [中低价主板股] ... 策略=+139.81% 基准= -42.17% 超额=+181.98% 交易=46笔
  [41/140] 托伦斯(301583.SZ) [高换手率股] ... SKIP (K线不足 (13 根))
  [42/140] 长缆科技(002879.SZ) [高换手率股] ... 策略= +97.93% 基准= +30.93% 超额= +66.99% 交易=46笔
  [43/140] 长鹰硬科(920238.BJ) [高换手率股] ... SKIP (K线不足 (3 根))
  [44/140] 益坤电气(920222.BJ) [高换手率股] ... SKIP (K线不足 (21 根))
  [45/140] 爱朋医疗(300753.SZ) [高换手率股] ... 策略=+121.74% 基准= +77.53% 超额= +44.21% 交易=47笔
  [46/140] 陇神戎发(300534.SZ) [高换手率股] ... 策略= +18.70% 基准= +56.93% 超额= -38.23% 交易=30笔
  [47/140] 通源石油(300164.SZ) [高换手率股] ... 策略=+134.58% 基准=+139.19% 超额=  -4.61% 交易=44笔
  [48/140] 龙鑫智能(920117.BJ) [高换手率股] ... SKIP (K线不足 (9 根))
  [49/140] 红板科技(603459.SH) [高换手率股] ... 策略=  +0.00% 基准= +56.27% 超额= -56.27% 交易=0笔
  [50/140] 海科新源(301292.SZ) [高换手率股] ... 策略=+149.06% 基准=+112.36% 超额= +36.70% 交易=30笔
  [51/140] 维维股份(600300.SH) [小盘股] ... 策略= +90.63% 基准= +11.91% 超额= +78.71% 交易=36笔
  [52/140] 仙乐健康(300791.SZ) [小盘股] ... 策略= +41.03% 基准= -17.90% 超额= +58.93% 交易=56笔
  [53/140] 泉阳泉(600189.SH) [小盘股] ... 策略=+116.61% 基准= +14.99% 超额=+101.62% 交易=44笔
  [54/140] 方正电机(002196.SZ) [小盘股] ... 策略= +13.48% 基准= +41.33% 超额= -27.84% 交易=32笔
  [55/140] 宝鹰股份(002047.SZ) [小盘股] ... 策略=+102.00% 基准= -17.22% 超额=+119.22% 交易=40笔
  [56/140] 勤上股份(002638.SZ) [小盘股] ... 策略=+157.23% 基准= +35.55% 超额=+121.68% 交易=34笔
  [57/140] 峨眉山A(000888.SZ) [小盘股] ... 策略= +31.10% 基准=  +9.87% 超额= +21.23% 交易=48笔
  [58/140] 康辰药业(603590.SH) [小盘股] ... 策略= +58.42% 基准= -10.97% 超额= +69.38% 交易=36笔
  [59/140] 昂利康(002940.SZ) [小盘股] ... 策略= +55.53% 基准= +20.55% 超额= +34.98% 交易=45笔
  [60/140] 三鑫医疗(300453.SZ) [小盘股] ... 策略= +47.85% 基准= +31.67% 超额= +16.17% 交易=30笔
  [61/140] 凯撒文化(002425.SZ) [破净股] ... 策略=+165.64% 基准= -58.29% 超额=+223.93% 交易=47笔
  [62/140] 山西证券(002500.SZ) [破净股] ... 策略= +25.74% 基准=  -4.04% 超额= +29.78% 交易=48笔
  [63/140] 天壕能源(300332.SZ) [破净股] ... 策略= +73.36% 基准= -61.79% 超额=+135.15% 交易=66笔
  [64/140] 中远海控(601919.SH) [破净股] ... 策略= +64.87% 基准=+147.42% 超额= -82.55% 交易=40笔
  [65/140] 苏利股份(603585.SH) [破净股] ... 策略= +91.39% 基准= -21.43% 超额=+112.82% 交易=32笔
  [66/140] 皖能电力(000543.SZ) [破净股] ... 策略=+134.48% 基准= +85.34% 超额= +49.14% 交易=40笔
  [67/140] 蓝焰控股(000968.SZ) [破净股] ... 策略= +43.08% 基准= -13.55% 超额= +56.63% 交易=46笔
  [68/140] 四方新材(605122.SH) [破净股] ... 策略=  +9.43% 基准= -34.12% 超额= +43.56% 交易=35笔
  [69/140] 大众交通(600611.SH) [破净股] ... 策略=+124.24% 基准= +40.07% 超额= +84.17% 交易=46笔
  [70/140] 首创环保(600008.SH) [破净股] ... 策略= +14.90% 基准= +14.92% 超额=  -0.02% 交易=32笔
  [71/140] 荣晟环保(603165.SH) [高股息股] ... 策略=+103.42% 基准=  +3.98% 超额= +99.44% 交易=39笔
  [72/140] 汇洁股份(002763.SZ) [高股息股] ... 策略= +19.60% 基准= +31.97% 超额= -12.36% 交易=24笔
  [73/140] 达仁堂(600329.SH) [高股息股] ... 策略= +65.19% 基准= +18.04% 超额= +47.15% 交易=24笔
  [74/140] 渤海轮渡(603167.SH) [高股息股] ... 策略=+161.49% 基准= +81.99% 超额= +79.50% 交易=48笔
  [75/140] 思维列控(603508.SH) [高股息股] ... 策略= +88.67% 基准=+100.00% 超额= -11.33% 交易=41笔
  [76/140] 华邦健康(002004.SZ) [高股息股] ... 策略= +20.77% 基准= -10.48% 超额= +31.26% 交易=42笔
  [77/140] 九强生物(300406.SZ) [高股息股] ... 策略=  -0.45% 基准= -40.67% 超额= +40.22% 交易=52笔
  [78/140] 立霸股份(603519.SH) [高股息股] ... 策略= +52.43% 基准= +65.84% 超额= -13.41% 交易=45笔
  [79/140] 南山铝业(600219.SH) [高股息股] ... 策略= +75.22% 基准= +66.92% 超额=  +8.30% 交易=34笔
  [80/140] 君正集团(601216.SH) [高股息股] ... 策略= +80.44% 基准= +39.09% 超额= +41.35% 交易=40笔
  [81/140] 特锐德(300001.SZ) [创业板股] ... 策略= +68.16% 基准= +93.68% 超额= -25.52% 交易=40笔
  [82/140] 神州泰岳(300002.SZ) [创业板股] ... 策略=+216.82% 基准= -26.60% 超额=+243.43% 交易=62笔
  [83/140] 乐普医疗(300003.SZ) [创业板股] ... 策略= +27.85% 基准= -43.86% 超额= +71.71% 交易=51笔
  [84/140] 南风股份(300004.SZ) [创业板股] ... 策略=  +7.42% 基准= +38.17% 超额= -30.75% 交易=28笔
  [85/140] 探路者(300005.SZ) [创业板股] ... 策略=  +4.98% 基准= +15.71% 超额= -10.73% 交易=31笔
  [86/140] 莱美药业(300006.SZ) [创业板股] ... 策略= +42.74% 基准= +30.10% 超额= +12.64% 交易=29笔
  [87/140] 汉威科技(300007.SZ) [创业板股] ... 策略=+227.66% 基准= +77.67% 超额=+149.99% 交易=42笔
  [88/140] 天海防务(300008.SZ) [创业板股] ... 策略=+112.25% 基准= +35.27% 超额= +76.98% 交易=31笔
  [89/140] 安科生物(300009.SZ) [创业板股] ... 策略= +29.60% 基准= -25.94% 超额= +55.54% 交易=46笔
  [90/140] 鼎汉技术(300011.SZ) [创业板股] ... 策略= +85.04% 基准=  -7.64% 超额= +92.68% 交易=54笔
  [91/140] 重庆啤酒(600132.SH) [超跌股] ... 策略=+152.82% 基准= -61.04% 超额=+213.86% 交易=78笔
  [92/140] 艾芬达(301575.SZ) [超跌股] ... 策略=  +7.91% 基准= -51.52% 超额= +59.43% 交易=8笔
  [93/140] 水晶光电(002273.SZ) [超跌股] ... 策略= +48.71% 基准=+106.79% 超额= -58.08% 交易=34笔
  [94/140] 嘉益股份(301004.SZ) [超跌股] ... 策略=+176.15% 基准=+104.92% 超额= +71.23% 交易=58笔
  [95/140] 中寰股份(920260.BJ) [超跌股] ... 策略=+135.36% 基准= +70.80% 超额= +64.55% 交易=51笔
  [96/140] 巨星农牧(603477.SH) [超跌股] ... 策略= +45.54% 基准= -54.86% 超额=+100.39% 交易=59笔
  [97/140] 新巨丰(301296.SZ) [超跌股] ... 策略=+121.13% 基准= -61.01% 超额=+182.14% 交易=66笔
  [98/140] 奕帆传动(301023.SZ) [超跌股] ... 策略=+135.45% 基准= +23.08% 超额=+112.37% 交易=36笔
  [99/140] 润都股份(002923.SZ) [超跌股] ... 策略= +11.52% 基准= -20.23% 超额= +31.74% 交易=31笔
  [100/140] 五芳斋(603237.SH) [超跌股] ... 策略= +98.48% 基准= -41.96% 超额=+140.44% 交易=54笔
  [101/140] 建设银行(601939.SH) [超大盘股] ... 策略= +58.65% 基准=+137.36% 超额= -78.71% 交易=36笔
  [102/140] 中国石油(601857.SH) [超大盘股] ... 策略= +33.10% 基准=+124.49% 超额= -91.39% 交易=34笔
  [103/140] 宁德时代(300750.SZ) [超大盘股] ... 策略= +28.32% 基准= +94.15% 超额= -65.84% 交易=32笔
  [104/140] 中国银行(601988.SH) [超大盘股] ... 策略= +44.83% 基准=+143.37% 超额= -98.54% 交易=28笔
  [105/140] 贵州茅台(600519.SH) [超大盘股] ... 策略= +95.96% 基准= -17.23% 超额=+113.19% 交易=68笔
  [106/140] 中国移动(600941.SH) [超大盘股] ... 策略= +18.74% 基准= +17.67% 超额=  +1.07% 交易=40笔
  [107/140] 工业富联(601138.SH) [超大盘股] ... 策略=+198.94% 基准=+281.91% 超额= -82.97% 交易=42笔
  [108/140] 中际旭创(300308.SZ) [超大盘股] ... 策略=+435.23% 基准=+1871.90% 超额=-1436.67% 交易=40笔
  [109/140] 中国人寿(601628.SH) [超大盘股] ... 策略= +68.56% 基准= +27.43% 超额= +41.13% 交易=40笔
  [110/140] 招商银行(600036.SH) [超大盘股] ... 策略= +54.45% 基准= +48.70% 超额=  +5.75% 交易=38笔
  [111/140] 福达合金(603045.SH) [中价股] ... 策略=  -4.36% 基准=+263.75% 超额=-268.11% 交易=22笔
  [112/140] 润建股份(002929.SZ) [中价股] ... 策略= +77.45% 基准= +23.51% 超额= +53.94% 交易=43笔
  [113/140] 和顺科技(301237.SZ) [中价股] ... 策略= +74.93% 基准= +64.74% 超额= +10.19% 交易=32笔
  [114/140] 万朗磁塑(603150.SH) [中价股] ... 策略=+156.28% 基准= +84.17% 超额= +72.11% 交易=33笔
  [115/140] 本川智能(300964.SZ) [中价股] ... 策略= +29.65% 基准= +49.02% 超额= -19.37% 交易=30笔
  [116/140] 华塑科技(301157.SZ) [中价股] ... 策略= +19.07% 基准= -25.47% 超额= +44.54% 交易=29笔
  [117/140] 泰坦股份(003036.SZ) [中价股] ... 策略=  -4.20% 基准=+289.79% 超额=-293.99% 交易=28笔
  [118/140] 赣锋锂业(002460.SZ) [中价股] ... 策略= +89.66% 基准= -22.76% 超额=+112.42% 交易=44笔
  [119/140] 豪迈科技(002595.SZ) [中价股] ... 策略=  +1.89% 基准=+167.78% 超额=-165.89% 交易=42笔
  [120/140] 铜牛信息(300895.SZ) [中价股] ... 策略=+117.63% 基准= +29.49% 超额= +88.14% 交易=27笔
  [121/140] 北方华创(002371.SZ) [高价股] ... 策略= +69.18% 基准=+236.90% 超额=-167.72% 交易=34笔
  [122/140] 大普微(301666.SZ) [高价股] ... SKIP (K线不足 (67 根))
  [123/140] 新易盛(300502.SZ) [高价股] ... 策略=+304.53% 基准=+1596.93% 超额=-1292.41% 交易=37笔
  [124/140] 罗博特科(300757.SZ) [高价股] ... 策略=+341.89% 基准=+1070.89% 超额=-729.00% 交易=50笔
  [125/140] 兆易创新(603986.SH) [高价股] ... 策略= +45.11% 基准=+202.46% 超额=-157.35% 交易=28笔
  [126/140] 鼎泰高科(301377.SZ) [高价股] ... 策略= +91.65% 基准=+1729.76% 超额=-1638.11% 交易=22笔
  [127/140] 德明利(001309.SZ) [高价股] ... 策略=+143.06% 基准=+976.85% 超额=-833.79% 交易=28笔
  [128/140] 吉比特(603444.SH) [高价股] ... 策略= +31.04% 基准= -29.20% 超额= +60.24% 交易=32笔
  [129/140] 江波龙(301308.SZ) [高价股] ... 策略= +54.54% 基准=+241.30% 超额=-186.77% 交易=29笔
  [130/140] 深南电路(002916.SZ) [高价股] ... 策略=+123.52% 基准=+387.73% 超额=-264.22% 交易=24笔
  [131/140] 力聚热能(603391.SH) [次新股] ... 策略=  -5.22% 基准=  -7.52% 超额=  +2.30% 交易=15笔
  [132/140] 博实结(301608.SZ) [次新股] ... 策略= +53.12% 基准= -31.47% 超额= +84.59% 交易=28笔
  [133/140] 巍华新材(603310.SH) [次新股] ... 策略= +13.74% 基准= -36.84% 超额= +50.59% 交易=26笔
  [134/140] 珂玛科技(301611.SZ) [次新股] ... 策略= +67.91% 基准=+156.54% 超额= -88.63% 交易=19笔
  [135/140] 国科天成(301571.SZ) [次新股] ... 策略= +51.76% 基准= +80.45% 超额= -28.69% 交易=20笔
  [136/140] 太湖远大(920118.BJ) [次新股] ... 策略= -13.03% 基准=  -7.83% 超额=  -5.19% 交易=30笔
  [137/140] 小方制药(603207.SH) [次新股] ... 策略=  -0.35% 基准= -29.12% 超额= +28.78% 交易=29笔
  [138/140] 佳力奇(301586.SZ) [次新股] ... 策略=  -8.77% 基准= -52.70% 超额= +43.93% 交易=28笔
  [139/140] 成电光信(920008.BJ) [次新股] ... 策略= +40.24% 基准=  -6.94% 超额= +47.18% 交易=34笔
  [140/140] 速达股份(001277.SZ) [次新股] ... 策略=  -5.66% 基准= -38.79% 超额= +33.13% 交易=18笔

  回测完成 (耗时 24.6s)

>> Step 3: 汇总分析

==================================================================================================================================
  逐股明细
==================================================================================================================================
股票             代码         分组              策略收益      买入持有      超额收益     最大回撤      夏普      胜率    交易     状态
----------------------------------------------------------------------------------------------------------------------------------
京东方A           000725     活跃大盘股        +30.46%   +35.65%    -5.18%   12.94%   0.541   77.8%    36     OK
东方新能           002310     活跃大盘股        +48.10%   +31.19%   +16.91%   18.52%   0.627   71.4%    28     OK
哈药股份           600664     活跃大盘股        +42.11%   +81.61%   -39.50%    9.08%   0.851   84.2%    38     OK
太极实业           600667     活跃大盘股        +80.20%  +155.66%   -75.46%   18.42%   0.977   53.8%    27     OK
农业银行           601288     活跃大盘股        +21.98%  +208.97%  -186.99%   19.80%   0.402   68.8%    32     OK
工商银行           601398     活跃大盘股        +31.65%  +137.35%  -105.70%    4.61%   0.792   80.0%    20     OK
TCL科技          000100     活跃大盘股        +73.37%   +26.67%   +46.70%   10.47%   1.135   82.4%    34     OK
华天科技           002185     活跃大盘股        +30.91%   +76.56%   -45.65%    9.46%   0.580   66.7%    37     OK
大唐发电           601991     活跃大盘股        +14.58%  +113.29%   -98.71%   13.83%   0.191   83.3%    24     OK
华银电力           600744     活跃大盘股        +51.81%   +85.96%   -34.15%   21.96%   0.668   71.4%    29     OK
德力佳            603092     中盘价值股         +0.00%   -29.26%   +29.26%    0.00%   0.000    0.0%     0     OK
润丰股份           301035     中盘价值股         +7.11%    +8.21%    -1.10%   25.86%   0.022   68.4%    38     OK
移远通信           603236     中盘价值股        +29.68%   -22.83%   +52.51%   12.27%   0.441   66.7%    31     OK
白云机场           600004     中盘价值股       +106.36%   -50.96%  +157.32%    7.37%   1.863   68.6%    70     OK
欧派家居           603833     中盘价值股       +334.43%   -73.60%  +408.03%   15.03%   1.851   73.7%    76     OK
尚太科技           001301     中盘价值股        -23.98%    +5.71%   -29.68%   29.03%  -0.582   58.3%    24     OK
飞凯材料           300398     中盘价值股       +170.13%   +64.13%  +106.00%   10.32%   1.536   92.9%    28     OK
内蒙一机           600967     中盘价值股         +1.39%   +23.65%   -22.26%   30.64%  -0.074   57.1%    42     OK
平煤股份           601666     中盘价值股       +346.45%    +4.24%  +342.21%   14.32%   2.422   85.2%    54     OK
锦江酒店           600754     中盘价值股        +68.20%   -70.77%  +138.97%   20.09%   0.777   72.7%    66     OK
百合花            603823     强势股          +52.64%  +404.84%  -352.20%   11.35%   0.897   57.1%    28     OK
戈碧迦            920438     强势股          +79.41%  +449.17%  -369.76%   27.82%   0.965   71.4%    15     OK
艾艾精工           603580     强势股          +59.78%  +244.60%  -184.82%   29.68%   0.659   61.1%    36     OK
维琪科技           920176     强势股              N/A       N/A       N/A      N/A     N/A     N/A   N/A     跳过
惠丰钻石           920725     强势股          +95.86%  +354.03%  -258.17%   15.05%   0.992   57.9%    38     OK
海达尔            920699     强势股         +596.99%  +591.37%    +5.62%   21.93%   1.427   70.6%    34     OK
雅克科技           002409     强势股         +162.35%  +169.19%    -6.84%    9.25%   1.664   83.3%    37     OK
万邦医药           301520     强势股          +44.85%   +11.68%   +33.17%   26.03%   0.639   68.2%    44     OK
唯特偶            301319     强势股         +334.02%  +423.20%   -89.18%   16.80%   2.000   88.2%    34     OK
声迅股份           003004     强势股          +99.33%  +119.77%   -20.44%   17.79%   1.266   82.4%    35     OK
华泰证券           601688     中低价主板股       +45.87%   +63.77%   -17.90%    9.05%   0.876   76.9%    26     OK
均胜电子           600699     中低价主板股       +23.93%   +40.07%   -16.14%   22.24%   0.338   68.4%    38     OK
天津普林           002134     中低价主板股       +28.66%  +105.38%   -76.71%   31.76%   0.350   81.2%    32     OK
皮阿诺            002853     中低价主板股       +50.90%    +6.90%   +44.00%   19.25%   0.735   66.7%    31     OK
和而泰            002402     中低价主板股       +47.68%   +14.37%   +33.31%   26.93%   0.514   61.9%    43     OK
洽洽食品           002557     中低价主板股      +129.80%   -49.06%  +178.86%   11.60%   1.473   79.3%    58     OK
联诚精密           002921     中低价主板股       +58.98%   +51.53%    +7.46%   24.32%   0.775   71.4%    29     OK
璞源材料           603196     中低价主板股       +34.53%  +139.18%  -104.65%   18.16%   0.492   62.5%    33     OK
普洛药业           000739     中低价主板股       +73.05%    -2.42%   +75.47%   14.89%   1.006   88.9%    36     OK
鸿路钢构           002541     中低价主板股      +139.81%   -42.17%  +181.98%    8.92%   1.391   69.6%    46     OK
托伦斯            301583     高换手率股            N/A       N/A       N/A      N/A     N/A     N/A   N/A     跳过
长缆科技           002879     高换手率股        +97.93%   +30.93%   +66.99%   21.16%   1.089   78.3%    46     OK
长鹰硬科           920238     高换手率股            N/A       N/A       N/A      N/A     N/A     N/A   N/A     跳过
益坤电气           920222     高换手率股            N/A       N/A       N/A      N/A     N/A     N/A   N/A     跳过
爱朋医疗           300753     高换手率股       +121.74%   +77.53%   +44.21%   39.38%   0.895   69.6%    47     OK
陇神戎发           300534     高换手率股        +18.70%   +56.93%   -38.23%   14.83%   0.265   66.7%    30     OK
通源石油           300164     高换手率股       +134.58%  +139.19%    -4.61%   11.61%   1.113   95.5%    44     OK
龙鑫智能           920117     高换手率股            N/A       N/A       N/A      N/A     N/A     N/A   N/A     跳过
红板科技           603459     高换手率股         +0.00%   +56.27%   -56.27%    0.00%   0.000    0.0%     0     OK
海科新源           301292     高换手率股       +149.06%  +112.36%   +36.70%    4.10%   1.509   80.0%    30     OK
维维股份           600300     小盘股          +90.63%   +11.91%   +78.71%   14.94%   1.052   83.3%    36     OK
仙乐健康           300791     小盘股          +41.03%   -17.90%   +58.93%   24.85%   0.445   71.4%    56     OK
泉阳泉            600189     小盘股         +116.61%   +14.99%  +101.62%   21.58%   1.317   86.4%    44     OK
方正电机           002196     小盘股          +13.48%   +41.33%   -27.84%   22.51%   0.143   75.0%    32     OK
宝鹰股份           002047     小盘股         +102.00%   -17.22%  +119.22%   28.25%   0.886   55.0%    40     OK
勤上股份           002638     小盘股         +157.23%   +35.55%  +121.68%   15.83%   1.334   70.6%    34     OK
峨眉山A           000888     小盘股          +31.10%    +9.87%   +21.23%   18.74%   0.413   66.7%    48     OK
康辰药业           603590     小盘股          +58.42%   -10.97%   +69.38%   17.55%   0.754   77.8%    36     OK
昂利康            002940     小盘股          +55.53%   +20.55%   +34.98%   32.94%   0.553   59.1%    45     OK
三鑫医疗           300453     小盘股          +47.85%   +31.67%   +16.17%   11.50%   0.912   80.0%    30     OK
凯撒文化           002425     破净股         +165.64%   -58.29%  +223.93%   12.79%   1.552   73.9%    47     OK
山西证券           002500     破净股          +25.74%    -4.04%   +29.78%   13.86%   0.446   75.0%    48     OK
天壕能源           300332     破净股          +73.36%   -61.79%  +135.15%   17.80%   0.823   69.7%    66     OK
中远海控           601919     破净股          +64.87%  +147.42%   -82.55%   15.08%   1.059   65.0%    40     OK
苏利股份           603585     破净股          +91.39%   -21.43%  +112.82%   19.91%   0.996   68.8%    32     OK
皖能电力           000543     破净股         +134.48%   +85.34%   +49.14%   13.29%   1.363   80.0%    40     OK
蓝焰控股           000968     破净股          +43.08%   -13.55%   +56.63%   20.17%   0.506   69.6%    46     OK
四方新材           605122     破净股           +9.43%   -34.12%   +43.56%   18.04%   0.051   64.7%    35     OK
大众交通           600611     破净股         +124.24%   +40.07%   +84.17%   24.10%   1.043   69.6%    46     OK
首创环保           600008     破净股          +14.90%   +14.92%    -0.02%    9.44%   0.209   81.2%    32     OK
荣晟环保           603165     高股息股        +103.42%    +3.98%   +99.44%   23.38%   1.182   73.7%    39     OK
汇洁股份           002763     高股息股         +19.60%   +31.97%   -12.36%   34.85%   0.240   75.0%    24     OK
达仁堂            600329     高股息股         +65.19%   +18.04%   +47.15%   10.41%   0.971   75.0%    24     OK
渤海轮渡           603167     高股息股        +161.49%   +81.99%   +79.50%   13.73%   1.596   87.5%    48     OK
思维列控           603508     高股息股         +88.67%  +100.00%   -11.33%   22.33%   0.883   65.0%    41     OK
华邦健康           002004     高股息股         +20.77%   -10.48%   +31.26%   15.86%   0.289   66.7%    42     OK
九强生物           300406     高股息股          -0.45%   -40.67%   +40.22%   25.75%  -0.071   61.5%    52     OK
立霸股份           603519     高股息股         +52.43%   +65.84%   -13.41%   16.75%   0.675   63.6%    45     OK
南山铝业           600219     高股息股         +75.22%   +66.92%    +8.30%    7.32%   1.113   76.5%    34     OK
君正集团           601216     高股息股         +80.44%   +39.09%   +41.35%   12.96%   1.122   65.0%    40     OK
特锐德            300001     创业板股         +68.16%   +93.68%   -25.52%   19.81%   0.825   65.0%    40     OK
神州泰岳           300002     创业板股        +216.82%   -26.60%  +243.43%   29.20%   1.411   80.6%    62     OK
乐普医疗           300003     创业板股         +27.85%   -43.86%   +71.71%   30.33%   0.324   64.0%    51     OK
南风股份           300004     创业板股          +7.42%   +38.17%   -30.75%   30.01%   0.058   71.4%    28     OK
探路者            300005     创业板股          +4.98%   +15.71%   -10.73%   53.99%   0.073   73.3%    31     OK
莱美药业           300006     创业板股         +42.74%   +30.10%   +12.64%   15.14%   0.562   64.3%    29     OK
汉威科技           300007     创业板股        +227.66%   +77.67%  +149.99%   18.99%   1.473   71.4%    42     OK
天海防务           300008     创业板股        +112.25%   +35.27%   +76.98%   14.85%   1.098   66.7%    31     OK
安科生物           300009     创业板股         +29.60%   -25.94%   +55.54%   17.35%   0.527   73.9%    46     OK
鼎汉技术           300011     创业板股         +85.04%    -7.64%   +92.68%   23.59%   1.015   70.4%    54     OK
重庆啤酒           600132     超跌股         +152.82%   -61.04%  +213.86%   15.40%   1.552   74.4%    78     OK
艾芬达            301575     超跌股           +7.91%   -51.52%   +59.43%    3.63%   0.828   75.0%     8     OK
水晶光电           002273     超跌股          +48.71%  +106.79%   -58.08%   13.65%   0.611   58.8%    34     OK
嘉益股份           301004     超跌股         +176.15%  +104.92%   +71.23%   19.40%   1.215   72.4%    58     OK
中寰股份           920260     超跌股         +135.36%   +70.80%   +64.55%   18.94%   1.058   72.0%    51     OK
巨星农牧           603477     超跌股          +45.54%   -54.86%  +100.39%   37.75%   0.497   58.6%    59     OK
新巨丰            301296     超跌股         +121.13%   -61.01%  +182.14%   21.25%   1.192   84.8%    66     OK
奕帆传动           301023     超跌股         +135.45%   +23.08%  +112.37%   21.84%   1.204   83.3%    36     OK
润都股份           002923     超跌股          +11.52%   -20.23%   +31.74%   22.92%   0.094   53.3%    31     OK
五芳斋            603237     超跌股          +98.48%   -41.96%  +140.44%   14.52%   1.190   70.4%    54     OK
建设银行           601939     超大盘股         +58.65%  +137.36%   -78.71%    7.49%   1.352   72.2%    36     OK
中国石油           601857     超大盘股         +33.10%  +124.49%   -91.39%    7.54%   0.739   64.7%    34     OK
宁德时代           300750     超大盘股         +28.32%   +94.15%   -65.84%   19.23%   0.511   75.0%    32     OK
中国银行           601988     超大盘股         +44.83%  +143.37%   -98.54%    9.63%   1.221   78.6%    28     OK
贵州茅台           600519     超大盘股         +95.96%   -17.23%  +113.19%   11.24%   1.221   67.6%    68     OK
中国移动           600941     超大盘股         +18.74%   +17.67%    +1.07%   10.29%   0.337   55.0%    40     OK
工业富联           601138     超大盘股        +198.94%  +281.91%   -82.97%    9.19%   1.562   90.5%    42     OK
中际旭创           300308     超大盘股        +435.23% +1871.90% -1436.67%   15.48%   1.973   85.0%    40     OK
中国人寿           601628     超大盘股         +68.56%   +27.43%   +41.13%   10.87%   1.115   65.0%    40     OK
招商银行           600036     超大盘股         +54.45%   +48.70%    +5.75%    7.43%   1.100   63.2%    38     OK
福达合金           603045     中价股           -4.36%  +263.75%  -268.11%   33.29%  -0.166   63.6%    22     OK
润建股份           002929     中价股          +77.45%   +23.51%   +53.94%   20.98%   0.793   76.2%    43     OK
和顺科技           301237     中价股          +74.93%   +64.74%   +10.19%   14.23%   0.812   75.0%    32     OK
万朗磁塑           603150     中价股         +156.28%   +84.17%   +72.11%   11.34%   1.545   75.0%    33     OK
本川智能           300964     中价股          +29.65%   +49.02%   -19.37%   37.28%   0.334   66.7%    30     OK
华塑科技           301157     中价股          +19.07%   -25.47%   +44.54%   20.96%   0.233   57.1%    29     OK
泰坦股份           003036     中价股           -4.20%  +289.79%  -293.99%   39.23%  -0.129   78.6%    28     OK
赣锋锂业           002460     中价股          +89.66%   -22.76%  +112.42%   12.04%   1.118   68.2%    44     OK
豪迈科技           002595     中价股           +1.89%  +167.78%  -165.89%   15.94%  -0.154   47.6%    42     OK
铜牛信息           300895     中价股         +117.63%   +29.49%   +88.14%   25.12%   0.861   84.6%    27     OK
北方华创           002371     高价股          +69.18%  +236.90%  -167.72%    4.78%   1.117   76.5%    34     OK
大普微            301666     高价股              N/A       N/A       N/A      N/A     N/A     N/A   N/A     跳过
新易盛            300502     高价股         +304.53% +1596.93% -1292.41%   24.88%   1.672   94.4%    37     OK
罗博特科           300757     高价股         +341.89% +1070.89%  -729.00%   13.45%   1.610   72.0%    50     OK
兆易创新           603986     高价股          +45.11%  +202.46%  -157.35%   14.43%   0.628   57.1%    28     OK
鼎泰高科           301377     高价股          +91.65% +1729.76% -1638.11%   10.14%   0.982   81.8%    22     OK
德明利            001309     高价股         +143.06%  +976.85%  -833.79%   13.46%   1.356   78.6%    28     OK
吉比特            603444     高价股          +31.04%   -29.20%   +60.24%   12.43%   0.510   75.0%    32     OK
江波龙            301308     高价股          +54.54%  +241.30%  -186.77%   21.19%   0.697   71.4%    29     OK
深南电路           002916     高价股         +123.52%  +387.73%  -264.22%   26.60%   1.180   75.0%    24     OK
力聚热能           603391     次新股           -5.22%    -7.52%    +2.30%   17.33%  -0.371   42.9%    15     OK
博实结            301608     次新股          +53.12%   -31.47%   +84.59%   11.02%   0.989   71.4%    28     OK
巍华新材           603310     次新股          +13.74%   -36.84%   +50.59%   23.69%   0.305   84.6%    26     OK
珂玛科技           301611     次新股          +67.91%  +156.54%   -88.63%   11.85%   1.273   88.9%    19     OK
国科天成           301571     次新股          +51.76%   +80.45%   -28.69%   17.99%   0.984   60.0%    20     OK
太湖远大           920118     次新股          -13.03%    -7.83%    -5.19%   32.88%  -0.253   40.0%    30     OK
小方制药           603207     次新股           -0.35%   -29.12%   +28.78%   13.76%  -0.204   57.1%    29     OK
佳力奇            301586     次新股           -8.77%   -52.70%   +43.93%   19.37%  -0.299   57.1%    28     OK
成电光信           920008     次新股          +40.24%    -6.94%   +47.18%   20.25%   0.642   70.6%    34     OK
速达股份           001277     次新股           -5.66%   -38.79%   +33.13%   19.43%  -0.361   77.8%    18     OK

==================================================================================================================================
  分组汇总
==================================================================================================================================
分组           查询语句                            有效数       平均策略收益       平均买入持有       平均超额      平均回撤      平均夏普      平均胜率    总交易     跑赢大盘
----------------------------------------------------------------------------------------------------------------------------------
活跃大盘股        今日成交量大于20万手                      10      +42.52%      +95.29%    -52.77%    13.91%     0.676     74.0%    305 2/10
中盘价值股        总市值50-200亿 市盈率20-40              10     +103.98%      -14.15%   +118.13%    16.49%     0.826     64.4%    429 7/10
强势股          近60日涨幅超过30%                       9     +169.47%     +307.54%   -138.07%    19.52%     1.168     71.1%    301 2/ 9
中低价主板股       股价5-20元 主板                       10      +63.32%      +32.75%    +30.57%    18.71%     0.795     72.7%    372 6/10
高换手率股        周换手率超过20%                         6      +87.00%      +78.87%     +8.13%    15.18%     0.812     65.0%    197 3/ 6
小盘股          总市值小于50亿                         10      +71.39%      +11.98%    +59.41%    20.87%     0.781     72.5%    401 9/10
破净股          市净率小于1                           10      +74.71%       +9.45%    +65.26%    16.45%     0.805     71.7%    432 8/10
高股息股         股息率大于3%                          10      +66.68%      +35.67%    +31.01%    18.34%     0.800     70.9%    389 7/10
创业板股         创业板                              10      +82.25%      +18.66%    +63.60%    25.33%     0.736     70.1%    414 7/10
超跌股          近60日跌幅超过20%                      10      +93.31%       +1.50%    +91.81%    18.93%     0.944     70.3%    475 9/10
超大盘股         总市值大于1000亿                       10     +103.68%     +272.98%   -169.30%    10.84%     1.113     71.7%    398 4/10
中价股          股价20-50元                         10      +55.80%      +92.40%    -36.60%    23.04%     0.525     69.3%    330 6/10
高价股          股价大于50元                           9     +133.84%     +712.63%   -578.79%    15.71%     1.083     75.8%    284 1/ 9
次新股          上市时间小于2年                         10      +19.37%       +2.58%    +16.80%    18.76%     0.270     65.0%    247 7/10

==================================================================================================================================
  ★ 全局汇总 ★
==================================================================================================================================
  总标的数:     140
  有效标的:     134 (错误 0, 跳过 6)
  策略正收益:   123/134 (91.8%)
  跑赢买入持有: 78/134 (58.2%)

  平均策略收益率:   +82.25%
  平均买入持有收益: +113.77%
  平均超额收益:     -31.52%
  平均最大回撤:     18.09%
  平均夏普比率:     0.805
  平均胜率:         70.4%
  总交易笔数:       4974
  平均交易笔数:     37.1

  --- 策略收益率分布 ---
    -30% ~ -10%      2 ##
    -10% ~ 0%        7 #######
    0% ~ 10%         9 #########
    10% ~ 30%       19 ###################
    30% ~ 50%       21 #####################
    50% ~ 80%       27 ###########################
    > 80%           49 #################################################

  --- 超额收益分布 ---
    < -30%          37 #####################################
    -30% ~ -10%     13 #############
    -10% ~ 0%        6 ######
    0% ~ 10%         6 ######
    10% ~ 30%        8 ########
    30% ~ 50%       19 ###################
    > 50%           45 #############################################

==================================================================================================================================
  验证完成
==================================================================================================================================
