==================================================================================================================================
  缠论三类买点策略 -- 问财随机选股交叉验证
  问财查询组: 14 组 | 每组取前 10 只
  K线: 800 根 | 资金: 1,000,000 元 | 预热: 60 根
  策略参数: max_hold_days=20, use_chanlun_sell=True (优化后最优)
==================================================================================================================================

>> Step 1: 问财随机选股 (14 组查询)

  [活跃大盘股] 查询: 今日成交量大于20万手 非ST 非科创板
    获取 10 只 (去重后总计 10 只)

  [中盘价值股] 查询: 总市值50-200亿 市盈率20-40 非ST 非科创板
    获取 10 只 (去重后总计 20 只)

  [强势股] 查询: 近60日涨幅超过30% 非ST 非科创板
    获取 10 只 (去重后总计 30 只)

  [中低价主板股] 查询: 股价5-20元 主板 非ST
    获取 10 只 (去重后总计 40 只)

  [高换手率股] 查询: 周换手率超过20% 非ST 非科创板
    获取 10 只 (去重后总计 50 只)

  [小盘股] 查询: 总市值小于50亿 非ST 非科创板
    获取 10 只 (去重后总计 60 只)

  [破净股] 查询: 市净率小于1 非ST 非科创板
    获取 10 只 (去重后总计 70 只)

  [高股息股] 查询: 股息率大于3% 非ST 非科创板
    获取 10 只 (去重后总计 80 只)

  [创业板股] 查询: 创业板 非ST
    获取 10 只 (去重后总计 90 只)

  [超跌股] 查询: 近60日跌幅超过20% 非ST 非科创板
    获取 10 只 (去重后总计 100 只)

  [超大盘股] 查询: 总市值大于1000亿 非ST 非科创板
    获取 10 只 (去重后总计 110 只)

  [中价股] 查询: 股价20-50元 非ST 非科创板
    获取 10 只 (去重后总计 120 只)

  [高价股] 查询: 股价大于50元 非ST 非科创板
    获取 10 只 (去重后总计 130 只)

  [次新股] 查询: 上市时间小于2年 非ST 非科创板
    获取 10 只 (去重后总计 140 只)

  问财选股完成: 140 只 (耗时 11.2s)

>> Step 2: 逐个回测 (140 只)
  [1/140] 京东方A(000725.SZ) [活跃大盘股] ... 策略= +30.46% 基准= +35.17% 超额=  -4.70% 交易=36笔
  [2/140] 东方新能(002310.SZ) [活跃大盘股] ... 策略= +48.10% 基准= +31.19% 超额= +16.91% 交易=28笔
  [3/140] 哈药股份(600664.SH) [活跃大盘股] ... 策略= +42.11% 基准= +80.97% 超额= -38.86% 交易=38笔
  [4/140] 太极实业(600667.SH) [活跃大盘股] ... 策略= +80.49% 基准=+156.08% 超额= -75.59% 交易=27笔
  [5/140] 工商银行(601398.SH) [活跃大盘股] ... 策略= +31.65% 基准=+137.35% 超额=-105.70% 交易=20笔
  [6/140] 农业银行(601288.SH) [活跃大盘股] ... 策略= +21.98% 基准=+208.52% 超额=-186.54% 交易=32笔
  [7/140] TCL科技(000100.SZ) [活跃大盘股] ... 策略= +73.37% 基准= +26.67% 超额= +46.70% 交易=34笔
  [8/140] 华天科技(002185.SZ) [活跃大盘股] ... 策略= +31.13% 基准= +76.85% 超额= -45.72% 交易=37笔
  [9/140] 大唐发电(601991.SH) [活跃大盘股] ... 策略= +14.58% 基准=+112.94% 超额= -98.36% 交易=24笔
  [10/140] 华润新能源(001248.SZ) [活跃大盘股] ... SKIP (K线不足 (19 根))
  [11/140] 德力佳(603092.SH) [中盘价值股] ... 策略=  +0.00% 基准= -29.43% 超额= +29.43% 交易=0笔
  [12/140] 润丰股份(301035.SZ) [中盘价值股] ... 策略=  +7.11% 基准=  +8.57% 超额=  -1.45% 交易=38笔
  [13/140] 移远通信(603236.SH) [中盘价值股] ... 策略= +30.07% 基准= -22.59% 超额= +52.67% 交易=31笔
  [14/140] 白云机场(600004.SH) [中盘价值股] ... 策略=+106.36% 基准= -51.16% 超额=+157.52% 交易=70笔
  [15/140] 欧派家居(603833.SH) [中盘价值股] ... 策略=+334.43% 基准= -73.76% 超额=+408.19% 交易=76笔
  [16/140] 尚太科技(001301.SZ) [中盘价值股] ... 策略= -23.98% 基准=  +5.17% 超额= -29.14% 交易=24笔
  [17/140] 飞凯材料(300398.SZ) [中盘价值股] ... 策略=+170.13% 基准= +63.02% 超额=+107.11% 交易=28笔
  [18/140] 内蒙一机(600967.SH) [中盘价值股] ... 策略=  +1.39% 基准= +23.87% 超额= -22.48% 交易=42笔
  [19/140] 天海电子(001365.SZ) [中盘价值股] ... SKIP (K线不足 (51 根))
  [20/140] 平煤股份(601666.SH) [中盘价值股] ... 策略=+346.45% 基准=  +3.83% 超额=+342.62% 交易=54笔
  [21/140] 百合花(603823.SH) [强势股] ... 策略= +52.64% 基准=+404.84% 超额=-352.20% 交易=28笔
  [22/140] 戈碧迦(920438.BJ) [强势股] ... 策略= +79.19% 基准=+448.51% 超额=-369.31% 交易=15笔
  [23/140] 艾艾精工(603580.SH) [强势股] ... 策略= +59.78% 基准=+246.51% 超额=-186.73% 交易=36笔
  [24/140] 惠丰钻石(920725.BJ) [强势股] ... 策略= +95.86% 基准=+355.28% 超额=-259.42% 交易=38笔
  [25/140] 维琪科技(920176.BJ) [强势股] ... SKIP (K线不足 (2 根))
  [26/140] 海达尔(920699.BJ) [强势股] ... 策略=+596.99% 基准=+579.52% 超额= +17.47% 交易=34笔
  [27/140] 雅克科技(002409.SZ) [强势股] ... 策略=+164.38% 基准=+171.27% 超额=  -6.89% 交易=37笔
  [28/140] 万邦医药(301520.SZ) [强势股] ... 策略= +44.85% 基准= +14.82% 超额= +30.03% 交易=44笔
  [29/140] 唯特偶(301319.SZ) [强势股] ... 策略=+334.02% 基准=+425.48% 超额= -91.46% 交易=34笔
  [30/140] 声迅股份(003004.SZ) [强势股] ... 策略= +98.97% 基准=+119.37% 超额= -20.40% 交易=35笔
  [31/140] 北化股份(002246.SZ) [中低价主板股] ... 策略= +36.73% 基准=+108.12% 超额= -71.39% 交易=30笔
  [32/140] 华泰证券(601688.SH) [中低价主板股] ... 策略= +45.87% 基准= +63.61% 超额= -17.74% 交易=26笔
  [33/140] 重百集团(600729.SH) [中低价主板股] ... 策略= +36.59% 基准= -14.40% 超额= +50.98% 交易=64笔
  [34/140] 天津普林(002134.SZ) [中低价主板股] ... 策略= +28.66% 基准=+105.89% 超额= -77.23% 交易=32笔
  [35/140] 璞源材料(603196.SH) [中低价主板股] ... 策略= +35.27% 基准=+140.51% 超额=-105.23% 交易=33笔
  [36/140] 均胜电子(600699.SH) [中低价主板股] ... 策略= +23.93% 基准= +39.86% 超额= -15.93% 交易=38笔
  [37/140] 和而泰(002402.SZ) [中低价主板股] ... 策略= +47.90% 基准= +14.54% 超额= +33.36% 交易=43笔
  [38/140] 皮阿诺(002853.SZ) [中低价主板股] ... 策略= +50.82% 基准=  +6.85% 超额= +43.97% 交易=31笔
  [39/140] 普洛药业(000739.SZ) [中低价主板股] ... 策略= +73.05% 基准=  -2.42% 超额= +75.47% 交易=36笔
  [40/140] 洽洽食品(002557.SZ) [中低价主板股] ... 策略=+129.80% 基准= -49.14% 超额=+178.94% 交易=58笔
  [41/140] 托伦斯(301583.SZ) [高换手率股] ... SKIP (K线不足 (13 根))
  [42/140] 长缆科技(002879.SZ) [高换手率股] ... 策略= +97.93% 基准= +30.20% 超额= +67.73% 交易=46笔
  [43/140] 长鹰硬科(920238.BJ) [高换手率股] ... SKIP (K线不足 (3 根))
  [44/140] 益坤电气(920222.BJ) [高换手率股] ... SKIP (K线不足 (21 根))
  [45/140] 爱朋医疗(300753.SZ) [高换手率股] ... 策略=+124.01% 基准= +79.34% 超额= +44.66% 交易=47笔
  [46/140] 陇神戎发(300534.SZ) [高换手率股] ... 策略= +18.70% 基准= +58.22% 超额= -39.52% 交易=30笔
  [47/140] 通源石油(300164.SZ) [高换手率股] ... 策略=+134.58% 基准=+138.72% 超额=  -4.14% 交易=44笔
  [48/140] 龙鑫智能(920117.BJ) [高换手率股] ... SKIP (K线不足 (9 根))
  [49/140] 红板科技(603459.SH) [高换手率股] ... 策略=  +0.00% 基准= +56.31% 超额= -56.31% 交易=0笔
  [50/140] 海科新源(301292.SZ) [高换手率股] ... 策略=+149.06% 基准=+112.56% 超额= +36.50% 交易=30笔
  [51/140] 维维股份(600300.SH) [小盘股] ... 策略= +90.63% 基准= +11.91% 超额= +78.71% 交易=36笔
  [52/140] 仙乐健康(300791.SZ) [小盘股] ... 策略= +41.03% 基准= -18.05% 超额= +59.08% 交易=56笔
  [53/140] 泉阳泉(600189.SH) [小盘股] ... 策略=+116.61% 基准= +14.66% 超额=+101.94% 交易=44笔
  [54/140] 方正电机(002196.SZ) [小盘股] ... 策略= +13.48% 基准= +41.47% 超额= -27.98% 交易=32笔
  [55/140] 宝鹰股份(002047.SZ) [小盘股] ... 策略=+102.00% 基准= -17.22% 超额=+119.22% 交易=40笔
  [56/140] 勤上股份(002638.SZ) [小盘股] ... 策略=+157.23% 基准= +35.55% 超额=+121.68% 交易=34笔
  [57/140] 峨眉山A(000888.SZ) [小盘股] ... 策略= +31.10% 基准=  +9.87% 超额= +21.23% 交易=48笔
  [58/140] 康辰药业(603590.SH) [小盘股] ... 策略= +58.42% 基准= -10.94% 超额= +69.35% 交易=36笔
  [59/140] 昂利康(002940.SZ) [小盘股] ... 策略= +55.91% 基准= +20.85% 超额= +35.06% 交易=45笔
  [60/140] 三鑫医疗(300453.SZ) [小盘股] ... 策略= +47.85% 基准= +31.81% 超额= +16.03% 交易=30笔
  [61/140] 湖南投资(000548.SZ) [破净股] ... 策略=  +5.68% 基准=  -6.74% 超额= +12.42% 交易=36笔
  [62/140] 山西证券(002500.SZ) [破净股] ... 策略= +25.74% 基准=  -4.23% 超额= +29.97% 交易=48笔
  [63/140] 永臻股份(603381.SH) [破净股] ... 策略= -20.25% 基准= -58.45% 超额= +38.19% 交易=14笔
  [64/140] 中远海控(601919.SH) [破净股] ... 策略= +64.87% 基准=+147.26% 超额= -82.39% 交易=40笔
  [65/140] 苏利股份(603585.SH) [破净股] ... 策略= +91.39% 基准= -21.35% 超额=+112.74% 交易=32笔
  [66/140] 武进不锈(603878.SH) [破净股] ... 策略=+110.27% 基准= -39.42% 超额=+149.69% 交易=46笔
  [67/140] 中集车辆(301039.SZ) [破净股] ... 策略=+102.45% 基准= -15.45% 超额=+117.90% 交易=66笔
  [68/140] 南山铝业(600219.SH) [破净股] ... 策略= +75.22% 基准= +66.17% 超额=  +9.05% 交易=34笔
  [69/140] 皖能电力(000543.SZ) [破净股] ... 策略=+134.48% 基准= +85.10% 超额= +49.38% 交易=40笔
  [70/140] 招商公路(001965.SZ) [破净股] ... 策略= +53.77% 基准= +38.06% 超额= +15.71% 交易=48笔
  [71/140] 荣晟环保(603165.SH) [高股息股] ... 策略=+103.42% 基准=  +3.98% 超额= +99.44% 交易=39笔
  [72/140] 汇洁股份(002763.SZ) [高股息股] ... 策略= +19.60% 基准= +32.16% 超额= -12.56% 交易=24笔
  [73/140] 达仁堂(600329.SH) [高股息股] ... 策略= +65.19% 基准= +17.81% 超额= +47.38% 交易=24笔
  [74/140] 渤海轮渡(603167.SH) [高股息股] ... 策略=+161.49% 基准= +81.99% 超额= +79.50% 交易=48笔
  [75/140] 思维列控(603508.SH) [高股息股] ... 策略= +88.58% 基准= +99.91% 超额= -11.33% 交易=41笔
  [76/140] 华邦健康(002004.SZ) [高股息股] ... 策略= +20.77% 基准= -10.48% 超额= +31.26% 交易=42笔
  [77/140] 九强生物(300406.SZ) [高股息股] ... 策略=  -0.45% 基准= -40.77% 超额= +40.33% 交易=52笔
  [78/140] 立霸股份(603519.SH) [高股息股] ... 策略= +53.19% 基准= +66.67% 超额= -13.48% 交易=45笔
  [79/140] 君正集团(601216.SH) [高股息股] ... 策略= +80.44% 基准= +39.09% 超额= +41.35% 交易=40笔
  [80/140] 义翘神州(301047.SZ) [高股息股] ... 策略= +38.60% 基准= -31.05% 超额= +69.65% 交易=38笔
  [81/140] 特锐德(300001.SZ) [创业板股] ... 策略= +68.16% 基准= +93.11% 超额= -24.94% 交易=40笔
  [82/140] 神州泰岳(300002.SZ) [创业板股] ... 策略=+216.82% 基准= -26.60% 超额=+243.43% 交易=62笔
  [83/140] 乐普医疗(300003.SZ) [创业板股] ... 策略= +27.46% 基准= -44.03% 超额= +71.49% 交易=51笔
  [84/140] 南风股份(300004.SZ) [创业板股] ... 策略=  +7.42% 基准= +37.99% 超额= -30.57% 交易=28笔
  [85/140] 探路者(300005.SZ) [创业板股] ... 策略=  +4.98% 基准= +15.71% 超额= -10.73% 交易=31笔
  [86/140] 莱美药业(300006.SZ) [创业板股] ... 策略= +42.46% 基准= +29.85% 超额= +12.62% 交易=29笔
  [87/140] 汉威科技(300007.SZ) [创业板股] ... 策略=+227.66% 基准= +77.45% 超额=+150.21% 交易=42笔
  [88/140] 天海防务(300008.SZ) [创业板股] ... 策略=+111.90% 基准= +35.04% 超额= +76.85% 交易=31笔
  [89/140] 安科生物(300009.SZ) [创业板股] ... 策略= +29.60% 基准= -26.12% 超额= +55.72% 交易=46笔
  [90/140] 鼎汉技术(300011.SZ) [创业板股] ... 策略= +85.04% 基准=  -7.32% 超额= +92.36% 交易=54笔
  [91/140] 新巨丰(301296.SZ) [超跌股] ... 策略=+121.13% 基准= -61.01% 超额=+182.14% 交易=66笔
  [92/140] 中颖电子(300327.SZ) [超跌股] ... 策略=+102.82% 基准= -49.03% 超额=+151.85% 交易=33笔
  [93/140] 派特尔(920871.BJ) [超跌股] ... 策略=+100.80% 基准=+174.11% 超额= -73.32% 交易=49笔
  [94/140] 马可波罗(001386.SZ) [超跌股] ... 策略=  -5.56% 基准= -52.24% 超额= +46.67% 交易=10笔
  [95/140] 南京港(002040.SZ) [超跌股] ... 策略=+180.18% 基准= +25.67% 超额=+154.51% 交易=38笔
  [96/140] 芭薇股份(920123.BJ) [超跌股] ... 策略= +19.19% 基准= -12.38% 超额= +31.58% 交易=35笔
  [97/140] 迈赫股份(301199.SZ) [超跌股] ... 策略= +32.18% 基准=  +1.81% 超额= +30.37% 交易=41笔
  [98/140] 京泉华(002885.SZ) [超跌股] ... 策略= +70.61% 基准=  +5.20% 超额= +65.41% 交易=34笔
  [99/140] 巨星农牧(603477.SH) [超跌股] ... 策略= +45.54% 基准= -54.86% 超额=+100.39% 交易=59笔
  [100/140] 春兰股份(600854.SH) [超跌股] ... 策略= +49.79% 基准=  +3.72% 超额= +46.06% 交易=37笔
  [101/140] 建设银行(601939.SH) [超大盘股] ... 策略= +58.65% 基准=+137.36% 超额= -78.71% 交易=36笔
  [102/140] 中国石油(601857.SH) [超大盘股] ... 策略= +33.10% 基准=+124.07% 超额= -90.98% 交易=34笔
  [103/140] 宁德时代(300750.SZ) [超大盘股] ... 策略= +28.32% 基准= +93.52% 超额= -65.21% 交易=32笔
  [104/140] 中国银行(601988.SH) [超大盘股] ... 策略= +44.83% 基准=+142.97% 超额= -98.14% 交易=28笔
  [105/140] 贵州茅台(600519.SH) [超大盘股] ... 策略= +95.96% 基准= -17.35% 超额=+113.31% 交易=68笔
  [106/140] 中国移动(600941.SH) [超大盘股] ... 策略= +18.74% 基准= +17.63% 超额=  +1.11% 交易=40笔
  [107/140] 工业富联(601138.SH) [超大盘股] ... 策略=+198.94% 基准=+282.30% 超额= -83.36% 交易=42笔
  [108/140] 中际旭创(300308.SZ) [超大盘股] ... 策略=+435.23% 基准=+1874.43% 超额=-1439.21% 交易=40笔
  [109/140] 中国人寿(601628.SH) [超大盘股] ... 策略= +68.56% 基准= +26.93% 超额= +41.64% 交易=40笔
  [110/140] 招商银行(600036.SH) [超大盘股] ... 策略= +54.45% 基准= +48.74% 超额=  +5.71% 交易=38笔
  [111/140] 汇顶科技(603160.SH) [中价股] ... 策略= +52.08% 基准= -12.87% 超额= +64.95% 交易=56笔
  [112/140] 润建股份(002929.SZ) [中价股] ... 策略= +78.20% 基准= +24.03% 超额= +54.17% 交易=43笔
  [113/140] 福达合金(603045.SH) [中价股] ... 策略=  -4.36% 基准=+263.09% 超额=-267.45% 交易=22笔
  [114/140] 本川智能(300964.SZ) [中价股] ... 策略= +29.65% 基准= +48.72% 超额= -19.06% 交易=30笔
  [115/140] 万朗磁塑(603150.SH) [中价股] ... 策略=+156.12% 基准= +84.06% 超额= +72.06% 交易=33笔
  [116/140] 和顺科技(301237.SZ) [中价股] ... 策略= +74.93% 基准= +64.11% 超额= +10.82% 交易=32笔
  [117/140] 华塑科技(301157.SZ) [中价股] ... 策略= +18.97% 基准= -25.53% 超额= +44.50% 交易=29笔
  [118/140] 铜牛信息(300895.SZ) [中价股] ... 策略=+118.21% 基准= +29.84% 超额= +88.38% 交易=27笔
  [119/140] 赣锋锂业(002460.SZ) [中价股] ... 策略= +89.66% 基准= -22.72% 超额=+112.37% 交易=44笔
  [120/140] 豪迈科技(002595.SZ) [中价股] ... 策略=  +1.89% 基准=+167.51% 超额=-165.61% 交易=42笔
  [121/140] 北方华创(002371.SZ) [高价股] ... 策略= +69.18% 基准=+236.80% 超额=-167.61% 交易=34笔
  [122/140] 大普微(301666.SZ) [高价股] ... SKIP (K线不足 (67 根))
  [123/140] 新易盛(300502.SZ) [高价股] ... 策略=+303.01% 基准=+1590.53% 超额=-1287.51% 交易=37笔
  [124/140] 罗博特科(300757.SZ) [高价股] ... 策略=+341.89% 基准=+1071.23% 超额=-729.34% 交易=50笔
  [125/140] 兆易创新(603986.SH) [高价股] ... 策略= +45.11% 基准=+202.46% 超额=-157.35% 交易=28笔
  [126/140] 鼎泰高科(301377.SZ) [高价股] ... 策略= +91.65% 基准=+1729.42% 超额=-1637.77% 交易=22笔
  [127/140] 德明利(001309.SZ) [高价股] ... 策略=+143.06% 基准=+971.45% 超额=-828.38% 交易=28笔
  [128/140] 吉比特(603444.SH) [高价股] ... 策略= +31.04% 基准= -29.42% 超额= +60.46% 交易=32笔
  [129/140] 江波龙(301308.SZ) [高价股] ... 策略= +54.27% 基准=+240.72% 超额=-186.44% 交易=29笔
  [130/140] 深南电路(002916.SZ) [高价股] ... 策略=+123.52% 基准=+387.73% 超额=-264.22% 交易=24笔
  [131/140] 力聚热能(603391.SH) [次新股] ... 策略=  -4.80% 基准=  -7.11% 超额=  +2.31% 交易=15笔
  [132/140] 博实结(301608.SZ) [次新股] ... 策略= +53.12% 基准= -31.42% 超额= +84.54% 交易=28笔
  [133/140] 巍华新材(603310.SH) [次新股] ... 策略= +13.74% 基准= -36.89% 超额= +50.63% 交易=26笔
  [134/140] 珂玛科技(301611.SZ) [次新股] ... 策略= +67.77% 基准=+156.32% 超额= -88.56% 交易=19笔
  [135/140] 国科天成(301571.SZ) [次新股] ... 策略= +51.76% 基准= +81.24% 超额= -29.48% 交易=20笔
  [136/140] 太湖远大(920118.BJ) [次新股] ... 策略= -13.03% 基准=  -8.25% 超额=  -4.78% 交易=30笔
  [137/140] 小方制药(603207.SH) [次新股] ... 策略=  -0.44% 基准= -29.19% 超额= +28.75% 交易=29笔
  [138/140] 佳力奇(301586.SZ) [次新股] ... 策略=  -8.77% 基准= -52.86% 超额= +44.09% 交易=28笔
  [139/140] 成电光信(920008.BJ) [次新股] ... 策略= +40.24% 基准=  -6.94% 超额= +47.18% 交易=34笔
  [140/140] 速达股份(001277.SZ) [次新股] ... 策略=  -5.66% 基准= -38.74% 超额= +33.08% 交易=18笔

  回测完成 (耗时 24.4s)

>> Step 3: 汇总分析

==================================================================================================================================
  逐股明细
==================================================================================================================================
股票             代码         分组              策略收益      买入持有      超额收益     最大回撤      夏普      胜率    交易     状态
----------------------------------------------------------------------------------------------------------------------------------
京东方A           000725     活跃大盘股        +30.46%   +35.17%    -4.70%   12.94%   0.541   77.8%    36     OK
东方新能           002310     活跃大盘股        +48.10%   +31.19%   +16.91%   18.52%   0.627   71.4%    28     OK
哈药股份           600664     活跃大盘股        +42.11%   +80.97%   -38.86%    9.08%   0.851   84.2%    38     OK
太极实业           600667     活跃大盘股        +80.49%  +156.08%   -75.59%   18.42%   0.979   53.8%    27     OK
工商银行           601398     活跃大盘股        +31.65%  +137.35%  -105.70%    4.61%   0.792   80.0%    20     OK
农业银行           601288     活跃大盘股        +21.98%  +208.52%  -186.54%   19.80%   0.402   68.8%    32     OK
TCL科技          000100     活跃大盘股        +73.37%   +26.67%   +46.70%   10.47%   1.135   82.4%    34     OK
华天科技           002185     活跃大盘股        +31.13%   +76.85%   -45.72%    9.46%   0.586   66.7%    37     OK
大唐发电           601991     活跃大盘股        +14.58%  +112.94%   -98.36%   13.83%   0.191   83.3%    24     OK
华润新能源          001248     活跃大盘股            N/A       N/A       N/A      N/A     N/A     N/A   N/A     跳过
德力佳            603092     中盘价值股         +0.00%   -29.43%   +29.43%    0.00%   0.000    0.0%     0     OK
润丰股份           301035     中盘价值股         +7.11%    +8.57%    -1.45%   25.86%   0.022   68.4%    38     OK
移远通信           603236     中盘价值股        +30.07%   -22.59%   +52.67%   12.27%   0.448   66.7%    31     OK
白云机场           600004     中盘价值股       +106.36%   -51.16%  +157.52%    7.37%   1.863   68.6%    70     OK
欧派家居           603833     中盘价值股       +334.43%   -73.76%  +408.19%   15.03%   1.851   73.7%    76     OK
尚太科技           001301     中盘价值股        -23.98%    +5.17%   -29.14%   29.03%  -0.582   58.3%    24     OK
飞凯材料           300398     中盘价值股       +170.13%   +63.02%  +107.11%   10.32%   1.536   92.9%    28     OK
内蒙一机           600967     中盘价值股         +1.39%   +23.87%   -22.48%   30.64%  -0.074   57.1%    42     OK
天海电子           001365     中盘价值股            N/A       N/A       N/A      N/A     N/A     N/A   N/A     跳过
平煤股份           601666     中盘价值股       +346.45%    +3.83%  +342.62%   14.32%   2.422   85.2%    54     OK
百合花            603823     强势股          +52.64%  +404.84%  -352.20%   11.35%   0.897   57.1%    28     OK
戈碧迦            920438     强势股          +79.19%  +448.51%  -369.31%   27.82%   0.962   71.4%    15     OK
艾艾精工           603580     强势股          +59.78%  +246.51%  -186.73%   29.68%   0.659   61.1%    36     OK
惠丰钻石           920725     强势股          +95.86%  +355.28%  -259.42%   15.05%   0.992   57.9%    38     OK
维琪科技           920176     强势股              N/A       N/A       N/A      N/A     N/A     N/A   N/A     跳过
海达尔            920699     强势股         +596.99%  +579.52%   +17.47%   21.93%   1.427   70.6%    34     OK
雅克科技           002409     强势股         +164.38%  +171.27%    -6.89%    9.25%   1.678   83.3%    37     OK
万邦医药           301520     强势股          +44.85%   +14.82%   +30.03%   26.03%   0.639   68.2%    44     OK
唯特偶            301319     强势股         +334.02%  +425.48%   -91.46%   16.80%   2.000   88.2%    34     OK
声迅股份           003004     强势股          +98.97%  +119.37%   -20.40%   17.79%   1.263   82.4%    35     OK
北化股份           002246     中低价主板股       +36.73%  +108.12%   -71.39%   29.69%   0.426   66.7%    30     OK
华泰证券           601688     中低价主板股       +45.87%   +63.61%   -17.74%    9.05%   0.876   76.9%    26     OK
重百集团           600729     中低价主板股       +36.59%   -14.40%   +50.98%   17.82%   0.435   68.8%    64     OK
天津普林           002134     中低价主板股       +28.66%  +105.89%   -77.23%   31.76%   0.350   81.2%    32     OK
璞源材料           603196     中低价主板股       +35.27%  +140.51%  -105.23%   18.16%   0.504   62.5%    33     OK
均胜电子           600699     中低价主板股       +23.93%   +39.86%   -15.93%   22.24%   0.338   68.4%    38     OK
和而泰            002402     中低价主板股       +47.90%   +14.54%   +33.36%   26.93%   0.517   61.9%    43     OK
皮阿诺            002853     中低价主板股       +50.82%    +6.85%   +43.97%   19.25%   0.734   66.7%    31     OK
普洛药业           000739     中低价主板股       +73.05%    -2.42%   +75.47%   14.89%   1.006   88.9%    36     OK
洽洽食品           002557     中低价主板股      +129.80%   -49.14%  +178.94%   11.60%   1.473   79.3%    58     OK
托伦斯            301583     高换手率股            N/A       N/A       N/A      N/A     N/A     N/A   N/A     跳过
长缆科技           002879     高换手率股        +97.93%   +30.20%   +67.73%   21.16%   1.089   78.3%    46     OK
长鹰硬科           920238     高换手率股            N/A       N/A       N/A      N/A     N/A     N/A   N/A     跳过
益坤电气           920222     高换手率股            N/A       N/A       N/A      N/A     N/A     N/A   N/A     跳过
爱朋医疗           300753     高换手率股       +124.01%   +79.34%   +44.66%   39.38%   0.901   69.6%    47     OK
陇神戎发           300534     高换手率股        +18.70%   +58.22%   -39.52%   14.83%   0.265   66.7%    30     OK
通源石油           300164     高换手率股       +134.58%  +138.72%    -4.14%   11.61%   1.113   95.5%    44     OK
龙鑫智能           920117     高换手率股            N/A       N/A       N/A      N/A     N/A     N/A   N/A     跳过
红板科技           603459     高换手率股         +0.00%   +56.31%   -56.31%    0.00%   0.000    0.0%     0     OK
海科新源           301292     高换手率股       +149.06%  +112.56%   +36.50%    4.10%   1.509   80.0%    30     OK
维维股份           600300     小盘股          +90.63%   +11.91%   +78.71%   14.94%   1.052   83.3%    36     OK
仙乐健康           300791     小盘股          +41.03%   -18.05%   +59.08%   24.85%   0.445   71.4%    56     OK
泉阳泉            600189     小盘股         +116.61%   +14.66%  +101.94%   21.58%   1.317   86.4%    44     OK
方正电机           002196     小盘股          +13.48%   +41.47%   -27.98%   22.51%   0.143   75.0%    32     OK
宝鹰股份           002047     小盘股         +102.00%   -17.22%  +119.22%   28.25%   0.886   55.0%    40     OK
勤上股份           002638     小盘股         +157.23%   +35.55%  +121.68%   15.83%   1.334   70.6%    34     OK
峨眉山A           000888     小盘股          +31.10%    +9.87%   +21.23%   18.74%   0.413   66.7%    48     OK
康辰药业           603590     小盘股          +58.42%   -10.94%   +69.35%   17.55%   0.754   77.8%    36     OK
昂利康            002940     小盘股          +55.91%   +20.85%   +35.06%   32.94%   0.556   59.1%    45     OK
三鑫医疗           300453     小盘股          +47.85%   +31.81%   +16.03%   11.50%   0.912   80.0%    30     OK
湖南投资           000548     破净股           +5.68%    -6.74%   +12.42%   20.33%  -0.016   61.1%    36     OK
山西证券           002500     破净股          +25.74%    -4.23%   +29.97%   13.86%   0.446   75.0%    48     OK
永臻股份           603381     破净股          -20.25%   -58.45%   +38.19%   29.47%  -0.812   42.9%    14     OK
中远海控           601919     破净股          +64.87%  +147.26%   -82.39%   15.08%   1.059   65.0%    40     OK
苏利股份           603585     破净股          +91.39%   -21.35%  +112.74%   19.91%   0.996   68.8%    32     OK
武进不锈           603878     破净股         +110.27%   -39.42%  +149.69%   25.20%   1.045   78.3%    46     OK
中集车辆           301039     破净股         +102.45%   -15.45%  +117.90%   22.44%   1.201   81.8%    66     OK
南山铝业           600219     破净股          +75.22%   +66.17%    +9.05%    7.32%   1.113   76.5%    34     OK
皖能电力           000543     破净股         +134.48%   +85.10%   +49.38%   13.29%   1.363   80.0%    40     OK
招商公路           001965     破净股          +53.77%   +38.06%   +15.71%    8.43%   1.161   79.2%    48     OK
荣晟环保           603165     高股息股        +103.42%    +3.98%   +99.44%   23.38%   1.182   73.7%    39     OK
汇洁股份           002763     高股息股         +19.60%   +32.16%   -12.56%   34.85%   0.240   75.0%    24     OK
达仁堂            600329     高股息股         +65.19%   +17.81%   +47.38%   10.41%   0.971   75.0%    24     OK
渤海轮渡           603167     高股息股        +161.49%   +81.99%   +79.50%   13.73%   1.596   87.5%    48     OK
思维列控           603508     高股息股         +88.58%   +99.91%   -11.33%   22.33%   0.882   65.0%    41     OK
华邦健康           002004     高股息股         +20.77%   -10.48%   +31.26%   15.86%   0.289   66.7%    42     OK
九强生物           300406     高股息股          -0.45%   -40.77%   +40.33%   25.75%  -0.071   61.5%    52     OK
立霸股份           603519     高股息股         +53.19%   +66.67%   -13.48%   16.75%   0.684   63.6%    45     OK
君正集团           601216     高股息股         +80.44%   +39.09%   +41.35%   12.96%   1.122   65.0%    40     OK
义翘神州           301047     高股息股         +38.60%   -31.05%   +69.65%   19.47%   0.702   84.2%    38     OK
特锐德            300001     创业板股         +68.16%   +93.11%   -24.94%   19.81%   0.825   65.0%    40     OK
神州泰岳           300002     创业板股        +216.82%   -26.60%  +243.43%   29.20%   1.411   80.6%    62     OK
乐普医疗           300003     创业板股         +27.46%   -44.03%   +71.49%   30.33%   0.319   64.0%    51     OK
南风股份           300004     创业板股          +7.42%   +37.99%   -30.57%   30.01%   0.058   71.4%    28     OK
探路者            300005     创业板股          +4.98%   +15.71%   -10.73%   53.99%   0.073   73.3%    31     OK
莱美药业           300006     创业板股         +42.46%   +29.85%   +12.62%   15.14%   0.559   64.3%    29     OK
汉威科技           300007     创业板股        +227.66%   +77.45%  +150.21%   18.99%   1.473   71.4%    42     OK
天海防务           300008     创业板股        +111.90%   +35.04%   +76.85%   14.85%   1.095   66.7%    31     OK
安科生物           300009     创业板股         +29.60%   -26.12%   +55.72%   17.35%   0.527   73.9%    46     OK
鼎汉技术           300011     创业板股         +85.04%    -7.32%   +92.36%   23.59%   1.015   70.4%    54     OK
新巨丰            301296     超跌股         +121.13%   -61.01%  +182.14%   21.25%   1.192   84.8%    66     OK
中颖电子           300327     超跌股         +102.82%   -49.03%  +151.85%   17.06%   1.158   87.5%    33     OK
派特尔            920871     超跌股         +100.80%  +174.11%   -73.32%   31.69%   0.697   79.2%    49     OK
马可波罗           001386     超跌股           -5.56%   -52.24%   +46.67%   16.30%  -0.549   40.0%    10     OK
南京港            002040     超跌股         +180.18%   +25.67%  +154.51%   28.59%   1.471   84.2%    38     OK
芭薇股份           920123     超跌股          +19.19%   -12.38%   +31.58%   23.22%   0.354   58.8%    35     OK
迈赫股份           301199     超跌股          +32.18%    +1.81%   +30.37%   20.71%   0.457   55.0%    41     OK
京泉华            002885     超跌股          +70.61%    +5.20%   +65.41%   33.55%   0.902   88.2%    34     OK
巨星农牧           603477     超跌股          +45.54%   -54.86%  +100.39%   37.75%   0.497   58.6%    59     OK
春兰股份           600854     超跌股          +49.79%    +3.72%   +46.06%   17.24%   0.684   72.2%    37     OK
建设银行           601939     超大盘股         +58.65%  +137.36%   -78.71%    7.49%   1.352   72.2%    36     OK
中国石油           601857     超大盘股         +33.10%  +124.07%   -90.98%    7.54%   0.739   64.7%    34     OK
宁德时代           300750     超大盘股         +28.32%   +93.52%   -65.21%   19.23%   0.511   75.0%    32     OK
中国银行           601988     超大盘股         +44.83%  +142.97%   -98.14%    9.63%   1.221   78.6%    28     OK
贵州茅台           600519     超大盘股         +95.96%   -17.35%  +113.31%   11.24%   1.221   67.6%    68     OK
中国移动           600941     超大盘股         +18.74%   +17.63%    +1.11%   10.29%   0.337   55.0%    40     OK
工业富联           601138     超大盘股        +198.94%  +282.30%   -83.36%    9.19%   1.562   90.5%    42     OK
中际旭创           300308     超大盘股        +435.23% +1874.43% -1439.21%   15.48%   1.973   85.0%    40     OK
中国人寿           601628     超大盘股         +68.56%   +26.93%   +41.64%   10.87%   1.115   65.0%    40     OK
招商银行           600036     超大盘股         +54.45%   +48.74%    +5.71%    7.43%   1.100   63.2%    38     OK
汇顶科技           603160     中价股          +52.08%   -12.87%   +64.95%   25.03%   0.601   60.7%    56     OK
润建股份           002929     中价股          +78.20%   +24.03%   +54.17%   20.98%   0.800   76.2%    43     OK
福达合金           603045     中价股           -4.36%  +263.09%  -267.45%   33.29%  -0.166   63.6%    22     OK
本川智能           300964     中价股          +29.65%   +48.72%   -19.06%   37.28%   0.334   66.7%    30     OK
万朗磁塑           603150     中价股         +156.12%   +84.06%   +72.06%   11.34%   1.544   75.0%    33     OK
和顺科技           301237     中价股          +74.93%   +64.11%   +10.82%   14.23%   0.812   75.0%    32     OK
华塑科技           301157     中价股          +18.97%   -25.53%   +44.50%   20.96%   0.232   57.1%    29     OK
铜牛信息           300895     中价股         +118.21%   +29.84%   +88.38%   25.12%   0.863   84.6%    27     OK
赣锋锂业           002460     中价股          +89.66%   -22.72%  +112.37%   12.04%   1.118   68.2%    44     OK
豪迈科技           002595     中价股           +1.89%  +167.51%  -165.61%   15.94%  -0.154   47.6%    42     OK
北方华创           002371     高价股          +69.18%  +236.80%  -167.61%    4.78%   1.117   76.5%    34     OK
大普微            301666     高价股              N/A       N/A       N/A      N/A     N/A     N/A   N/A     跳过
新易盛            300502     高价股         +303.01% +1590.53% -1287.51%   25.16%   1.665   94.4%    37     OK
罗博特科           300757     高价股         +341.89% +1071.23%  -729.34%   13.45%   1.610   72.0%    50     OK
兆易创新           603986     高价股          +45.11%  +202.46%  -157.35%   14.43%   0.628   57.1%    28     OK
鼎泰高科           301377     高价股          +91.65% +1729.42% -1637.77%   10.14%   0.982   81.8%    22     OK
德明利            001309     高价股         +143.06%  +971.45%  -828.38%   13.46%   1.356   78.6%    28     OK
吉比特            603444     高价股          +31.04%   -29.42%   +60.46%   12.43%   0.510   75.0%    32     OK
江波龙            301308     高价股          +54.27%  +240.72%  -186.44%   21.32%   0.693   71.4%    29     OK
深南电路           002916     高价股         +123.52%  +387.73%  -264.22%   26.60%   1.180   75.0%    24     OK
力聚热能           603391     次新股           -4.80%    -7.11%    +2.31%   17.33%  -0.352   42.9%    15     OK
博实结            301608     次新股          +53.12%   -31.42%   +84.54%   11.02%   0.989   71.4%    28     OK
巍华新材           603310     次新股          +13.74%   -36.89%   +50.63%   23.69%   0.305   84.6%    26     OK
珂玛科技           301611     次新股          +67.77%  +156.32%   -88.56%   11.85%   1.270   88.9%    19     OK
国科天成           301571     次新股          +51.76%   +81.24%   -29.48%   17.99%   0.984   60.0%    20     OK
太湖远大           920118     次新股          -13.03%    -8.25%    -4.78%   32.88%  -0.253   40.0%    30     OK
小方制药           603207     次新股           -0.44%   -29.19%   +28.75%   13.84%  -0.209   57.1%    29     OK
佳力奇            301586     次新股           -8.77%   -52.86%   +44.09%   19.37%  -0.299   57.1%    28     OK
成电光信           920008     次新股          +40.24%    -6.94%   +47.18%   20.25%   0.642   70.6%    34     OK
速达股份           001277     次新股           -5.66%   -38.74%   +33.08%   19.43%  -0.361   77.8%    18     OK

==================================================================================================================================
  分组汇总
==================================================================================================================================
分组           查询语句                            有效数       平均策略收益       平均买入持有       平均超额      平均回撤      平均夏普      平均胜率    总交易     跑赢大盘
----------------------------------------------------------------------------------------------------------------------------------
活跃大盘股        今日成交量大于20万手 非ST 非科创板              9      +41.54%      +96.19%    -54.65%    13.01%     0.678     74.3%    276 2/ 9
中盘价值股        总市值50-200亿 市盈率20-40 非ST 非科        9     +108.00%       -8.05%   +116.05%    16.09%     0.832     63.4%    363 6/ 9
强势股          近60日涨幅超过30% 非ST 非科创板              9     +169.63%     +307.29%   -137.66%    19.52%     1.169     71.1%    301 2/ 9
中低价主板股       股价5-20元 主板 非ST                   10      +50.86%      +41.34%     +9.52%    20.14%     0.666     72.1%    391 5/10
高换手率股        周换手率超过20% 非ST 非科创板                6      +87.38%      +79.22%     +8.16%    15.18%     0.813     65.0%    197 3/ 6
小盘股          总市值小于50亿 非ST 非科创板                10      +71.42%      +11.99%    +59.43%    20.87%     0.781     72.5%    401 9/10
破净股          市净率小于1 非ST 非科创板                  10      +64.36%      +19.09%    +45.27%    17.53%     0.756     70.8%    404 9/10
高股息股         股息率大于3% 非ST 非科创板                 10      +63.08%      +25.93%    +37.15%    19.55%     0.760     71.7%    393 7/10
创业板股         创业板 非ST                          10      +82.15%      +18.51%    +63.64%    25.33%     0.735     70.1%    414 7/10
超跌股          近60日跌幅超过20% 非ST 非科创板             10      +71.67%       -1.90%    +73.57%    24.73%     0.686     70.9%    402 9/10
超大盘股         总市值大于1000亿 非ST 非科创板              10     +103.68%     +273.06%   -169.38%    10.84%     1.113     71.7%    398 4/10
中价股          股价20-50元 非ST 非科创板                10      +61.54%      +62.02%     -0.49%    21.62%     0.599     67.5%    358 7/10
高价股          股价大于50元 非ST 非科创板                  9     +133.64%     +711.21%   -577.57%    15.75%     1.082     75.8%    284 1/ 9
次新股          上市时间小于2年 非ST 非科创板                10      +19.39%       +2.62%    +16.78%    18.76%     0.272     65.0%    247 7/10

==================================================================================================================================
  ★ 全局汇总 ★
==================================================================================================================================
  总标的数:     140
  有效标的:     132 (错误 0, 跳过 8)
  策略正收益:   120/132 (90.9%)
  跑赢买入持有: 78/132 (59.1%)

  平均策略收益率:   +79.40%
  平均买入持有收益: +113.35%
  平均超额收益:     -33.94%
  平均最大回撤:     18.67%
  平均夏普比率:     0.776
  平均胜率:         70.3%
  总交易笔数:       4829
  平均交易笔数:     36.6

  --- 策略收益率分布 ---
    -30% ~ -10%      3 ###
    -10% ~ 0%        7 #######
    0% ~ 10%         8 ########
    10% ~ 30%       17 #################
    30% ~ 50%       25 #########################
    50% ~ 80%       26 ##########################
    > 80%           46 ##############################################

  --- 超额收益分布 ---
    < -30%          36 ####################################
    -30% ~ -10%     13 #############
    -10% ~ 0%        5 #####
    0% ~ 10%         4 ####
    10% ~ 30%       11 ###########
    30% ~ 50%       22 ######################
    > 50%           41 #########################################

==================================================================================================================================
  ★ 实盘组合推荐 ★
  总资金: 1,000,000 元
==================================================================================================================================

  ── 组合 A: 稳健型 （低回撤(<25%) + 高胜率(>=65%)）──
    建议持仓: 8 只 | 每只约 125,000 元

    序号   股票名称         代码             分组              策略收益      超额收益      回撤      夏普      胜率    交易     建议仓位
    ----------------------------------------------------------------------------------------------------------
    1    平煤股份         601666.SH      中盘价值股       +346.45%  +342.62%  14.32%   2.422   85.2%    54   12.5%
    2    白云机场         600004.SH      中盘价值股       +106.36%  +157.52%   7.37%   1.863   68.6%    70   12.5%
    3    飞凯材料         300398.SZ      中盘价值股       +170.13%  +107.11%  10.32%   1.536   92.9%    28   12.5%
    4    欧派家居         603833.SH      中盘价值股       +334.43%  +408.19%  15.03%   1.851   73.7%    76   12.5%
    5    洽洽食品         002557.SZ      中低价主板股      +129.80%  +178.94%  11.60%   1.473   79.3%    58   12.5%
    6    渤海轮渡         603167.SH      高股息股        +161.49%   +79.50%  13.73%   1.596   87.5%    48   12.5%
    7    泉阳泉          600189.SH      小盘股         +116.61%  +101.94%  21.58%   1.317   86.4%    44   12.5%
    8    汉威科技         300007.SZ      创业板股        +227.66%  +150.21%  18.99%   1.473   71.4%    42   12.5%
    ----------------------------------------------------------------------------------------------------------
    组合统计: 平均收益=+199.12% 平均超额=+190.75% 平均回撤=14.12% 平均夏普=1.691 平均胜率=80.6% 跑赢=8/8

  ── 组合 B: 均衡型 （正超额 + 收益>20%）──
    建议持仓: 8 只 | 每只约 125,000 元

    序号   股票名称         代码             分组              策略收益      超额收益      回撤      夏普      胜率    交易     建议仓位
    ----------------------------------------------------------------------------------------------------------
    1    平煤股份         601666.SH      中盘价值股       +346.45%  +342.62%  14.32%   2.422   85.2%    54   12.5%
    2    白云机场         600004.SH      中盘价值股       +106.36%  +157.52%   7.37%   1.863   68.6%    70   12.5%
    3    飞凯材料         300398.SZ      中盘价值股       +170.13%  +107.11%  10.32%   1.536   92.9%    28   12.5%
    4    欧派家居         603833.SH      中盘价值股       +334.43%  +408.19%  15.03%   1.851   73.7%    76   12.5%
    5    洽洽食品         002557.SZ      中低价主板股      +129.80%  +178.94%  11.60%   1.473   79.3%    58   12.5%
    6    渤海轮渡         603167.SH      高股息股        +161.49%   +79.50%  13.73%   1.596   87.5%    48   12.5%
    7    南京港          002040.SZ      超跌股         +180.18%  +154.51%  28.59%   1.471   84.2%    38   12.5%
    8    泉阳泉          600189.SH      小盘股         +116.61%  +101.94%  21.58%   1.317   86.4%    44   12.5%
    ----------------------------------------------------------------------------------------------------------
    组合统计: 平均收益=+193.18% 平均超额=+191.29% 平均回撤=15.32% 平均夏普=1.691 平均胜率=82.2% 跑赢=8/8

  ── 组合 C: 进取型 （收益>50% + 夏普>0.6）──
    建议持仓: 8 只 | 每只约 125,000 元

    序号   股票名称         代码             分组              策略收益      超额收益      回撤      夏普      胜率    交易     建议仓位
    ----------------------------------------------------------------------------------------------------------
    1    平煤股份         601666.SH      中盘价值股       +346.45%  +342.62%  14.32%   2.422   85.2%    54   12.5%
    2    白云机场         600004.SH      中盘价值股       +106.36%  +157.52%   7.37%   1.863   68.6%    70   12.5%
    3    飞凯材料         300398.SZ      中盘价值股       +170.13%  +107.11%  10.32%   1.536   92.9%    28   12.5%
    4    欧派家居         603833.SH      中盘价值股       +334.43%  +408.19%  15.03%   1.851   73.7%    76   12.5%
    5    洽洽食品         002557.SZ      中低价主板股      +129.80%  +178.94%  11.60%   1.473   79.3%    58   12.5%
    6    渤海轮渡         603167.SH      高股息股        +161.49%   +79.50%  13.73%   1.596   87.5%    48   12.5%
    7    南京港          002040.SZ      超跌股         +180.18%  +154.51%  28.59%   1.471   84.2%    38   12.5%
    8    泉阳泉          600189.SH      小盘股         +116.61%  +101.94%  21.58%   1.317   86.4%    44   12.5%
    ----------------------------------------------------------------------------------------------------------
    组合统计: 平均收益=+193.18% 平均超额=+191.29% 平均回撤=15.32% 平均夏普=1.691 平均胜率=82.2% 跑赢=8/8

  --- 全部候选标的（综合评分 Top 20）---
  排名   股票名称         代码           分组              策略收益      超额收益      回撤      夏普      胜率    交易      评分
  --------------------------------------------------------------------------------------------------------
  1    平煤股份         601666.SH    中盘价值股       +346.45%  +342.62%  14.32%   2.422   85.2%    54  0.9417
  2    白云机场         600004.SH    中盘价值股       +106.36%  +157.52%   7.37%   1.863   68.6%    70  0.9018
  3    飞凯材料         300398.SZ    中盘价值股       +170.13%  +107.11%  10.32%   1.536   92.9%    28  0.8955
  4    欧派家居         603833.SH    中盘价值股       +334.43%  +408.19%  15.03%   1.851   73.7%    76  0.8949
  5    洽洽食品         002557.SZ    中低价主板股      +129.80%  +178.94%  11.60%   1.473   79.3%    58  0.8564
  6    渤海轮渡         603167.SH    高股息股        +161.49%   +79.50%  13.73%   1.596   87.5%    48  0.8322
  7    南京港          002040.SZ    超跌股         +180.18%  +154.51%  28.59%   1.471   84.2%    38  0.8319
  8    泉阳泉          600189.SH    小盘股         +116.61%  +101.94%  21.58%   1.317   86.4%    44  0.8271
  9    汉威科技         300007.SZ    创业板股        +227.66%  +150.21%  18.99%   1.473   71.4%    42  0.8258
  10   中颖电子         300327.SZ    超跌股         +102.82%  +151.85%  17.06%   1.158   87.5%    33  0.8146
  11   神州泰岳         300002.SZ    创业板股        +216.82%  +243.43%  29.20%   1.411   80.6%    62  0.8145
  12   勤上股份         002638.SZ    小盘股         +157.23%  +121.68%  15.83%   1.334   70.6%    34  0.8096
  13   新巨丰          301296.SZ    超跌股         +121.13%  +182.14%  21.25%   1.192   84.8%    66  0.8060
  14   中集车辆         301039.SZ    破净股         +102.45%  +117.90%  22.44%   1.201   81.8%    66  0.7988
  15   贵州茅台         600519.SH    超大盘股         +95.96%  +113.31%  11.24%   1.221   67.6%    68  0.7959
  16   万朗磁塑         603150.SH    中价股         +156.12%   +72.06%  11.34%   1.544   75.0%    33  0.7844
  17   赣锋锂业         002460.SZ    中价股          +89.66%  +112.37%  12.04%   1.118   68.2%    44  0.7800
  18   荣晟环保         603165.SH    高股息股        +103.42%   +99.44%  23.38%   1.182   73.7%    39  0.7764
  19   武进不锈         603878.SH    破净股         +110.27%  +149.69%  25.20%   1.045   78.3%    46  0.7629
  20   苏利股份         603585.SH    破净股          +91.39%  +112.74%  19.91%   0.996   68.8%    32  0.7470

==================================================================================================================================
  验证完成
==================================================================================================================================
