diff --git a/src/easy_tdx/backtest/cli.py b/src/easy_tdx/backtest/cli.py
index 2edf947..c48995b 100644
--- a/src/easy_tdx/backtest/cli.py
+++ b/src/easy_tdx/backtest/cli.py
@@ -141,10 +141,7 @@ def backtest(
 
     # 0. 解析代码参数（自动推断市场）
     if len(code_args) > 2:
-        click.echo(
-            "错误: 参数过多，用法: easy-tdx backtest 600519 或 easy-tdx backtest SH 600519",
-            err=True,
-        )
+        click.echo("错误: 参数过多，用法: easy-tdx backtest 600519 或 easy-tdx backtest SH 600519", err=True)
         raise SystemExit(1)
     market, code = _parse_code_args(code_args)
 
@@ -336,7 +333,6 @@ def _print_table(result: Any, df: Any = None) -> None:
     click.echo(f"最大回撤: {perf.get('max_drawdown', 0):.2%}")
     click.echo(f"夏普比率: {perf.get('sharpe', 0):.2f}")
     click.echo(f"胜率: {perf.get('win_rate', 0):.2%}")
-    click.echo(f"盈亏比: {perf.get('profit_factor', 0):.2f}")
     click.echo(f"交易次数: {perf.get('total_trades', 0)}")
     click.echo()
 
@@ -376,273 +372,6 @@ def _print_table(result: Any, df: Any = None) -> None:
 # ── portfolio 多标的组合回测命令 ─────────────────────────────────────────────
 
 
-# ── backtest-wencai 问财选股批量回测命令 ──────────────────────────────────────
-
-
-def _wencai_search_stocks(query: str, top: int, cookie: str | None) -> list[dict[str, str]]:
-    """调用问财搜索并返回前 top 只标的的元信息。
-
-    返回列表元素为 ``{"symbol": "000001", "market": "SZ", "name": "平安银行"}``。
-    已按 ths_util 默认规则过滤 ST/科创板(68)/北交所(83/87)。
-    """
-    from easy_tdx.wencai import WencaiClient, WencaiError, filter_tradable
-
-    client = WencaiClient(cookie=cookie)
-    try:
-        stocks = filter_tradable(client.search(query, perpage=max(top, 100)))
-    except WencaiError as e:
-        click.echo(f"错误: 问财搜索失败: {e}", err=True)
-        raise SystemExit(1)
-
-    if not stocks:
-        click.echo(f"错误: 问财未返回任何结果，查询语句: {query}", err=True)
-        raise SystemExit(1)
-
-    return [
-        {"symbol": s.symbol, "market": s.market, "name": s.name}
-        for s in stocks[:top]
-    ]
-
-
-def _build_wencai_summary(results: list[dict[str, Any]]) -> dict[str, Any]:
-    """根据逐个回测结果列表构建汇总统计。"""
-    valid = [r for r in results if r.get("error") is None and r.get("performance")]
-    if not valid:
-        return {"avg_return": 0.0, "avg_sharpe": 0.0, "positive_count": 0, "negative_count": 0}
-
-    returns = [r["performance"].get("total_return", 0) for r in valid]
-    sharpes = [r["performance"].get("sharpe", 0) for r in valid]
-    best = max(valid, key=lambda r: r["performance"].get("total_return", 0))
-    worst = min(valid, key=lambda r: r["performance"].get("total_return", 0))
-
-    return {
-        "avg_return": sum(returns) / len(returns),
-        "avg_sharpe": sum(sharpes) / len(sharpes),
-        "positive_count": sum(1 for r in returns if r > 0),
-        "negative_count": sum(1 for r in returns if r <= 0),
-        "best": {
-            "symbol": best["symbol"],
-            "name": best["name"],
-            "return": best["performance"].get("total_return", 0),
-        },
-        "worst": {
-            "symbol": worst["symbol"],
-            "name": worst["name"],
-            "return": worst["performance"].get("total_return", 0),
-        },
-    }
-
-
-def _to_json_value(v: Any) -> Any:
-    """把 numpy scalar / NaN 转为 JSON 原生类型。"""
-    import math
-
-    if hasattr(v, "item"):
-        v = v.item()
-    if isinstance(v, float) and (math.isnan(v) or math.isinf(v)):
-        return None
-    return v
-
-
-def _print_wencai_table(output: dict[str, Any]) -> None:
-    """以表格形式输出问财批量回测结果。"""
-    query = output["query"]
-    strategy = output["strategy"]
-    results = output["results"]
-    summary = output["summary"]
-
-    click.echo("=== 问财批量回测 ===")
-    click.echo(f"查询: {query}")
-    click.echo(f"策略: {strategy} | 标的: {len(results)} 只")
-    click.echo()
-
-    header = (
-        f"{'代码':<8} {'名称':<10} {'收益率':>10} {'夏普':>8} "
-        f"{'最大回撤':>10} {'胜率':>8} {'盈亏比':>8} {'交易数':>6}"
-    )
-    click.echo(header)
-    click.echo("-" * 78)
-    for r in results:
-        if r["error"] is not None:
-            click.echo(f"{r['symbol']:<8} {r['name']:<10} {'ERROR':>10} {r['error'][:40]}")
-            continue
-        perf = r["performance"]
-        ret = perf.get("total_return", 0)
-        sharpe = perf.get("sharpe", 0)
-        mdd = perf.get("max_drawdown", 0)
-        wr = perf.get("win_rate", 0)
-        pf = perf.get("profit_factor", 0)
-        trades = perf.get("total_trades", 0)
-        click.echo(
-            f"{r['symbol']:<8} {r['name']:<10} {ret:>9.2%} {sharpe:>8.2f} {mdd:>10.2%} "
-            f"{wr:>7.1%} {pf:>8.2f} {trades:>6}"
-        )
-    click.echo()
-
-    click.echo("── 汇总 ──")
-    click.echo(f"平均收益: {summary['avg_return']:.2%}")
-    click.echo(f"平均夏普: {summary['avg_sharpe']:.2f}")
-    click.echo(f"盈利: {summary['positive_count']} 只 | 亏损: {summary['negative_count']} 只")
-    if "best" in summary:
-        click.echo(
-            f"最佳: {summary['best']['symbol']} {summary['best']['name']} "
-            f"({summary['best']['return']:.2%})"
-        )
-    if "worst" in summary:
-        click.echo(
-            f"最差: {summary['worst']['symbol']} {summary['worst']['name']} "
-            f"({summary['worst']['return']:.2%})"
-        )
-
-
-@click.command(name="backtest-wencai")
-@click.argument("query")
-@click.option("--top", default=10, type=int, help="取问财结果前N只（默认10）")
-@click.option("--strategy-file", "strategy_file", required=True, help="Python 策略文件路径")
-@click.option("--cash", default=100_000.0, type=float, help="每只股票初始资金")
-@click.option("--commission", default=0.0003, type=float, help="佣金率")
-@click.option(
-    "--execution",
-    default="next_open",
-    type=click.Choice(["next_open", "next_close"]),
-    help="成交价规则",
-)
-@click.option(
-    "--position-mode",
-    "position_mode",
-    default="full",
-    type=click.Choice(["full", "fixed", "percent"], case_sensitive=False),
-    help="仓位模式",
-)
-@click.option("--warmup-bars", "warmup_bars", default=0, type=int, help="指标预热 bar 数")
-@click.option("--period", default="DAILY", help="K线周期")
-@click.option("--adjust", default="NONE", help="复权: NONE/QFQ/HFQ")
-@click.option("--count", default=500, type=int, help="K线数量")
-@click.option("--cookie", default=None, help="问财 Cookie（可选，默认读配置）")
-@click.option("--json", "use_json", is_flag=True, default=False, help="JSON 输出")
-@click.option("--table", "use_table", is_flag=True, default=True, help="表格输出（默认）")
-def backtest_wencai(
-    query: str,
-    top: int,
-    strategy_file: str,
-    cash: float,
-    commission: float,
-    execution: str,
-    position_mode: str,
-    warmup_bars: int,
-    period: str,
-    adjust: str,
-    count: int,
-    cookie: str | None,
-    use_json: bool,
-    use_table: bool,
-) -> None:
-    """问财选股批量回测：问财搜索 -> 取前N只 -> 逐个独立回测。
-
-    QUERY: 问财自然语言查询语句
-
-    示例：
-
-      easy-tdx backtest-wencai "今日涨停" --top 10 --strategy-file strategies/shadow_yang.py
-
-      easy-tdx backtest-wencai "近20日涨幅前20" --top 5 --strategy-file my_strategy.py --json
-    """
-    import json
-
-    from ..cli.conn import get_mac_client
-    from ..cli.parsers import parse_adjust, parse_market, parse_period
-
-    # 1. 加载策略
-    strategy_cls = _load_strategy_from_file(strategy_file)
-    strategy_name = strategy_cls.__name__
-
-    # 2. 问财搜索
-    click.echo(f"[*] 问财搜索: {query}", err=True)
-    stocks = _wencai_search_stocks(query, top, cookie)
-    click.echo(
-        f"[*] 策略: {strategy_name} | 标的: {len(stocks)} 只 | 资金: {cash:,.0f}/只",
-        err=True,
-    )
-
-    # 3. 逐个取行情 + 回测
-    results: list[dict[str, Any]] = []
-    with get_mac_client() as client:
-        for idx, stock in enumerate(stocks, 1):
-            symbol = stock["symbol"]
-            market = stock["market"]
-            name = stock["name"]
-            click.echo(f"  [{idx}/{len(stocks)}] {market}:{symbol} {name} ...", err=True)
-
-            try:
-                mkt = parse_market(market)
-                df = client.get_stock_kline(
-                    mkt,
-                    symbol,
-                    period=parse_period(period),
-                    start=0,
-                    count=count,
-                    adjust=parse_adjust(adjust),
-                )
-                if len(df) < 2:
-                    raise ValueError(f"K线数据不足: {len(df)} 根")
-
-                from ..backtest.engine import BacktestEngine
-
-                engine = BacktestEngine(
-                    strategy=strategy_cls,
-                    cash=cash,
-                    commission=commission,
-                    execution=execution,
-                    position_mode=position_mode,
-                    warmup_bars=warmup_bars,
-                )
-                result = engine.run(df)
-
-                results.append(
-                    {
-                        "symbol": symbol,
-                        "market": market,
-                        "name": name,
-                        "performance": {
-                            k: _to_json_value(v) for k, v in result.performance.items()
-                        },
-                        "total_trades": result.performance.get("total_trades", 0),
-                        "error": None,
-                    }
-                )
-            except Exception as e:
-                results.append(
-                    {
-                        "symbol": symbol,
-                        "market": market,
-                        "name": name,
-                        "performance": {},
-                        "total_trades": 0,
-                        "error": str(e),
-                    }
-                )
-
-    # 4. 汇总 + 输出
-    summary = _build_wencai_summary(results)
-    output = {
-        "query": query,
-        "top": top,
-        "strategy": strategy_name,
-        "stocks_searched": len(stocks),
-        "stocks_backtested": sum(1 for r in results if r["error"] is None),
-        "results": results,
-        "summary": summary,
-    }
-
-    if use_json:
-        click.echo(json.dumps(output, ensure_ascii=False, indent=2, default=str))
-    else:
-        _print_wencai_table(output)
-
-
-# ── portfolio 多标的组合回测命令 ─────────────────────────────────────────────
-
-
 @click.command()
 @click.option(
     "--stocks",
@@ -773,7 +502,6 @@ def _print_portfolio_table(result: Any) -> None:
     click.echo(f"总资金: {perf.get('total_cash', 0):,.0f}")
     click.echo(f"组合收益率: {perf.get('total_return', 0):.2%}")
     click.echo(f"组合年化: {perf.get('annual_return', 0):.2%}")
-    click.echo(f"盈亏比: {perf.get('profit_factor', 0):.2f}")
     click.echo()
 
     click.echo("── 各标的详情 ──")
@@ -784,8 +512,256 @@ def _print_portfolio_table(result: Any) -> None:
             f"  {key}: 收益={sp.get('total_return', 0):.2%} "
             f"夏普={sp.get('sharpe', 0):.2f} "
             f"回撤={sp.get('max_drawdown', 0):.2%} "
-            f"盈亏比={sp.get('profit_factor', 0):.2f} "
             f"分配={alloc:.0%} "
             f"交易={sp.get('total_trades', 0)}"
         )
     click.echo()
+
+
+# ── backtest-wencai 问财选股批量回测命令 ──────────────────────────────────────
+
+
+@click.command("backtest-wencai")
+@click.argument("query")
+@click.option("--strategy-file", "strategy_file", default=None, help="Python 策略文件路径")
+@click.option("--top", default=10, type=int, help="取问财结果前 N 只标的（默认 10，最大 50）")
+@click.option("--cash", default=100_000.0, type=float, help="每只股票初始资金")
+@click.option("--commission", default=0.0003, type=float, help="佣金率")
+@click.option(
+    "--execution",
+    default="next_open",
+    type=click.Choice(["next_open", "next_close"]),
+    help="成交价规则",
+)
+@click.option(
+    "--position-mode",
+    "position_mode",
+    default="full",
+    type=click.Choice(["full", "fixed", "percent"], case_sensitive=False),
+    help="仓位模式：full=全仓 / fixed=指定股数 / percent=百分比（默认 full）",
+)
+@click.option("--period", default="DAILY", help="K线周期")
+@click.option("--adjust", default="NONE", help="复权: NONE/QFQ/HFQ")
+@click.option("--count", default=250, type=int, help="K线数量")
+@click.option("--cookie", default=None, help="问财 Cookie（不传时自动读取配置）")
+@click.option("--table", "use_table", is_flag=True, default=True, help="表格输出（默认）")
+@click.option("--json", "use_json", is_flag=True, default=False, help="JSON 输出")
+@click.option("--output", "output_fmt", type=click.Choice(["json", "table"]), default=None)
+def backtest_wencai(
+    query: str,
+    strategy_file: str | None,
+    top: int,
+    cash: float,
+    commission: float,
+    execution: str,
+    position_mode: str,
+    period: str,
+    adjust: str,
+    count: int,
+    cookie: str | None,
+    use_table: bool,
+    use_json: bool,
+    output_fmt: str | None,
+) -> None:
+    """问财选股批量回测：用问财语义搜索选股，逐个独立回测并汇总统计。
+
+    输入问财自然语言查询语句，先调问财搜索获取前 ``top`` 只标的，
+    再逐个独立回测（每只股票各自独立跑策略，非组合分仓），返回每只的
+    绩效摘要 + 汇总统计。适用于横向对比哪些股票适合该策略。
+
+    QUERY: 问财自然语言查询语句（如 "今日涨停"、"白酒行业"）
+
+    示例：
+
+      easy-tdx backtest-wencai "今日涨停" --top 10 --strategy-file strategies/shadow_yang.py
+
+      easy-tdx backtest-wencai "白酒行业" --top 15 --strategy-file strategies/shadow_yang_v2.py
+    """
+    import json as json_module
+
+    from ..backtest.engine import BacktestEngine
+    from ..cli.conn import get_mac_client
+    from ..cli.parsers import parse_adjust, parse_market, parse_period
+    from ..wencai import WencaiClient, WencaiError, filter_tradable
+
+    # 1. 校验策略文件
+    if not strategy_file:
+        click.echo("错误: 必须指定 --strategy-file", err=True)
+        raise SystemExit(1)
+
+    strategy_cls = _load_strategy_from_file(strategy_file)
+    strategy_name = strategy_cls.__name__
+
+    # 2. 校验 top 范围
+    if top < 1 or top > 50:
+        click.echo("错误: --top 范围应为 1-50", err=True)
+        raise SystemExit(1)
+
+    click.echo(f"[*] 问财查询: {query} | 取前 {top} 只 | 策略: {strategy_name}", err=True)
+
+    # 3. 问财搜索（filter_tradable 排除 ST/科创板/北交所）
+    try:
+        wencai_client = WencaiClient(cookie=cookie)
+        stocks = filter_tradable(wencai_client.search(query, perpage=max(top, 100)))
+    except WencaiError as e:
+        click.echo(f"错误: 问财搜索失败: {e}", err=True)
+        raise SystemExit(1)
+
+    stocks = stocks[:top]
+    if not stocks:
+        click.echo(f"错误: 问财未返回任何有效标的，查询语句: {query}", err=True)
+        raise SystemExit(1)
+
+    click.echo(f"[*] 问财返回 {len(stocks)} 只标的，开始逐个回测", err=True)
+
+    # 4. 逐个取行情 + 独立回测（单个失败不中断整组）
+    results: list[dict[str, Any]] = []
+    with get_mac_client() as tdx_client:
+        for stock in stocks:
+            symbol, market, name = stock.symbol, stock.market, stock.name
+            try:
+                mkt = parse_market(market)
+                df = tdx_client.get_stock_kline(
+                    mkt,
+                    symbol,
+                    period=parse_period(period),
+                    start=0,
+                    count=count,
+                    adjust=parse_adjust(adjust),
+                )
+                if len(df) < 2:
+                    raise ValueError(f"K线数据不足: {len(df)} 根")
+
+                # 每只新建策略实例，避免内部状态跨标的污染
+                engine = BacktestEngine(
+                    strategy=strategy_cls,
+                    cash=cash,
+                    commission=commission,
+                    execution=execution,
+                    position_mode=position_mode,
+                )
+                result = engine.run(df)
+                results.append(
+                    {
+                        "symbol": symbol,
+                        "market": market,
+                        "name": name,
+                        "performance": result.performance,
+                        "error": None,
+                    }
+                )
+            except Exception as e:
+                results.append(
+                    {
+                        "symbol": symbol,
+                        "market": market,
+                        "name": name,
+                        "performance": {},
+                        "error": str(e),
+                    }
+                )
+
+    # 5. 构建汇总统计
+    summary = _build_wencai_summary(results)
+    output_data: dict[str, Any] = {
+        "query": query,
+        "top": top,
+        "strategy": strategy_name,
+        "stocks_searched": len(stocks),
+        "stocks_backtested": sum(1 for r in results if r["error"] is None),
+        "results": results,
+        "summary": summary,
+    }
+
+    # 6. 输出结果（默认 table）
+    if use_json:
+        fmt = "json"
+    elif output_fmt:
+        fmt = output_fmt
+    else:
+        fmt = "table"
+
+    if fmt == "json":
+        click.echo(json_module.dumps(output_data, ensure_ascii=False, indent=2, default=str))
+    else:
+        _print_wencai_table(output_data)
+
+
+def _build_wencai_summary(results: list[dict[str, Any]]) -> dict[str, Any]:
+    """根据逐个回测结果列表构建汇总统计。"""
+    valid = [r for r in results if r.get("error") is None and r.get("performance")]
+    if not valid:
+        return {
+            "avg_return": 0.0,
+            "avg_sharpe": 0.0,
+            "avg_max_drawdown": 0.0,
+            "positive_count": 0,
+            "negative_count": 0,
+        }
+
+    returns = [r["performance"].get("total_return", 0) for r in valid]
+    sharpes = [r["performance"].get("sharpe", 0) for r in valid]
+    drawdowns = [r["performance"].get("max_drawdown", 0) for r in valid]
+    best = max(valid, key=lambda r: r["performance"].get("total_return", 0))
+    worst = min(valid, key=lambda r: r["performance"].get("total_return", 0))
+
+    return {
+        "avg_return": sum(returns) / len(returns),
+        "avg_sharpe": sum(sharpes) / len(sharpes),
+        "avg_max_drawdown": sum(drawdowns) / len(drawdowns),
+        "positive_count": sum(1 for r in returns if r > 0),
+        "negative_count": sum(1 for r in returns if r <= 0),
+        "best": {
+            "symbol": best["symbol"],
+            "name": best["name"],
+            "return": best["performance"].get("total_return", 0),
+        },
+        "worst": {
+            "symbol": worst["symbol"],
+            "name": worst["name"],
+            "return": worst["performance"].get("total_return", 0),
+        },
+    }
+
+
+def _print_wencai_table(data: dict[str, Any]) -> None:
+    """以表格形式输出问财批量回测结果。"""
+    click.echo("=== 问财选股批量回测 ===")
+    click.echo(f"查询语句: {data['query']}")
+    click.echo(f"策略: {data['strategy']}")
+    click.echo(
+        f"搜索标的: {data['stocks_searched']} | 成功回测: {data['stocks_backtested']}"
+    )
+    click.echo()
+
+    click.echo("── 各标的绩效 ──")
+    for r in data["results"]:
+        if r.get("error"):
+            click.echo(f"  {r['market']}:{r['symbol']} {r['name']}: 错误 - {r['error']}")
+            continue
+        perf = r.get("performance", {})
+        ret = perf.get("total_return", 0)
+        sharpe = perf.get("sharpe", 0)
+        dd = perf.get("max_drawdown", 0)
+        trades = perf.get("total_trades", 0)
+        click.echo(
+            f"  {r['market']}:{r['symbol']} {r['name']}: "
+            f"收益={ret:.2%} 夏普={sharpe:.2f} 回撤={dd:.2%} 交易={trades}"
+        )
+    click.echo()
+
+    summary = data.get("summary", {})
+    click.echo("── 汇总统计 ──")
+    click.echo(f"平均收益: {summary.get('avg_return', 0):.2%}")
+    click.echo(f"平均夏普: {summary.get('avg_sharpe', 0):.2f}")
+    click.echo(f"平均回撤: {summary.get('avg_max_drawdown', 0):.2%}")
+    click.echo(
+        f"盈利: {summary.get('positive_count', 0)} | "
+        f"亏损: {summary.get('negative_count', 0)}"
+    )
+    if "best" in summary:
+        best = summary["best"]
+        click.echo(f"最佳: {best['name']} ({best['return']:.2%})")
+    if "worst" in summary:
+        worst = summary["worst"]
+        click.echo(f"最差: {worst['name']} ({worst['return']:.2%})")
