==================================================================================================================================
  缠论三类买点策略 -- 增量分析器全面评测
  标的数: 30 只 | K线: 800 根 | 资金: 1,000,000 元 | 预热: 60 根
  策略参数: stop_loss=10%, max_hold_days=15, use_chanlun_sell=True
  分析器: IncrementalAnalyser（增量，无前瞻偏差） vs ChanlunAnalyser（批量，有ZS前瞻偏差）
==================================================================================================================================

>> Step 1: 逐股双引擎回测 (30 只)
  [1/30] 贵州茅台(600519.SH) [白酒消费] ... 增量= -12.64% 批量= -11.97% 持有= -17.10% 虚增= +0.67pp 信号(增/批)=11/37
  [2/30] 五粮液(000858.SZ) [白酒消费] ... 增量= -12.34% 批量=  -0.42% 持有= -54.75% 虚增=+11.91pp 信号(增/批)=11/34
  [3/30] 泸州老窖(000568.SZ) [白酒消费] ... 增量=  -5.70% 批量=  -7.79% 持有= -62.27% 虚增= -2.09pp 信号(增/批)=8/34
  [4/30] 洋河股份(002304.SZ) [白酒消费] ... 增量=  +4.76% 批量= -10.69% 持有= -71.58% 虚增=-15.46pp 信号(增/批)=3/39
  [5/30] 中国平安(601318.SH) [金融] ... 增量= +40.39% 批量=  +8.01% 持有= +46.96% 虚增=-32.38pp 信号(增/批)=21/27
  [6/30] 招商银行(600036.SH) [金融] ... 增量= +14.56% 批量= +28.20% 持有= +49.34% 虚增=+13.65pp 信号(增/批)=17/21
  [7/30] 兴业银行(601166.SH) [金融] ... 增量= -24.72% 批量= -31.17% 持有= +46.46% 虚增= -6.46pp 信号(增/批)=17/23
  [8/30] 广发证券(000776.SZ) [金融] ... 增量=  -2.99% 批量=  -8.52% 持有= +40.53% 虚增= -5.52pp 信号(增/批)=12/22
  [9/30] 京东方A(000725.SZ) [科技电子] ... 增量= +16.41% 批量=  -2.25% 持有= +33.49% 虚增=-18.66pp 信号(增/批)=18/20
  [10/30] 立讯精密(002475.SZ) [科技电子] ... 增量=  -6.42% 批量=  -9.22% 持有=+101.68% 虚增= -2.80pp 信号(增/批)=18/15
  [11/30] 东方财富(300059.SZ) [科技电子] ... 增量= +13.42% 批量= -12.44% 持有=  +8.55% 虚增=-25.86pp 信号(增/批)=18/29
  [12/30] 四维图新(002405.SZ) [科技电子] ... 增量= -29.74% 批量= -17.62% 持有= -56.49% 虚增=+12.12pp 信号(增/批)=13/26
  [13/30] 恒瑞医药(600276.SH) [医药] ... 增量= -11.58% 批量=  +8.69% 持有= +17.10% 虚增=+20.27pp 信号(增/批)=20/22
  [14/30] 云南白药(000538.SZ) [医药] ... 增量=  +5.14% 批量=  +8.14% 持有= +10.22% 虚增= +3.00pp 信号(增/批)=18/27
  [15/30] 爱尔眼科(300015.SZ) [医药] ... 增量= -27.36% 批量= +18.34% 持有= -63.10% 虚增=+45.70pp 信号(增/批)=13/43
  [16/30] 宁德时代(300750.SZ) [新能源] ... 增量=  -5.75% 批量=  -7.50% 持有= +92.39% 虚增= -1.75pp 信号(增/批)=14/19
  [17/30] 比亚迪(002594.SZ) [新能源] ... 增量= -25.69% 批量= +13.32% 持有= +15.35% 虚增=+39.01pp 信号(增/批)=19/29
  [18/30] 隆基绿能(601012.SH) [新能源] ... 增量= -14.15% 批量= -43.48% 持有= -68.81% 虚增=-29.33pp 信号(增/批)=11/33
  [19/30] 紫金矿业(601899.SH) [周期资源] ... 增量= +59.24% 批量= +24.50% 持有=+174.37% 虚增=-34.74pp 信号(增/批)=22/23
  [20/30] 海螺水泥(600585.SH) [周期资源] ... 增量= -20.22% 批量= -14.20% 持有= -26.87% 虚增= +6.02pp 信号(增/批)=19/41
  [21/30] 中国铝业(601600.SH) [周期资源] ... 增量= +10.67% 批量=  -4.24% 持有= +71.74% 虚增=-14.91pp 信号(增/批)=24/22
  [22/30] 多氟多(002407.SZ) [中小盘] ... 增量= -21.14% 批量=  -0.30% 持有= +47.48% 虚增=+20.84pp 信号(增/批)=9/13
  [23/30] 利亚德(300296.SZ) [中小盘] ... 增量= +30.46% 批量= +22.23% 持有= -23.39% 虚增= -8.23pp 信号(增/批)=13/25
  [24/30] 大华股份(002236.SZ) [中小盘] ... 增量=  +2.46% 批量=  +0.24% 持有= -32.49% 虚增= -2.22pp 信号(增/批)=12/24
  [25/30] 中国建筑(601668.SH) [大盘蓝筹] ... 增量= +21.77% 批量= +16.18% 持有=  -9.02% 虚增= -5.59pp 信号(增/批)=19/33
  [26/30] 中国国航(601111.SH) [大盘蓝筹] ... 增量=  +9.68% 批量=  +0.21% 持有= -46.01% 虚增= -9.47pp 信号(增/批)=12/34
  [27/30] 中国石化(600028.SH) [大盘蓝筹] ... 增量= -24.82% 批量= -30.49% 持有=  +6.58% 虚增= -5.67pp 信号(增/批)=15/26
  [28/30] 平煤股份(601666.SH) [超跌低价] ... 增量= +54.28% 批量= +58.56% 持有=  +4.92% 虚增= +4.28pp 信号(增/批)=28/30
  [29/30] 有研新材(600206.SH) [超跌低价] ... 增量=+125.86% 批量= +49.11% 持有=+186.37% 虚增=-76.75pp 信号(增/批)=12/15
  [30/30] 正虹科技(000703.SZ) [超跌低价] ... 增量= +13.10% 批量= +12.69% 持有= +80.85% 虚增= -0.41pp 信号(增/批)=5/16

  回测完成 (耗时 7.6s)

>> Step 2: 汇总分析

======================================================================================================================================================
  逐股明细：增量 vs 批量 vs 买入持有
======================================================================================================================================================
股票           代码       分组            增量收益      批量收益      买入持有     前瞻虚增     增量回撤     增量夏普     增量胜率   增量交易   批量交易   信号(增)   信号(批)
------------------------------------------------------------------------------------------------------------------------------------------------------
贵州茅台         600519   白酒消费       -12.64%   -11.97%   -17.10%   +0.67pp   15.25%   -1.332    45.5%     22     68      11      37
五粮液          000858   白酒消费       -12.34%    -0.42%   -54.75%  +11.91pp   23.51%   -0.838    54.5%     22     64      11      34
泸州老窖         000568   白酒消费        -5.70%    -7.79%   -62.27%   -2.09pp   13.38%   -0.662    25.0%     16     64       8      34
洋河股份         002304   白酒消费        +4.76%   -10.69%   -71.58%  -15.46pp    1.01%   -0.757   100.0%      6     72       3      39
中国平安         601318   金融         +40.39%    +8.01%   +46.96%  -32.38pp   20.55%    0.563    55.0%     40     52      21      27
招商银行         600036   金融         +14.56%   +28.20%   +49.34%  +13.65pp   19.00%    0.168    46.7%     30     38      17      21
兴业银行         601166   金融         -24.72%   -31.17%   +46.46%   -6.46pp   28.65%   -1.346    18.8%     32     42      17      23
广发证券         000776   金融          -2.99%    -8.52%   +40.53%   -5.52pp   17.50%   -0.266    50.0%     24     37      12      22
京东方A         000725   科技电子       +16.41%    -2.25%   +33.49%  -18.66pp   19.64%    0.190    43.8%     32     36      18      20
立讯精密         002475   科技电子        -6.42%    -9.22%  +101.68%   -2.80pp   24.71%   -0.249    33.3%     31     29      18      15
东方财富         300059   科技电子       +13.42%   -12.44%    +8.55%  -25.86pp   18.24%    0.137    43.8%     32     52      18      29
四维图新         002405   科技电子       -29.74%   -17.62%   -56.49%  +12.12pp   32.11%   -1.681    30.8%     26     48      13      26
恒瑞医药         600276   医药         -11.58%    +8.69%   +17.10%  +20.27pp   30.80%   -0.422    42.1%     38     38      20      22
云南白药         000538   医药          +5.14%    +8.14%   +10.22%   +3.00pp   14.89%   -0.076    50.0%     32     46      18      27
爱尔眼科         300015   医药         -27.36%   +18.34%   -63.10%  +45.70pp   29.45%   -1.505     7.7%     26     78      13      43
宁德时代         300750   新能源         -5.75%    -7.50%   +92.39%   -1.75pp   16.88%   -0.433    42.9%     28     34      14      19
比亚迪          002594   新能源        -25.69%   +13.32%   +15.35%  +39.01pp   33.10%   -0.987    44.4%     36     54      19      29
隆基绿能         601012   新能源        -14.15%   -43.48%   -68.81%  -29.33pp   18.70%   -1.098    54.5%     22     62      11      33
紫金矿业         601899   周期资源       +59.24%   +24.50%  +174.37%  -34.74pp   16.71%    0.758    61.9%     42     44      22      23
海螺水泥         600585   周期资源       -20.22%   -14.20%   -26.87%   +6.02pp   21.85%   -1.286    31.6%     38     76      19      41
中国铝业         601600   周期资源       +10.67%    -4.24%   +71.74%  -14.91pp   22.93%    0.117    54.5%     44     42      24      22
多氟多          002407   中小盘        -21.14%    -0.30%   +47.48%  +20.84pp   24.73%   -0.655    37.5%     16     24       9      13
利亚德          300296   中小盘        +30.46%   +22.23%   -23.39%   -8.23pp   25.97%    0.351    53.8%     26     44      13      25
大华股份         002236   中小盘         +2.46%    +0.24%   -32.49%   -2.22pp   20.87%   -0.146    66.7%     24     43      12      24
中国建筑         601668   大盘蓝筹       +21.77%   +16.18%    -9.02%   -5.59pp   18.03%    0.296    57.9%     38     58      19      33
中国国航         601111   大盘蓝筹        +9.68%    +0.21%   -46.01%   -9.47pp   15.52%    0.039    66.7%     24     60      12      34
中国石化         600028   大盘蓝筹       -24.82%   -30.49%    +6.58%   -5.67pp   25.35%   -1.728    26.7%     30     46      15      26
平煤股份         601666   超跌低价       +54.28%   +58.56%    +4.92%   +4.28pp   18.53%    0.626    44.4%     54     54      28      30
有研新材         600206   超跌低价      +125.86%   +49.11%  +186.37%  -76.75pp   14.15%    1.221    77.8%     19     22      12      15
正虹科技         000703   超跌低价       +13.10%   +12.69%   +80.85%   -0.41pp   18.59%    0.134    40.0%     10     26       5      16

==================================================================================================================================
  分组汇总
==================================================================================================================================
分组           数量       增量均收       批量均收       买入持有      前瞻虚增      增量回撤      增量夏普      增量胜率    增量交易    批量交易     增量跑赢     批量跑赢
----------------------------------------------------------------------------------------------------------------------------------
白酒消费          4     -6.48%     -7.72%    -51.42%    -1.24pp    13.28%    -0.897     56.2%      66     268    4/4      4/4  
金融            4     +6.81%     -0.87%    +45.82%    -7.68pp    21.42%    -0.221     42.6%     126     169    0/4      0/4  
科技电子          4     -1.58%    -10.38%    +21.81%    -8.80pp    23.68%    -0.401     37.9%     121     165    2/4      1/4  
医药            3    -11.27%    +11.72%    -11.93%   +22.99pp    25.05%    -0.668     33.3%      96     162    1/3      1/3  
新能源           3    -15.20%    -12.55%    +12.97%    +2.64pp    22.89%    -0.839     47.3%      86     150    1/3      1/3  
周期资源          3    +16.56%     +2.02%    +73.08%   -14.54pp    20.50%    -0.137     49.3%     124     162    1/3      1/3  
中小盘           3     +3.93%     +7.39%     -2.80%    +3.46pp    23.85%    -0.150     52.7%      66     111    2/3      2/3  
大盘蓝筹          3     +2.21%     -4.70%    -16.15%    -6.91pp    19.63%    -0.464     50.4%      92     164    2/3      2/3  
超跌低价          3    +64.41%    +40.12%    +90.72%   -24.29pp    17.09%     0.660     54.1%      83     102    1/3      1/3  

====================================================================================================
  ★ 全局汇总：增量分析器 vs 批量分析器 ★
====================================================================================================

  指标                             增量分析器           批量分析器            买入持有      差异(批-增)
  --------------------------------------------------------------------------------
  平均收益率                         +5.90%          +1.87%         +16.75%       -4.03pp
  正收益比例                15/30 ( 50.0%)  14/30 ( 46.7%)
  跑赢买入持有               14/30 ( 46.7%)  13/30 ( 43.3%)
  平均最大回撤                        20.69%                
  平均夏普比率                        -0.362                
  平均胜率                           46.9%           44.7%                        -2.2pp
  总交易笔数                            860            1453                         +593
  总3buy信号数                         452             802                         +350

  --- 前瞻偏差影响分析 ---
  平均前瞻虚增:     -4.03pp
  最大前瞻虚增:     +45.70pp
  最小前瞻虚增:     -76.75pp
  批量优于增量:     10/30 (33.3%)
  增量优于批量:     18/30 (60.0%)
  两者接近(±1%):    2/30

  --- 增量策略收益率分布 ---
    -30% ~ -10%     11 ###########
    -10% ~ 0%        4 ####
    0% ~ 10%         4 ####
    10% ~ 30%        6 ######
    30% ~ 50%        2 ##
    50% ~ 80%        2 ##
    > 80%            1 #

  --- 信号过滤效果（增量 vs 批量）---
  批量3buy信号总数:  802
  增量3buy信号总数:  452
  过滤掉信号数:      350
  信号过滤比例:      43.6%
  批量交易总数:      1453
  增量交易总数:      860
  交易减少比例:      40.8%

==================================================================================================================================
  评测完成
==================================================================================================================================
