============================= test session starts ==============================
platform darwin -- Python 3.11.11, pytest-8.3.4, pluggy-1.5.0 -- /Users/a1-6/.pyenv/versions/miniconda3-3.10-24.7.1-0/bin/python
cachedir: .pytest_cache
rootdir: /Users/a1-6/project/easy_tdx
configfile: pyproject.toml
plugins: dash-3.4.0, anyio-4.6.2, hydra-core-1.3.2, docker-3.1.1
collecting ... collected 1016 items

tests/unit/test_a_share_extensions.py::test_get_fund_flow_logic PASSED   [  0%]
tests/unit/test_a_share_extensions.py::test_classify_fund_flow_exact_thresholds_use_lower_bucket PASSED [  0%]
tests/unit/test_a_share_extensions.py::test_get_security_list_all_filtering PASSED [  0%]
tests/unit/test_a_share_extensions.py::test_get_market_stat_mapping PASSED [  0%]
tests/unit/test_a_share_extensions.py::test_get_history_fund_flow_parsing PASSED [  0%]
tests/unit/test_a_share_extensions.py::test_get_history_fund_flow_fallback PASSED [  0%]
tests/unit/test_a_share_extensions.py::test_get_price_limits_uses_listing_window PASSED [  0%]
tests/unit/test_a_share_extensions.py::test_get_minute_time_data_uses_history_endpoint PASSED [  0%]
tests/unit/test_a_share_extensions.py::test_async_get_minute_time_data_uses_history_endpoint PASSED [  0%]
tests/unit/test_async_transport.py::test_async_client_serializes_concurrent_calls PASSED [  0%]
tests/unit/test_async_transport.py::test_async_client_auto_reconnect PASSED [  1%]
tests/unit/test_async_transport.py::test_async_client_request_timeout PASSED [  1%]
tests/unit/test_backtest_attribution.py::TestCostAttribution::test_basic_cost_breakdown PASSED [  1%]
tests/unit/test_backtest_attribution.py::TestCostAttribution::test_total_return PASSED [  1%]
tests/unit/test_backtest_attribution.py::TestCostAttribution::test_empty_trades PASSED [  1%]
tests/unit/test_backtest_attribution.py::TestCostAttribution::test_stamp_tax_estimation PASSED [  1%]
tests/unit/test_backtest_attribution.py::TestBrinsonAttribution::test_no_benchmark_returns_only_total PASSED [  1%]
tests/unit/test_backtest_attribution.py::TestBrinsonAttribution::test_with_benchmark_selection PASSED [  1%]
tests/unit/test_backtest_attribution.py::TestBrinsonAttribution::test_with_groups_decomposition PASSED [  1%]
tests/unit/test_backtest_attribution.py::TestFactorAttribution::test_no_factors_returns_only_cost PASSED [  1%]
tests/unit/test_backtest_attribution.py::TestFactorAttribution::test_basic_factor_decomposition PASSED [  2%]
tests/unit/test_backtest_attribution.py::TestFactorAttribution::test_empty_factor_data PASSED [  2%]
tests/unit/test_backtest_attribution.py::TestFullReport::test_prefers_factor_over_brinson PASSED [  2%]
tests/unit/test_backtest_attribution.py::TestFullReport::test_falls_back_to_cost_only PASSED [  2%]
tests/unit/test_backtest_cli.py::TestBacktestCLI::test_help PASSED       [  2%]
tests/unit/test_backtest_cli.py::TestBacktestCLI::test_missing_strategy_fails PASSED [  2%]
tests/unit/test_backtest_combo.py::TestExtractFactorSignals::test_basic_buy_sell_signals PASSED [  2%]
tests/unit/test_backtest_combo.py::TestExtractFactorSignals::test_never_trade_strategy PASSED [  2%]
tests/unit/test_backtest_combo.py::TestExtractFactorSignals::test_real_ma_strategy PASSED [  2%]
tests/unit/test_backtest_combo.py::TestCombineMasks::test_and_mode PASSED [  2%]
tests/unit/test_backtest_combo.py::TestCombineMasks::test_or_mode PASSED [  3%]
tests/unit/test_backtest_combo.py::TestCombineMasks::test_majority_mode_2_factors PASSED [  3%]
tests/unit/test_backtest_combo.py::TestCombineMasks::test_majority_mode_3_factors PASSED [  3%]
tests/unit/test_backtest_combo.py::TestCombineMasks::test_invalid_mode_raises PASSED [  3%]
tests/unit/test_backtest_combo.py::TestCombinationRunner::test_run_combination_and PASSED [  3%]
tests/unit/test_backtest_combo.py::TestCombinationRunner::test_run_combination_or PASSED [  3%]
tests/unit/test_backtest_combo.py::TestCombinationRunner::test_screen_2_factors PASSED [  3%]
tests/unit/test_backtest_combo.py::TestCombinationRunner::test_screen_2_and_3_factors PASSED [  3%]
tests/unit/test_backtest_combo.py::TestCombinationRunner::test_screen_with_never_trade PASSED [  3%]
tests/unit/test_backtest_combo.py::TestCombinationRunner::test_screen_with_zero_trade_filtered PASSED [  3%]
tests/unit/test_backtest_engine.py::test_basic_run PASSED                [  4%]
tests/unit/test_backtest_engine.py::test_fixed_strategy PASSED           [  4%]
tests/unit/test_backtest_engine.py::test_result_columns PASSED           [  4%]
tests/unit/test_backtest_engine.py::test_to_dict PASSED                  [  4%]
tests/unit/test_backtest_engine.py::test_chanlun_injection PASSED        [  4%]
tests/unit/test_backtest_engine.py::test_config_snapshot PASSED          [  4%]
tests/unit/test_backtest_engine.py::test_precomputed_indicator_columns PASSED [  4%]
tests/unit/test_backtest_engine.py::test_empty_df PASSED                 [  4%]
tests/unit/test_backtest_engine.py::test_strategy_instance_vs_class PASSED [  4%]
tests/unit/test_backtest_engine.py::test_commission_calculation PASSED   [  4%]
tests/unit/test_backtest_engine.py::test_pnl_calculation PASSED          [  5%]
tests/unit/test_backtest_engine.py::test_position_aware_buy_sell_alternation PASSED [  5%]
tests/unit/test_backtest_engine.py::test_position_aware_no_duplicate_buys PASSED [  5%]
tests/unit/test_backtest_engine.py::test_stop_loss_triggers_sell PASSED  [  5%]
tests/unit/test_backtest_engine.py::test_take_profit_triggers_sell PASSED [  5%]
tests/unit/test_backtest_engine.py::test_stop_loss_gap_down_fills_at_worse_price PASSED [  5%]
tests/unit/test_backtest_engine.py::test_stop_loss_not_triggered_when_price_stays_above PASSED [  5%]
tests/unit/test_backtest_engine.py::test_stop_loss_takes_priority_over_strategy_sell PASSED [  5%]
tests/unit/test_backtest_engine.py::test_chanlun_auto_bridge PASSED      [  5%]
tests/unit/test_backtest_engine.py::test_chanlun_manual_result_overrides_auto PASSED [  5%]
tests/unit/test_backtest_engine.py::TestEngineSlippageModel::test_engine_with_slippage_model PASSED [  6%]
tests/unit/test_backtest_engine.py::TestEngineExecutionModel::test_engine_with_twap PASSED [  6%]
tests/unit/test_backtest_engine.py::TestEngineExecutionModel::test_execution_model_affects_equity PASSED [  6%]
tests/unit/test_backtest_engine.py::TestEngineExecutionModel::test_execution_model_with_vol_column PASSED [  6%]
tests/unit/test_backtest_engine.py::TestEngineExecutionModel::test_engine_backward_compatible PASSED [  6%]
tests/unit/test_backtest_engine.py::TestEngineExecutionModel::test_engine_accepts_date_column PASSED [  6%]
tests/unit/test_backtest_execution.py::TestExecutionBase::test_cannot_instantiate_abc PASSED [  6%]
tests/unit/test_backtest_execution.py::TestImmediateExecution::test_buy_signal PASSED [  6%]
tests/unit/test_backtest_execution.py::TestImmediateExecution::test_sell_signal PASSED [  6%]
tests/unit/test_backtest_execution.py::TestImmediateExecution::test_signal_at_last_bar PASSED [  6%]
tests/unit/test_backtest_execution.py::TestImmediateExecution::test_with_slippage_model PASSED [  6%]
tests/unit/test_backtest_execution.py::TestImmediateExecution::test_commission_on_buy PASSED [  7%]
tests/unit/test_backtest_execution.py::TestImmediateExecution::test_stamp_tax_on_sell PASSED [  7%]
tests/unit/test_backtest_execution.py::TestImmediateExecution::test_full_position_buy PASSED [  7%]
tests/unit/test_backtest_execution.py::TestTWAPExecution::test_split_buy_into_3_bars PASSED [  7%]
tests/unit/test_backtest_execution.py::TestTWAPExecution::test_split_sell_into_2_bars PASSED [  7%]
tests/unit/test_backtest_execution.py::TestTWAPExecution::test_truncates_at_data_end PASSED [  7%]
tests/unit/test_backtest_execution.py::TestTWAPExecution::test_full_position_mode PASSED [  7%]
tests/unit/test_backtest_execution.py::TestVWAPExecution::test_basic_buy PASSED [  7%]
tests/unit/test_backtest_execution.py::TestVWAPExecution::test_volume_weighted_split PASSED [  7%]
tests/unit/test_backtest_execution.py::TestVWAPExecution::test_truncates_at_data_end PASSED [  7%]
tests/unit/test_backtest_execution.py::TestLimitExecution::test_buy_limit_filled PASSED [  8%]
tests/unit/test_backtest_execution.py::TestLimitExecution::test_sell_limit_filled PASSED [  8%]
tests/unit/test_backtest_execution.py::TestLimitExecution::test_limit_not_triggered PASSED [  8%]
tests/unit/test_backtest_execution.py::TestLimitExecution::test_no_price_falls_back_to_immediate PASSED [  8%]
tests/unit/test_backtest_execution.py::TestLimitExecution::test_ttl_expires PASSED [  8%]
tests/unit/test_backtest_orders.py::TestExecutionModes::test_next_open PASSED [  8%]
tests/unit/test_backtest_orders.py::TestExecutionModes::test_next_close PASSED [  8%]
tests/unit/test_backtest_orders.py::TestPositionModes::test_full_position PASSED [  8%]
tests/unit/test_backtest_orders.py::TestPositionModes::test_fixed_position PASSED [  8%]
tests/unit/test_backtest_orders.py::TestPositionModes::test_percent_position PASSED [  8%]
tests/unit/test_backtest_orders.py::TestRejectPolicy::test_reduce_on_insufficient_cash PASSED [  9%]
tests/unit/test_backtest_orders.py::TestRejectPolicy::test_skip_on_insufficient_cash PASSED [  9%]
tests/unit/test_backtest_orders.py::TestRejectPolicy::test_sell_with_no_position_skip PASSED [  9%]
tests/unit/test_backtest_orders.py::TestRejectPolicy::test_reduce_on_insufficient_position PASSED [  9%]
tests/unit/test_backtest_orders.py::TestFees::test_commission_on_buy PASSED [  9%]
tests/unit/test_backtest_orders.py::TestFees::test_stamp_tax_on_sell PASSED [  9%]
tests/unit/test_backtest_orders.py::TestFees::test_slippage PASSED       [  9%]
tests/unit/test_backtest_orders.py::TestEdgeCases::test_signal_not_found_in_df PASSED [  9%]
tests/unit/test_backtest_orders.py::TestEdgeCases::test_signal_at_last_bar_next_execution PASSED [  9%]
tests/unit/test_backtest_orders.py::TestEdgeCases::test_datetime_column_as_int PASSED [  9%]
tests/unit/test_backtest_orders.py::TestEdgeCases::test_datetime_column_as_datetime PASSED [ 10%]
tests/unit/test_backtest_orders.py::TestEdgeCases::test_multiple_signals PASSED [ 10%]
tests/unit/test_backtest_orders.py::TestEdgeCases::test_position_tracking PASSED [ 10%]
tests/unit/test_backtest_orders.py::TestSlippageModelIntegration::test_fixed_slippage_model PASSED [ 10%]
tests/unit/test_backtest_orders.py::TestSlippageModelIntegration::test_percent_slippage_model PASSED [ 10%]
tests/unit/test_backtest_orders.py::TestSlippageModelIntegration::test_slippage_model_overrides_slippage_param PASSED [ 10%]
tests/unit/test_backtest_orders.py::TestSlippageModelIntegration::test_sell_with_slippage_model PASSED [ 10%]
tests/unit/test_backtest_orders.py::TestSlippageModelIntegration::test_no_slippage_model_uses_old_param PASSED [ 10%]
tests/unit/test_backtest_orders.py::TestNonContinuousIndex::test_next_open_with_non_continuous_index PASSED [ 10%]
tests/unit/test_backtest_performance.py::test_total_return PASSED        [ 10%]
tests/unit/test_backtest_performance.py::test_max_drawdown_never_exceeds_100_pct PASSED [ 11%]
tests/unit/test_backtest_performance.py::test_max_drawdown_zero_when_monotonic PASSED [ 11%]
tests/unit/test_backtest_performance.py::test_sharpe_positive_for_profit PASSED [ 11%]
tests/unit/test_backtest_performance.py::test_win_rate PASSED            [ 11%]
tests/unit/test_backtest_performance.py::test_total_trades PASSED        [ 11%]
tests/unit/test_backtest_performance.py::test_empty_trades PASSED        [ 11%]
tests/unit/test_backtest_performance.py::test_all_keys_present PASSED    [ 11%]
tests/unit/test_backtest_performance.py::test_alias_keys_match_canonical PASSED [ 11%]
tests/unit/test_backtest_performance.py::test_empty_equity_curve PASSED  [ 11%]
tests/unit/test_backtest_performance.py::test_single_point_equity_curve PASSED [ 11%]
tests/unit/test_backtest_performance.py::test_profit_factor PASSED       [ 12%]
tests/unit/test_backtest_performance.py::test_avg_win_and_loss PASSED    [ 12%]
tests/unit/test_backtest_performance.py::test_max_win_and_loss PASSED    [ 12%]
tests/unit/test_backtest_performance.py::test_annual_return PASSED       [ 12%]
tests/unit/test_backtest_performance.py::test_volatility PASSED          [ 12%]
tests/unit/test_backtest_performance.py::test_rejected_trades PASSED     [ 12%]
tests/unit/test_backtest_performance.py::test_win_trades_and_lose_trades_count PASSED [ 12%]
tests/unit/test_backtest_performance.py::test_avg_holding_days_fifo PASSED [ 12%]
tests/unit/test_backtest_performance.py::test_avg_holding_days_weighted PASSED [ 12%]
tests/unit/test_backtest_performance.py::test_avg_holding_days_no_datetime PASSED [ 12%]
tests/unit/test_backtest_performance.py::test_avg_holding_days_only_buys PASSED [ 12%]
tests/unit/test_backtest_performance.py::test_max_dd_duration PASSED     [ 13%]
tests/unit/test_backtest_performance.py::test_sortino PASSED             [ 13%]
tests/unit/test_backtest_performance.py::test_calmar PASSED              [ 13%]
tests/unit/test_backtest_performance.py::test_metrics_handles_zero_intermediate_equity PASSED [ 13%]
tests/unit/test_backtest_performance.py::test_metrics_handles_zero_first_equity PASSED [ 13%]
tests/unit/test_backtest_performance.py::test_metrics_all_zero_equity_does_not_raise PASSED [ 13%]
tests/unit/test_backtest_performance.py::test_avg_holding_days_crosses_month_boundary PASSED [ 13%]
tests/unit/test_backtest_performance.py::test_profit_factor_no_losing_trades_is_large PASSED [ 13%]
tests/unit/test_backtest_performance.py::test_avg_win_zero_when_no_cost_basis_column PASSED [ 13%]
tests/unit/test_backtest_portfolio.py::test_initial_state PASSED         [ 13%]
tests/unit/test_backtest_portfolio.py::test_buy_then_sell PASSED         [ 14%]
tests/unit/test_backtest_portfolio.py::test_drawdown_calculation PASSED  [ 14%]
tests/unit/test_backtest_portfolio.py::test_equity_curve_columns PASSED  [ 14%]
tests/unit/test_backtest_portfolio.py::test_position_tracking PASSED     [ 14%]
tests/unit/test_backtest_portfolio.py::test_avg_price_update PASSED      [ 14%]
tests/unit/test_backtest_portfolio.py::test_sell_clears_position PASSED  [ 14%]
tests/unit/test_backtest_portfolio.py::test_position_market_value PASSED [ 14%]
tests/unit/test_backtest_portfolio.py::test_unrealized_pnl PASSED        [ 14%]
tests/unit/test_backtest_portfolio.py::test_rejected_trade_ignored PASSED [ 14%]
tests/unit/test_backtest_portfolio.py::test_commission_and_slippage PASSED [ 14%]
tests/unit/test_backtest_portfolio.py::test_empty_trades PASSED          [ 15%]
tests/unit/test_backtest_portfolio.py::test_apply_trades_int_datetime_vs_datetime64_df PASSED [ 15%]
tests/unit/test_backtest_portfolio.py::test_apply_trades_timestamp_vs_int_df PASSED [ 15%]
tests/unit/test_backtest_slippage.py::TestSlippageBase::test_cannot_instantiate_abc PASSED [ 15%]
tests/unit/test_backtest_slippage.py::TestSlippageBase::test_subclass_must_implement_compute PASSED [ 15%]
tests/unit/test_backtest_slippage.py::TestFixedSlippage::test_zero_per_share PASSED [ 15%]
tests/unit/test_backtest_slippage.py::TestFixedSlippage::test_basic PASSED [ 15%]
tests/unit/test_backtest_slippage.py::TestFixedSlippage::test_large_size PASSED [ 15%]
tests/unit/test_backtest_slippage.py::TestFixedSlippage::test_direction_irrelevant PASSED [ 15%]
tests/unit/test_backtest_slippage.py::TestPercentSlippage::test_zero_rate PASSED [ 15%]
tests/unit/test_backtest_slippage.py::TestPercentSlippage::test_basic PASSED [ 16%]
tests/unit/test_backtest_slippage.py::TestPercentSlippage::test_high_price PASSED [ 16%]
tests/unit/test_backtest_slippage.py::TestSquareRootSlippage::test_zero_size PASSED [ 16%]
tests/unit/test_backtest_slippage.py::TestSquareRootSlippage::test_small_participation_rate PASSED [ 16%]
tests/unit/test_backtest_slippage.py::TestSquareRootSlippage::test_high_participation_rate PASSED [ 16%]
tests/unit/test_backtest_slippage.py::TestSquareRootSlippage::test_zero_volume_fallback PASSED [ 16%]
tests/unit/test_backtest_slippage.py::TestSquareRootSlippage::test_zero_volatility_fallback PASSED [ 16%]
tests/unit/test_backtest_slippage.py::TestVolumeSlippage::test_zero_size PASSED [ 16%]
tests/unit/test_backtest_slippage.py::TestVolumeSlippage::test_basic PASSED [ 16%]
tests/unit/test_backtest_slippage.py::TestVolumeSlippage::test_high_participation PASSED [ 16%]
tests/unit/test_backtest_slippage.py::TestVolumeSlippage::test_zero_volume_fallback PASSED [ 17%]
tests/unit/test_backtest_strategy.py::TestSeriesAccessor::test_current_value PASSED [ 17%]
tests/unit/test_backtest_strategy.py::TestSeriesAccessor::test_previous_value PASSED [ 17%]
tests/unit/test_backtest_strategy.py::TestSeriesAccessor::test_previous_two PASSED [ 17%]
tests/unit/test_backtest_strategy.py::TestSeriesAccessor::test_index_out_of_bounds_negative PASSED [ 17%]
tests/unit/test_backtest_strategy.py::TestSeriesAccessor::test_len PASSED [ 17%]
tests/unit/test_backtest_strategy.py::TestSeriesAccessor::test_array_conversion PASSED [ 17%]
tests/unit/test_backtest_strategy.py::TestSeriesAccessor::test_raw_property PASSED [ 17%]
tests/unit/test_backtest_strategy.py::TestStrategyDataProxy::test_basic_columns PASSED [ 17%]
tests/unit/test_backtest_strategy.py::TestStrategyDataProxy::test_previous_bar PASSED [ 17%]
tests/unit/test_backtest_strategy.py::TestStrategyDataProxy::test_extra_columns_via_getattr PASSED [ 18%]
tests/unit/test_backtest_strategy.py::TestStrategyDataProxy::test_missing_column_raises PASSED [ 18%]
tests/unit/test_backtest_strategy.py::TestCrossover::test_crossover_true PASSED [ 18%]
tests/unit/test_backtest_strategy.py::TestCrossover::test_crossover_false_no_cross PASSED [ 18%]
tests/unit/test_backtest_strategy.py::TestCrossover::test_crossover_series PASSED [ 18%]
tests/unit/test_backtest_strategy.py::TestCrossover::test_crossover_with_accessor PASSED [ 18%]
tests/unit/test_backtest_strategy.py::TestStrategyBase::test_subclass_init_and_next PASSED [ 18%]
tests/unit/test_backtest_strategy.py::TestStrategyBase::test_buy_sell_recording PASSED [ 18%]
tests/unit/test_backtest_strategy.py::TestStrategyBase::test_I_registers_indicator PASSED [ 18%]
tests/unit/test_backtest_strategy.py::TestStrategyBase::test_full_position_buy PASSED [ 18%]
tests/unit/test_backtest_strategy.py::TestStrategyBase::test_data_property PASSED [ 18%]
tests/unit/test_backtest_strategy.py::TestStrategyBase::test_position_property PASSED [ 19%]
tests/unit/test_backtest_strategy.py::TestStrategyBase::test_get_datetime PASSED [ 19%]
tests/unit/test_backtest_strategy.py::TestStrategyBase::test_clear_signals PASSED [ 19%]
tests/unit/test_backtest_strategy.py::TestStrategyBase::test_buy_without_bind_raises PASSED [ 19%]
tests/unit/test_backtest_strategy.py::TestStrategyBase::test_chanlun_property PASSED [ 19%]
tests/unit/test_backtest_strategy.py::TestWarmupAndLookback::test_lookback_negative_returns_nan_at_bar_zero PASSED [ 19%]
tests/unit/test_backtest_strategy.py::TestWarmupAndLookback::test_engine_no_crash_on_close_minus_one PASSED [ 19%]
tests/unit/test_backtest_strategy.py::TestWarmupAndLookback::test_warmup_bars_skips_early_next PASSED [ 19%]
tests/unit/test_backtest_strategy.py::TestWarmupAndLookback::test_warmup_bars_default_zero_backward_compat PASSED [ 19%]
tests/unit/test_backtest_types.py::test_signal_defaults PASSED           [ 19%]
tests/unit/test_backtest_types.py::test_signal_with_all_fields PASSED    [ 20%]
tests/unit/test_backtest_types.py::test_direction_literal PASSED         [ 20%]
tests/unit/test_backtest_types.py::test_trade_defaults PASSED            [ 20%]
tests/unit/test_backtest_types.py::test_trade_with_pnl PASSED            [ 20%]
tests/unit/test_backtest_types.py::test_trade_rejected PASSED            [ 20%]
tests/unit/test_backtest_types.py::test_position_long PASSED             [ 20%]
tests/unit/test_backtest_types.py::test_position_short PASSED            [ 20%]
tests/unit/test_backtest_types.py::test_position_flat PASSED             [ 20%]
tests/unit/test_backtest_types.py::test_backtest_result_to_dict PASSED   [ 20%]
tests/unit/test_backtest_types.py::test_backtest_result_to_json PASSED   [ 20%]
tests/unit/test_backtest_types.py::test_backtest_result_empty_dataframes PASSED [ 21%]
tests/unit/test_backtest_types.py::test_backtest_result_summary PASSED   [ 21%]
tests/unit/test_block_info.py::test_async_get_block_info_logic PASSED    [ 21%]
tests/unit/test_block_info.py::test_parse_block_dat_empty PASSED         [ 21%]
tests/unit/test_block_info.py::test_parse_block_dat_basic PASSED         [ 21%]
tests/unit/test_block_info.py::test_get_block_info_logic PASSED          [ 21%]
tests/unit/test_board_change_ranking.py::test_empty_board_list PASSED    [ 21%]
tests/unit/test_board_change_ranking.py::test_basic_change_calculation PASSED [ 21%]
tests/unit/test_board_change_ranking.py::test_target_date_falls_on_weekend PASSED [ 21%]
tests/unit/test_board_change_ranking.py::test_insufficient_history PASSED [ 21%]
tests/unit/test_board_change_ranking.py::test_close_start_zero_skipped PASSED [ 22%]
tests/unit/test_board_change_ranking.py::test_days_less_than_one_raises PASSED [ 22%]
tests/unit/test_board_change_ranking.py::test_empty_kline_skipped PASSED [ 22%]
tests/unit/test_board_change_ranking.py::test_full_ranking PASSED        [ 22%]
tests/unit/test_board_change_ranking.py::test_top_n_truncation PASSED    [ 22%]
tests/unit/test_board_change_ranking.py::test_ascending_order PASSED     [ 22%]
tests/unit/test_board_change_ranking.py::test_days_validation PASSED     [ 22%]
tests/unit/test_board_change_ranking.py::test_with_target_date PASSED    [ 22%]
tests/unit/test_chanlun.py::TestMergeKlines::test_no_merge_needed PASSED [ 22%]
tests/unit/test_chanlun.py::TestMergeKlines::test_upward_include PASSED  [ 22%]
tests/unit/test_chanlun.py::TestMergeKlines::test_downward_include PASSED [ 23%]
tests/unit/test_chanlun.py::TestMergeKlines::test_three_klines_with_two_merges PASSED [ 23%]
tests/unit/test_chanlun.py::TestMergeKlines::test_empty_input PASSED     [ 23%]
tests/unit/test_chanlun.py::TestMergeKlines::test_single_kline PASSED    [ 23%]
tests/unit/test_chanlun.py::TestMergeKlines::test_mixed_merge_and_non_merge PASSED [ 23%]
tests/unit/test_chanlun.py::TestMergeKlines::test_index_assignment PASSED [ 23%]
tests/unit/test_chanlun.py::TestMergeKlines::test_klines_reference_preserved PASSED [ 23%]
tests/unit/test_chanlun.py::TestFindFractals::test_simple_ding_fx PASSED [ 23%]
tests/unit/test_chanlun.py::TestFindFractals::test_simple_di_fx PASSED   [ 23%]
tests/unit/test_chanlun.py::TestFindFractals::test_no_fractal PASSED     [ 23%]
tests/unit/test_chanlun.py::TestFindFractals::test_alternating_ding_di PASSED [ 24%]
tests/unit/test_chanlun.py::TestFindFractals::test_insufficient_klines PASSED [ 24%]
tests/unit/test_chanlun.py::TestFindFractals::test_equal_highs_no_ding PASSED [ 24%]
tests/unit/test_chanlun.py::TestFindFractals::test_equal_lows_no_di PASSED [ 24%]
tests/unit/test_chanlun.py::TestFindBis::test_simple_up_down_bi PASSED   [ 24%]
tests/unit/test_chanlun.py::TestFindBis::test_new_bi_rule_needs_gap PASSED [ 24%]
tests/unit/test_chanlun.py::TestFindBis::test_ding_di_must_alternate PASSED [ 24%]
tests/unit/test_chanlun.py::TestFindBis::test_empty_fractals PASSED      [ 24%]
tests/unit/test_chanlun.py::TestFindBis::test_bi_high_low PASSED         [ 24%]
tests/unit/test_chanlun.py::TestFindBis::test_full_pipeline_merge_to_bi PASSED [ 24%]
tests/unit/test_chanlun.py::TestFindBis::test_fractal_trap_regression PASSED [ 25%]
tests/unit/test_chanlun.py::TestFindZss::test_three_overlapping_bis_form_zs PASSED [ 25%]
tests/unit/test_chanlun.py::TestFindZss::test_no_overlap_no_zs PASSED    [ 25%]
tests/unit/test_chanlun.py::TestFindZss::test_empty_bis_no_zs PASSED     [ 25%]
tests/unit/test_chanlun.py::TestFindZss::test_zs_overlap_properties PASSED [ 25%]
tests/unit/test_chanlun.py::TestChanlunAnalyser::test_analyse_with_dataframe PASSED [ 25%]
tests/unit/test_chanlun.py::TestChanlunAnalyser::test_empty_dataframe PASSED [ 25%]
tests/unit/test_chanlun.py::TestChanlunAnalyser::test_result_to_dict PASSED [ 25%]
tests/unit/test_chanlun.py::TestChanlunAnalyser::test_result_to_dict_with_visual_dates PASSED [ 25%]
tests/unit/test_chanlun.py::TestChanlunAnalyser::test_result_to_dict_minute_frequency_includes_time PASSED [ 25%]
tests/unit/test_chanlun.py::TestChanlunAnalyser::test_print_table_with_dates PASSED [ 25%]
tests/unit/test_chanlun_phase2.py::TestMacd::test_macd_output_length PASSED [ 26%]
tests/unit/test_chanlun_phase2.py::TestMacd::test_macd_short_input PASSED [ 26%]
tests/unit/test_chanlun_phase2.py::TestMacd::test_macd_uptrend_positive_dif PASSED [ 26%]
tests/unit/test_chanlun_phase2.py::TestMacd::test_macd_downtrend_negative_dif PASSED [ 26%]
tests/unit/test_chanlun_phase2.py::TestMacd::test_macd_hist_equals_2x_diff PASSED [ 26%]
tests/unit/test_chanlun_phase2.py::TestMacd::test_macd_custom_params PASSED [ 26%]
tests/unit/test_chanlun_phase2.py::TestFindXds::test_basic_xd_from_bis PASSED [ 26%]
tests/unit/test_chanlun_phase2.py::TestFindXds::test_empty_bis PASSED    [ 26%]
tests/unit/test_chanlun_phase2.py::TestFindXds::test_xd_direction_alternates PASSED [ 26%]
tests/unit/test_chanlun_phase2.py::TestFindMmds::test_first_buy_after_zs PASSED [ 26%]
tests/unit/test_chanlun_phase2.py::TestFindMmds::test_empty_input PASSED [ 27%]
tests/unit/test_chanlun_phase2.py::TestBeichi::test_divergence_detection PASSED [ 27%]
tests/unit/test_chanlun_phase2.py::TestBeichi::test_empty_input PASSED   [ 27%]
tests/unit/test_chanlun_phase3.py::TestMultiLevel::test_multi_level_basic PASSED [ 27%]
tests/unit/test_chanlun_phase3.py::TestMultiLevel::test_multi_level_low_level_qs PASSED [ 27%]
tests/unit/test_chanlun_phase3.py::TestMultiLevel::test_multi_level_empty PASSED [ 27%]
tests/unit/test_chanlun_phase3.py::TestIncrementalUpdate::test_incremental_update PASSED [ 27%]
tests/unit/test_chanlun_phase3.py::TestIncrementalUpdate::test_full_replacement PASSED [ 27%]
tests/unit/test_chanlun_phase3.py::TestIncrementalUpdate::test_append_klines PASSED [ 27%]
tests/unit/test_chanlun_phase3.py::TestIncrementalUpdate::test_append_without_init_raises PASSED [ 27%]
tests/unit/test_chanlun_phase3.py::TestZsd::test_zsd_from_xds PASSED     [ 28%]
tests/unit/test_chanlun_phase3.py::TestZsd::test_empty_xds PASSED        [ 28%]
tests/unit/test_client_reconnect.py::TestSyncExecuteReconnect::test_reconnect_succeeds_on_second_attempt PASSED [ 28%]
tests/unit/test_client_reconnect.py::TestSyncExecuteReconnect::test_all_retries_exhausted_raises_last PASSED [ 28%]
tests/unit/test_client_reconnect.py::TestSyncExecuteReconnect::test_no_reconnect_when_disabled PASSED [ 28%]
tests/unit/test_client_reconnect.py::TestSyncExecuteReconnect::test_retry_uses_exponential_backoff_delays PASSED [ 28%]
tests/unit/test_client_reconnect.py::TestAsyncExecuteReconnect::test_async_reconnect_succeeds_on_second_attempt PASSED [ 28%]
tests/unit/test_client_reconnect.py::TestAsyncExecuteReconnect::test_async_all_retries_exhausted PASSED [ 28%]
tests/unit/test_cninfo.py::test_public_exports PASSED                    [ 28%]
tests/unit/test_cninfo.py::test_announcement_is_frozen_dataclass PASSED  [ 28%]
tests/unit/test_cninfo.py::test_cninfo_error_is_exception PASSED         [ 29%]
tests/unit/test_cninfo.py::test_build_detail_url_has_four_params PASSED  [ 29%]
tests/unit/test_cninfo.py::test_build_pdf_url PASSED                     [ 29%]
tests/unit/test_cninfo.py::test_ts_to_date_from_millis PASSED            [ 29%]
tests/unit/test_cninfo.py::test_ts_to_date_from_string PASSED            [ 29%]
tests/unit/test_cninfo.py::test_ts_to_date_empty PASSED                  [ 29%]
tests/unit/test_cninfo.py::test_resolve_orgid_from_dynamic_map PASSED    [ 29%]
tests/unit/test_cninfo.py::test_resolve_orgid_fallback_6_prefix PASSED   [ 29%]
tests/unit/test_cninfo.py::test_resolve_orgid_fallback_8_prefix PASSED   [ 29%]
tests/unit/test_cninfo.py::test_resolve_orgid_fallback_sz_default PASSED [ 29%]
tests/unit/test_cninfo.py::test_resolve_orgid_empty_map_does_not_cache PASSED [ 30%]
tests/unit/test_cninfo.py::test_resolve_orgid_fetch_failure_fallback PASSED [ 30%]
tests/unit/test_cninfo.py::test_resolve_orgid_cache_reused PASSED        [ 30%]
tests/unit/test_cninfo.py::test_get_announcements_returns_dataframe PASSED [ 30%]
tests/unit/test_cninfo.py::test_get_announcements_type_fallback_to_adjunct_type PASSED [ 30%]
tests/unit/test_cninfo.py::test_get_announcements_url_has_four_params PASSED [ 30%]
tests/unit/test_cninfo.py::test_get_announcements_pdf_url PASSED         [ 30%]
tests/unit/test_cninfo.py::test_get_announcements_empty PASSED           [ 30%]
tests/unit/test_cninfo.py::test_get_announcements_missing_key PASSED     [ 30%]
tests/unit/test_cninfo.py::test_get_announcements_request_failure_raises_cninfo_error PASSED [ 30%]
tests/unit/test_cninfo.py::test_get_announcements_pagination PASSED      [ 31%]
tests/unit/test_cninfo.py::test_get_announcements_uses_fallback_orgid PASSED [ 31%]
tests/unit/test_cninfo.py::test_get_announcements_skips_non_dict_items PASSED [ 31%]
tests/unit/test_cninfo.py::test_get_announcements_response_not_dict PASSED [ 31%]
tests/unit/test_cninfo.py::test_get_announcements_malformed_timestamp_wrapped_as_cninfo_error PASSED [ 31%]
tests/unit/test_cninfo.py::test_download_pdf_success PASSED              [ 31%]
tests/unit/test_cninfo.py::test_download_pdf_custom_filename PASSED      [ 31%]
tests/unit/test_cninfo.py::test_download_pdf_no_attachment_raises PASSED [ 31%]
tests/unit/test_cninfo.py::test_download_pdf_creates_dest_dir PASSED     [ 31%]
tests/unit/test_cninfo.py::test_download_pdf_accepts_series PASSED       [ 31%]
tests/unit/test_cninfo.py::test_download_pdf_network_failure_wrapped PASSED [ 31%]
tests/unit/test_cninfo.py::test_http_post_form_urlencoded_body PASSED    [ 32%]
tests/unit/test_cninfo.py::test_http_get_json_headers PASSED             [ 32%]
tests/unit/test_codec_bitmap.py::TestFieldBit::test_field_name_is_lower PASSED [ 32%]
tests/unit/test_codec_bitmap.py::TestFieldBit::test_fmt_and_desc_attached PASSED [ 32%]
tests/unit/test_codec_bitmap.py::TestFieldBit::test_value_is_bit_position PASSED [ 32%]
tests/unit/test_codec_bitmap.py::TestPresetField::test_ohlc_contains_four_fields PASSED [ 32%]
tests/unit/test_codec_bitmap.py::TestPresetField::test_chain_plus_combines PASSED [ 32%]
tests/unit/test_codec_bitmap.py::TestPresetField::test_chain_or_combines PASSED [ 32%]
tests/unit/test_codec_bitmap.py::TestFieldSelection::test_dedup_preserves_order PASSED [ 32%]
tests/unit/test_codec_bitmap.py::TestFieldSelection::test_empty_selection PASSED [ 32%]
tests/unit/test_codec_bitmap.py::TestBuildBitmap::test_single_field_sets_correct_bit PASSED [ 33%]
tests/unit/test_codec_bitmap.py::TestBuildBitmap::test_multiple_fields_or PASSED [ 33%]
tests/unit/test_codec_bitmap.py::TestBuildBitmap::test_exclude_flags_appended PASSED [ 33%]
tests/unit/test_codec_bitmap.py::TestBuildBitmap::test_debug_preset_all_ff PASSED [ 33%]
tests/unit/test_codec_bitmap.py::TestGetActiveFields::test_roundtrip PASSED [ 33%]
tests/unit/test_codec_bitmap.py::TestGetActiveFields::test_empty_bitmap PASSED [ 33%]
tests/unit/test_codec_bitmap.py::TestGetActiveFields::test_fmt_returned PASSED [ 33%]
tests/unit/test_codec_bitmap.py::TestGetActiveFields::test_sorted_by_bit_position PASSED [ 33%]
tests/unit/test_codec_bitmap.py::TestBuildExcludeFlags::test_zero PASSED [ 33%]
tests/unit/test_codec_bitmap.py::TestBuildExcludeFlags::test_value PASSED [ 33%]
tests/unit/test_codec_datetime.py::TestGetDatetimeMinute::test_basic PASSED [ 34%]
tests/unit/test_codec_datetime.py::TestGetDatetimeMinute::test_open_time PASSED [ 34%]
tests/unit/test_codec_datetime.py::TestGetDatetimeMinute::test_close_time PASSED [ 34%]
tests/unit/test_codec_datetime.py::TestGetDatetimeDay::test_basic PASSED [ 34%]
tests/unit/test_codec_datetime.py::TestGetDatetime::test_minute_category PASSED [ 34%]
tests/unit/test_codec_datetime.py::TestGetDatetime::test_day_category PASSED [ 34%]
tests/unit/test_codec_datetime.py::TestGetTime::test_basic PASSED        [ 34%]
tests/unit/test_codec_datetime.py::TestCategoryToMinutes::test_minute_categories PASSED [ 34%]
tests/unit/test_codec_datetime.py::TestCategoryToMinutes::test_daily_plus_returns_none PASSED [ 34%]
tests/unit/test_codec_datetime.py::TestPeriodToMinutes::test_basic_periods PASSED [ 34%]
tests/unit/test_codec_datetime.py::TestPeriodToMinutes::test_mins_multiplied_by_times PASSED [ 35%]
tests/unit/test_codec_datetime.py::TestPeriodToMinutes::test_daily_plus_and_seconds_return_none PASSED [ 35%]
tests/unit/test_codec_frame.py::TestParseHeader::test_uncompressed PASSED [ 35%]
tests/unit/test_codec_frame.py::TestParseHeader::test_compressed PASSED  [ 35%]
tests/unit/test_codec_frame.py::TestParseHeader::test_header_size PASSED [ 35%]
tests/unit/test_codec_frame.py::TestDecompressBody::test_no_compression PASSED [ 35%]
tests/unit/test_codec_frame.py::TestDecompressBody::test_zlib_decompression PASSED [ 35%]
tests/unit/test_codec_price.py::TestGetPrice::test_single_byte_zero PASSED [ 35%]
tests/unit/test_codec_price.py::TestGetPrice::test_single_byte_positive PASSED [ 35%]
tests/unit/test_codec_price.py::TestGetPrice::test_single_byte_negative PASSED [ 35%]
tests/unit/test_codec_price.py::TestGetPrice::test_multi_byte_positive PASSED [ 36%]
tests/unit/test_codec_price.py::TestGetPrice::test_pos_advances PASSED   [ 36%]
tests/unit/test_codec_price.py::TestGetPrice::test_roundtrip PASSED      [ 36%]
tests/unit/test_codec_price.py::TestPutPrice::test_zero PASSED           [ 36%]
tests/unit/test_codec_price.py::TestPutPrice::test_small_positive PASSED [ 36%]
tests/unit/test_codec_price.py::TestPutPrice::test_small_negative PASSED [ 36%]
tests/unit/test_codec_price.py::TestPutPrice::test_large_value PASSED    [ 36%]
tests/unit/test_codec_volume.py::TestGetVolume::test_zero PASSED         [ 36%]
tests/unit/test_codec_volume.py::TestGetVolume::test_known_value_4098 PASSED [ 36%]
tests/unit/test_codec_volume.py::TestGetVolume::test_advances_pos PASSED [ 36%]
tests/unit/test_codec_volume.py::TestGetVolume::test_nonnegative PASSED  [ 37%]
tests/unit/test_commands_offline.py::test_security_count_parse PASSED    [ 37%]
tests/unit/test_commands_offline.py::test_security_list_parse PASSED     [ 37%]
tests/unit/test_commands_offline.py::test_security_list_pre_close_uses_tdx_float_for_a_share PASSED [ 37%]
tests/unit/test_commands_offline.py::test_security_list_gbk_no_crash PASSED [ 37%]
tests/unit/test_commands_offline.py::test_security_bars_parse PASSED     [ 37%]
tests/unit/test_commands_offline.py::test_security_bars_truncated_drops_partial_last_record PASSED [ 37%]
tests/unit/test_commands_offline.py::test_security_bars_truncated_first_record_returns_empty PASSED [ 37%]
tests/unit/test_commands_offline.py::test_security_quotes_parse PASSED   [ 37%]
tests/unit/test_commands_offline.py::test_security_quotes_decimal_point_classification PASSED [ 37%]
tests/unit/test_commands_offline.py::test_security_quotes_etf_price_not_inflated_10x PASSED [ 37%]
tests/unit/test_commands_offline.py::test_security_quotes_stock_price_unchanged PASSED [ 38%]
tests/unit/test_commands_offline.py::test_security_quotes_index_price_3_digits PASSED [ 38%]
tests/unit/test_commands_offline.py::test_minute_time_parse PASSED       [ 38%]
tests/unit/test_commands_offline.py::test_history_minute_time_parse PASSED [ 38%]
tests/unit/test_commands_offline.py::test_transaction_parse PASSED       [ 38%]
tests/unit/test_commands_offline.py::test_history_transaction_parse PASSED [ 38%]
tests/unit/test_commands_offline.py::test_xdxr_info_parse PASSED         [ 38%]
tests/unit/test_commands_offline.py::test_xdxr_info_category_1_normalizes_per_10_share_fields PASSED [ 38%]
tests/unit/test_commands_offline.py::test_finance_info_parse PASSED      [ 38%]
tests/unit/test_commands_offline.py::test_company_info_category_parse PASSED [ 38%]
tests/unit/test_commands_offline.py::test_company_info_content_parse PASSED [ 39%]
tests/unit/test_config.py::TestEnvOverride::test_env_host_overrides_config PASSED [ 39%]
tests/unit/test_config.py::TestEnvOverride::test_env_port_overrides_config PASSED [ 39%]
tests/unit/test_config.py::TestEnvOverride::test_env_timeout_overrides_config PASSED [ 39%]
tests/unit/test_config.py::TestEnvOverride::test_env_known_hosts_csv PASSED [ 39%]
tests/unit/test_config.py::TestConfigReadWrite::test_no_config_file_uses_fallback PASSED [ 39%]
tests/unit/test_config.py::TestConfigReadWrite::test_config_json_host PASSED [ 39%]
tests/unit/test_config.py::TestConfigReadWrite::test_load_corrupt_json_returns_empty PASSED [ 39%]
tests/unit/test_config.py::TestSaveBestHost::test_first_write_completes_defaults PASSED [ 39%]
tests/unit/test_config.py::TestSaveBestHost::test_second_write_preserves_existing PASSED [ 39%]
tests/unit/test_config.py::TestSaveBestHost::test_atomic_write PASSED    [ 40%]
tests/unit/test_config.py::TestBestHostPollutionGuard::test_mac_host_in_best_host_gets_reset PASSED [ 40%]
tests/unit/test_config.py::TestBestHostPollutionGuard::test_valid_host_not_reset PASSED [ 40%]
tests/unit/test_config.py::TestBestHostPollutionGuard::test_reset_persists_to_config PASSED [ 40%]
tests/unit/test_config.py::TestMacHostSeparation::test_save_best_mac_host_does_not_touch_best_host PASSED [ 40%]
tests/unit/test_config.py::TestMacHostSeparation::test_get_best_mac_host_returns_mac_host PASSED [ 40%]
tests/unit/test_decode_errors.py::test_security_count_truncated_raises_tdxdecodeerror PASSED [ 40%]
tests/unit/test_decode_errors.py::test_company_info_category_truncated_raises_tdxdecodeerror PASSED [ 40%]
tests/unit/test_decode_errors.py::test_xdxr_info_truncated_raises_tdxdecodeerror PASSED [ 40%]
tests/unit/test_decode_errors.py::test_frame_bad_zlib_raises_tdxdecodeerror PASSED [ 40%]
tests/unit/test_decode_errors.py::test_frame_unzipsize_mismatch_raises_tdxdecodeerror PASSED [ 41%]
tests/unit/test_decode_errors.py::test_security_bars_truncated_tail_returns_partial_results PASSED [ 41%]
tests/unit/test_decode_errors.py::test_security_bars_ret_count_lies_returns_actual_count PASSED [ 41%]
tests/unit/test_decode_errors.py::test_security_bars_empty_body_returns_empty_list PASSED [ 41%]
tests/unit/test_decode_errors.py::test_security_bars_complete_body_not_affected PASSED [ 41%]
tests/unit/test_decode_errors.py::test_security_bars_ret_count_lies_body_completely_empty PASSED [ 41%]
tests/unit/test_ex_reconnect.py::TestExTdxClientReconnect::test_reconnect_succeeds_on_second_attempt PASSED [ 41%]
tests/unit/test_ex_reconnect.py::TestExTdxClientReconnect::test_all_retries_exhausted_raises_last PASSED [ 41%]
tests/unit/test_ex_reconnect.py::TestExTdxClientReconnect::test_no_reconnect_when_disabled PASSED [ 41%]
tests/unit/test_ex_reconnect.py::TestMacExClientReconnect::test_reconnect_relogs_in PASSED [ 41%]
tests/unit/test_ex_reconnect.py::TestMacExClientReconnect::test_all_retries_relogin_each_time PASSED [ 42%]
tests/unit/test_ex_reconnect.py::TestAsyncExTdxClientReconnect::test_async_all_retries_exhausted PASSED [ 42%]
tests/unit/test_ex_reconnect.py::TestAsyncMacExClientReconnect::test_async_relogin_each_retry PASSED [ 42%]
tests/unit/test_ex_reconnect.py::TestBackoffDelayValues::test_sync_ex_uses_exact_delays PASSED [ 42%]
tests/unit/test_ex_reconnect.py::TestMacExLoginRetriedOnConnectionError::test_login_conn_error_triggers_full_retry PASSED [ 42%]
tests/unit/test_ex_reconnect.py::TestExClientHealthTracking::test_ex_client_failure_records_health PASSED [ 42%]
tests/unit/test_ex_reconnect.py::TestExClientHealthTracking::test_ex_client_success_records_health PASSED [ 42%]
tests/unit/test_ex_reconnect.py::TestExClientHealthTracking::test_mac_ex_client_failure_records_health PASSED [ 42%]
tests/unit/test_ex_reconnect.py::TestExClientHealthTracking::test_async_ex_client_failure_records_health PASSED [ 42%]
tests/unit/test_factor_analysis.py::TestFactorReport::test_report_fields PASSED [ 42%]
tests/unit/test_factor_analysis.py::TestFactorAnalyzerIC::test_compute_ic_returns_series PASSED [ 43%]
tests/unit/test_factor_analysis.py::TestFactorAnalyzerIC::test_positive_ic_detected PASSED [ 43%]
tests/unit/test_factor_analysis.py::TestFactorAnalyzerIC::test_zero_ic_detected PASSED [ 43%]
tests/unit/test_factor_analysis.py::TestFactorAnalyzerQuantile::test_quantile_returns PASSED [ 43%]
tests/unit/test_factor_analysis.py::TestFactorAnalyzerQuantile::test_monotonic_with_positive_ic PASSED [ 43%]
tests/unit/test_factor_analysis.py::TestFactorAnalyzerReport::test_full_report PASSED [ 43%]
tests/unit/test_factor_analysis.py::TestFactorAnalyzerReport::test_report_ic_positive_rate PASSED [ 43%]
tests/unit/test_factor_analysis.py::TestFactorAnalyzerDecay::test_decay_returns_dataframe PASSED [ 43%]
tests/unit/test_factor_analysis.py::TestFactorAnalyzerTurnover::test_turnover_in_range PASSED [ 43%]
tests/unit/test_factor_base.py::TestFactorABC::test_cannot_instantiate_abc PASSED [ 43%]
tests/unit/test_factor_base.py::TestFactorABC::test_subclass_must_define_name PASSED [ 43%]
tests/unit/test_factor_base.py::TestFactorABC::test_subclass_must_define_category PASSED [ 44%]
tests/unit/test_factor_base.py::TestFactorABC::test_subclass_must_implement_compute PASSED [ 44%]
tests/unit/test_factor_base.py::TestFactorABC::test_concrete_subclass_works PASSED [ 44%]
tests/unit/test_factor_base.py::TestRegistry::test_register_factor_decorator PASSED [ 44%]
tests/unit/test_factor_base.py::TestRegistry::test_duplicate_name_raises PASSED [ 44%]
tests/unit/test_factor_base.py::TestFactorCompute::test_compute_returns_series PASSED [ 44%]
tests/unit/test_factor_builtin.py::TestAutoRegistration::test_momentum_factors_registered PASSED [ 44%]
tests/unit/test_factor_builtin.py::TestAutoRegistration::test_volatility_factors_registered PASSED [ 44%]
tests/unit/test_factor_builtin.py::TestAutoRegistration::test_quality_factors_registered PASSED [ 44%]
tests/unit/test_factor_builtin.py::TestAutoRegistration::test_volume_factors_registered PASSED [ 44%]
tests/unit/test_factor_builtin.py::TestAutoRegistration::test_technical_factors_registered PASSED [ 45%]
tests/unit/test_factor_builtin.py::TestAutoRegistration::test_chanlun_factors_registered PASSED [ 45%]
tests/unit/test_factor_builtin.py::TestAutoRegistration::test_value_factors_registered PASSED [ 45%]
tests/unit/test_factor_builtin.py::TestAutoRegistration::test_total_factor_count PASSED [ 45%]
tests/unit/test_factor_builtin.py::TestListAndGetFactors::test_list_factors_returns_all PASSED [ 45%]
tests/unit/test_factor_builtin.py::TestListAndGetFactors::test_get_factor_existing PASSED [ 45%]
tests/unit/test_factor_builtin.py::TestListAndGetFactors::test_get_factor_nonexistent PASSED [ 45%]
tests/unit/test_factor_builtin.py::TestMomentumCompute::test_momentum_20d PASSED [ 45%]
tests/unit/test_factor_builtin.py::TestMomentumCompute::test_momentum_60d PASSED [ 45%]
tests/unit/test_factor_builtin.py::TestMomentumCompute::test_reversal_5d_is_negative_return PASSED [ 45%]
tests/unit/test_factor_builtin.py::TestVolatilityCompute::test_volatility_20d PASSED [ 46%]
tests/unit/test_factor_builtin.py::TestVolatilityCompute::test_atr_14d PASSED [ 46%]
tests/unit/test_factor_builtin.py::TestVolatilityCompute::test_turnover_rate PASSED [ 46%]
tests/unit/test_factor_builtin.py::TestQualityCompute::test_sharpe_20d PASSED [ 46%]
tests/unit/test_factor_builtin.py::TestQualityCompute::test_max_drawdown_20d PASSED [ 46%]
tests/unit/test_factor_builtin.py::TestQualityCompute::test_win_rate_20d PASSED [ 46%]
tests/unit/test_factor_builtin.py::TestVolumeCompute::test_vol_surge PASSED [ 46%]
tests/unit/test_factor_builtin.py::TestVolumeCompute::test_amount_ma_ratio PASSED [ 46%]
tests/unit/test_factor_builtin.py::TestTechnicalCompute::test_rsi_14_range PASSED [ 46%]
tests/unit/test_factor_builtin.py::TestTechnicalCompute::test_boll_position_range PASSED [ 46%]
tests/unit/test_factor_engine.py::TestComputeSingle::test_single_factor PASSED [ 47%]
tests/unit/test_factor_engine.py::TestComputeSingle::test_multiple_factors PASSED [ 47%]
tests/unit/test_factor_engine.py::TestComputeSingle::test_preserves_original_columns PASSED [ 47%]
tests/unit/test_factor_engine.py::TestComputeSingle::test_unknown_factor_name_raises PASSED [ 47%]
tests/unit/test_factor_engine.py::TestComputeSingle::test_empty_factors_list PASSED [ 47%]
tests/unit/test_factor_engine.py::TestComputeCrossSection::test_cross_section_basic PASSED [ 47%]
tests/unit/test_factor_engine.py::TestComputeCrossSection::test_cross_section_latest_date PASSED [ 47%]
tests/unit/test_factor_engine.py::TestComputeCrossSection::test_cross_section_specific_date PASSED [ 47%]
tests/unit/test_factor_engine.py::TestComputeCrossSection::test_cross_section_empty_data PASSED [ 47%]
tests/unit/test_factor_engine.py::TestComputeForwardReturns::test_forward_returns_basic PASSED [ 47%]
tests/unit/test_factor_engine.py::TestComputeForwardReturns::test_forward_returns_period PASSED [ 48%]
tests/unit/test_factor_engine.py::TestComputeForwardReturns::test_forward_returns_empty PASSED [ 48%]
tests/unit/test_factor_engine.py::TestFactorEngineWithBuiltins::test_compute_single_with_builtin PASSED [ 48%]
tests/unit/test_factor_engine.py::TestFactorEngineWithBuiltins::test_cross_section_with_builtins PASSED [ 48%]
tests/unit/test_factor_engine.py::TestFactorEngineWithBuiltins::test_forward_returns_with_data PASSED [ 48%]
tests/unit/test_factor_engine.py::TestFactorEngineWithBuiltins::test_all_builtin_factors_compute PASSED [ 48%]
tests/unit/test_factor_transform.py::TestWinsorize::test_mad_clips_extremes PASSED [ 48%]
tests/unit/test_factor_transform.py::TestWinsorize::test_preserves_shape PASSED [ 48%]
tests/unit/test_factor_transform.py::TestZscore::test_cross_section_standardization PASSED [ 48%]
tests/unit/test_factor_transform.py::TestZscore::test_preserves_nan PASSED [ 48%]
tests/unit/test_factor_transform.py::TestRankNormalize::test_output_range PASSED [ 49%]
tests/unit/test_factor_transform.py::TestFillMissing::test_cross_mean_fills PASSED [ 49%]
tests/unit/test_factor_transform.py::TestFillMissing::test_forward_fill PASSED [ 49%]
tests/unit/test_factor_transform.py::TestOrthogonalize::test_residual_differs PASSED [ 49%]
tests/unit/test_factor_transform.py::TestPreprocess::test_default_pipeline PASSED [ 49%]
tests/unit/test_factor_transform.py::TestPreprocess::test_custom_steps PASSED [ 49%]
tests/unit/test_factor_transform.py::TestPreprocess::test_preserves_other_columns PASSED [ 49%]
tests/unit/test_failover.py::TestSelectBestHostSync::test_returns_lowest_latency_host_excluding_current PASSED [ 49%]
tests/unit/test_failover.py::TestSelectBestHostSync::test_skips_current_host_even_if_it_is_fastest PASSED [ 49%]
tests/unit/test_failover.py::TestSelectBestHostSync::test_returns_none_when_only_current_reachable PASSED [ 49%]
tests/unit/test_failover.py::TestSelectBestHostSync::test_returns_none_when_no_host_reachable PASSED [ 50%]
tests/unit/test_failover.py::TestSelectBestHostSync::test_throttle_skips_ping_within_window PASSED [ 50%]
tests/unit/test_failover.py::TestSelectBestHostSync::test_throttle_window_is_configurable_constant PASSED [ 50%]
tests/unit/test_failover.py::TestFindWorkingHostSync::test_returns_first_host_passing_validation PASSED [ 50%]
tests/unit/test_failover.py::TestFindWorkingHostSync::test_skips_current_host PASSED [ 50%]
tests/unit/test_failover.py::TestFindWorkingHostSync::test_returns_none_when_all_fail_validation PASSED [ 50%]
tests/unit/test_failover.py::TestFindWorkingHostSync::test_respects_max_attempts PASSED [ 50%]
tests/unit/test_failover.py::TestFindWorkingHostSync::test_validation_exception_skips_host_not_aborts PASSED [ 50%]
tests/unit/test_failover.py::TestFindWorkingHostSync::test_default_max_attempts_constant PASSED [ 50%]
tests/unit/test_failover.py::TestTdxClientFailover::test_failover_switches_host_after_retries_exhausted PASSED [ 50%]
tests/unit/test_failover.py::TestTdxClientFailover::test_failover_returns_none_keeps_host_and_raises PASSED [ 50%]
tests/unit/test_failover.py::TestTdxClientFailover::test_no_failover_when_auto_reconnect_disabled PASSED [ 51%]
tests/unit/test_failover.py::TestMacClientFailover::test_failover_uses_save_best_mac_host_not_save_best_host PASSED [ 51%]
tests/unit/test_failover.py::TestMarketStatEmptyFailover::test_empty_quotes_finds_working_host_and_returns_data PASSED [ 51%]
tests/unit/test_failover.py::TestMarketStatEmptyFailover::test_empty_quotes_all_candidates_empty_raises PASSED [ 51%]
tests/unit/test_failover.py::TestHealthAwareFailover::test_select_best_host_skips_cooldown_host PASSED [ 51%]
tests/unit/test_failover.py::TestHealthAwareFailover::test_find_working_host_records_failure_on_empty PASSED [ 51%]
tests/unit/test_failover.py::TestHealthAwareFailover::test_find_working_host_records_success_on_hit PASSED [ 51%]
tests/unit/test_failover.py::TestBarsEmptyFailover::test_empty_bars_finds_working_host_and_returns_data PASSED [ 51%]
tests/unit/test_failover.py::TestBarsEmptyFailover::test_empty_bars_all_candidates_empty_returns_empty_df PASSED [ 51%]
tests/unit/test_failover.py::TestBarsEmptyFailover::test_non_empty_bars_does_not_trigger_failover PASSED [ 51%]
tests/unit/test_failover.py::TestBarsEmptyFailover::test_failover_disabled_when_auto_reconnect_off PASSED [ 52%]
tests/unit/test_failover.py::TestBarsEmptyFailover::test_security_bars_also_triggers_failover PASSED [ 52%]
tests/unit/test_financial_data.py::TestParseFinancialFileList::test_basic PASSED [ 52%]
tests/unit/test_financial_data.py::TestParseFinancialFileList::test_empty PASSED [ 52%]
tests/unit/test_financial_data.py::TestParseFinancialFileList::test_blank_lines_skipped PASSED [ 52%]
tests/unit/test_financial_data.py::TestParseFinancialDat::test_single_stock PASSED [ 52%]
tests/unit/test_financial_data.py::TestParseFinancialDat::test_multiple_stocks PASSED [ 52%]
tests/unit/test_financial_data.py::TestParseFinancialDat::test_empty_data PASSED [ 52%]
tests/unit/test_financial_data.py::TestParseFinancialDat::test_report_date_from_header PASSED [ 52%]
tests/unit/test_financial_data.py::TestFinancialModels::test_file_info PASSED [ 52%]
tests/unit/test_financial_data.py::TestFinancialModels::test_record PASSED [ 53%]
tests/unit/test_health.py::TestRecordFailure::test_single_failure_decays_score PASSED [ 53%]
tests/unit/test_health.py::TestRecordFailure::test_repeated_failure_decays_multiplicatively PASSED [ 53%]
tests/unit/test_health.py::TestRecordFailure::test_consecutive_failures_below_threshold_no_cooldown PASSED [ 53%]
tests/unit/test_health.py::TestRecordFailure::test_consecutive_failures_at_threshold_enters_cooldown PASSED [ 53%]
tests/unit/test_health.py::TestRecordFailure::test_score_never_drops_below_floor PASSED [ 53%]
tests/unit/test_health.py::TestRecordSuccess::test_success_recovers_score_additively PASSED [ 53%]
tests/unit/test_health.py::TestRecordSuccess::test_success_caps_at_one PASSED [ 53%]
tests/unit/test_health.py::TestRecordSuccess::test_success_resets_consecutive_failures_and_cooldown PASSED [ 53%]
tests/unit/test_health.py::TestIsInCooldown::test_unknown_host_not_in_cooldown PASSED [ 53%]
tests/unit/test_health.py::TestIsInCooldown::test_cooldown_expires PASSED [ 54%]
tests/unit/test_health.py::TestRankByHealth::test_identity_when_all_healthy PASSED [ 54%]
tests/unit/test_health.py::TestRankByHealth::test_filters_out_cooldown_hosts PASSED [ 54%]
tests/unit/test_health.py::TestRankByHealth::test_low_score_host_pushed_back PASSED [ 54%]
tests/unit/test_health.py::TestRankByHealth::test_empty_input PASSED     [ 54%]
tests/unit/test_health.py::TestRankByHealth::test_preserves_latency_order_among_equal_scores PASSED [ 54%]
tests/unit/test_heartbeat.py::test_heartbeat_sends_periodically PASSED   [ 54%]
tests/unit/test_heartbeat.py::test_heartbeat_stops_on_close PASSED       [ 54%]
tests/unit/test_hk_transaction.py::test_parse_ex_history_transaction_hk PASSED [ 54%]
tests/unit/test_hk_transaction.py::test_parse_ex_history_transaction_empty PASSED [ 54%]
tests/unit/test_hk_transaction.py::test_map_record_price_conversion PASSED [ 55%]
tests/unit/test_hk_transaction.py::test_map_record_nature_to_bs_flag PASSED [ 55%]
tests/unit/test_hk_transaction.py::test_is_hk_stock_market[31-True] PASSED [ 55%]
tests/unit/test_hk_transaction.py::test_is_hk_stock_market[48-True] PASSED [ 55%]
tests/unit/test_hk_transaction.py::test_is_hk_stock_market[49-True] PASSED [ 55%]
tests/unit/test_hk_transaction.py::test_is_hk_stock_market[71-True] PASSED [ 55%]
tests/unit/test_hk_transaction.py::test_is_hk_stock_market[98-True] PASSED [ 55%]
tests/unit/test_hk_transaction.py::test_is_hk_stock_market[27-True] PASSED [ 55%]
tests/unit/test_hk_transaction.py::test_is_hk_stock_market[47-False] PASSED [ 55%]
tests/unit/test_hk_transaction.py::test_is_hk_stock_market[74-False] PASSED [ 55%]
tests/unit/test_hk_transaction.py::test_is_hk_stock_market[23-False] PASSED [ 56%]
tests/unit/test_hk_transaction.py::test_is_hk_stock_market[0-False] PASSED [ 56%]
tests/unit/test_hk_transaction.py::test_is_hk_stock_market[1-False] PASSED [ 56%]
tests/unit/test_hk_transaction.py::test_is_hk_stock_market[2-False] PASSED [ 56%]
tests/unit/test_hk_transaction.py::test_hk_stock_markets_constant PASSED [ 56%]
tests/unit/test_hk_transaction.py::test_goods_transaction_hk_uses_ex_protocol PASSED [ 56%]
tests/unit/test_hk_transaction.py::test_goods_transaction_hk_today_uses_0x23fc PASSED [ 56%]
tests/unit/test_hk_transaction.py::test_goods_transaction_non_hk_keeps_0x122f PASSED [ 56%]
tests/unit/test_hk_transaction.py::test_fetch_hk_transactions_pagination PASSED [ 56%]
tests/unit/test_hk_transaction.py::test_fetch_hk_transactions_stops_on_empty PASSED [ 56%]
tests/unit/test_hk_transaction.py::test_async_goods_transaction_hk_uses_ex_protocol SKIPPED [ 56%]
tests/unit/test_hk_transaction.py::test_async_goods_transaction_non_hk_keeps_0x122f SKIPPED [ 57%]
tests/unit/test_hk_transaction.py::test_goods_transaction_all_paginates_until_short_page PASSED [ 57%]
tests/unit/test_hk_transaction.py::test_goods_transaction_all_stops_on_empty PASSED [ 57%]
tests/unit/test_hk_transaction.py::test_goods_transaction_all_rejects_non_hk_market PASSED [ 57%]
tests/unit/test_hk_transaction.py::test_async_goods_transaction_all_paginates SKIPPED [ 57%]
tests/unit/test_hk_transaction.py::test_async_goods_transaction_all_rejects_non_hk SKIPPED [ 57%]
tests/unit/test_indicator.py::TestRegistry::test_all_indicators_registered PASSED [ 57%]
tests/unit/test_indicator.py::TestRegistry::test_list_indicators_returns_metadata PASSED [ 57%]
tests/unit/test_indicator.py::TestComputeIndicators::test_single_indicator_macd PASSED [ 57%]
tests/unit/test_indicator.py::TestComputeIndicators::test_multiple_indicators PASSED [ 57%]
tests/unit/test_indicator.py::TestComputeIndicators::test_keep_ohlcv_true PASSED [ 58%]
tests/unit/test_indicator.py::TestComputeIndicators::test_keep_ohlcv_false PASSED [ 58%]
tests/unit/test_indicator.py::TestComputeIndicators::test_keep_ohlcv_false_no_time_cols PASSED [ 58%]
tests/unit/test_indicator.py::TestComputeIndicators::test_tail_parameter PASSED [ 58%]
tests/unit/test_indicator.py::TestComputeIndicators::test_case_insensitive PASSED [ 58%]
tests/unit/test_indicator.py::TestComputeIndicators::test_custom_params PASSED [ 58%]
tests/unit/test_indicator.py::TestComputeIndicators::test_unknown_indicator_raises PASSED [ 58%]
tests/unit/test_indicator.py::TestComputeIndicators::test_missing_input_columns_raises PASSED [ 58%]
tests/unit/test_indicator.py::TestComputeIndicators::test_empty_dataframe PASSED [ 58%]
tests/unit/test_indicator.py::TestComputeIndicators::test_short_data_warning PASSED [ 58%]
tests/unit/test_indicator.py::TestComputeIndicators::test_rsi_range PASSED [ 59%]
tests/unit/test_indicator.py::TestComputeIndicators::test_boll_bands_order PASSED [ 59%]
tests/unit/test_indicator.py::TestComputeIndicators::test_obv_with_volume PASSED [ 59%]
tests/unit/test_indicator.py::TestComputeIndicators::test_brar_needs_open PASSED [ 59%]
tests/unit/test_indicator.py::TestComputeIndicators::test_all_registered_indicators_run PASSED [ 59%]
tests/unit/test_indicator.py::TestComputeIndicators::test_result_index_reset PASSED [ 59%]
tests/unit/test_kline_bar_time.py::TestAlignDfTimeColumns::test_start_default_is_noop PASSED [ 59%]
tests/unit/test_kline_bar_time.py::TestAlignDfTimeColumns::test_end_aligns_to_right_endpoint PASSED [ 59%]
tests/unit/test_kline_bar_time.py::TestAlignDfTimeColumns::test_end_cross_hour PASSED [ 59%]
tests/unit/test_kline_bar_time.py::TestAlignDfTimeColumns::test_end_close_bar_15min PASSED [ 59%]
tests/unit/test_kline_bar_time.py::TestAlignDfTimeColumns::test_daily_plus_not_aligned_even_with_end PASSED [ 60%]
tests/unit/test_kline_bar_time.py::TestAlignDfTimeColumns::test_does_not_mutate_input PASSED [ 60%]
tests/unit/test_kline_bar_time.py::TestAlignDfTimeColumns::test_empty_df PASSED [ 60%]
tests/unit/test_kline_bar_time.py::TestAlignDfDatetimeColumn::test_mac_end_aligns PASSED [ 60%]
tests/unit/test_kline_bar_time.py::TestAlignDfDatetimeColumn::test_mac_daily_not_aligned PASSED [ 60%]
tests/unit/test_kline_bar_time.py::TestAlignBars::test_end_aligns_ex_bars PASSED [ 60%]
tests/unit/test_kline_bar_time.py::TestAlignBars::test_start_is_noop PASSED [ 60%]
tests/unit/test_kline_bar_time.py::TestAlignBars::test_end_cross_hour PASSED [ 60%]
tests/unit/test_kline_bar_time.py::TestAlignBars::test_does_not_mutate_input_bars PASSED [ 60%]
tests/unit/test_kline_bar_time.py::TestAlignBars::test_security_bar_datetime_str PASSED [ 60%]
tests/unit/test_kline_bar_time.py::TestCategoryChain::test_min5_end_alignment PASSED [ 61%]
tests/unit/test_mac_qfq_adjust.py::test_factor_pure_cash_dividend PASSED [ 61%]
tests/unit/test_mac_qfq_adjust.py::test_factor_songzhuangu_split PASSED  [ 61%]
tests/unit/test_mac_qfq_adjust.py::test_factor_zero_cum_close_is_nan PASSED [ 61%]
tests/unit/test_mac_qfq_adjust.py::test_factor_zero_denominator_is_nan PASSED [ 61%]
tests/unit/test_mac_qfq_adjust.py::test_apply_pure_cash_dividend_scales_pre_event_only PASSED [ 61%]
tests/unit/test_mac_qfq_adjust.py::test_apply_latest_price_anchored PASSED [ 61%]
tests/unit/test_mac_qfq_adjust.py::test_apply_no_events_returns_unchanged PASSED [ 61%]
tests/unit/test_mac_qfq_adjust.py::test_apply_empty_xdxr_df PASSED       [ 61%]
tests/unit/test_mac_qfq_adjust.py::test_apply_nan_factor_event_skipped PASSED [ 61%]
tests/unit/test_mac_qfq_adjust.py::test_apply_multiple_events_cumulative PASSED [ 62%]
tests/unit/test_mac_qfq_adjust.py::test_apply_songzhuangu_halves_pre_event_prices PASSED [ 62%]
tests/unit/test_mac_qfq_adjust.py::test_apply_does_not_mutate_input PASSED [ 62%]
tests/unit/test_mac_qfq_adjust.py::test_has_bad_prices_detects_negative PASSED [ 62%]
tests/unit/test_mac_qfq_adjust.py::test_has_bad_prices_detects_zero PASSED [ 62%]
tests/unit/test_mac_qfq_adjust.py::test_has_bad_prices_detects_nan PASSED [ 62%]
tests/unit/test_mac_qfq_adjust.py::test_has_bad_prices_clean_returns_false PASSED [ 62%]
tests/unit/test_mac_qfq_integration.py::test_qfq_negative_triggers_local_recompute PASSED [ 62%]
tests/unit/test_mac_qfq_integration.py::test_qfq_clean_does_not_trigger_recompute PASSED [ 62%]
tests/unit/test_mac_qfq_integration.py::test_qfq_recompute_xdxr_failure_degrades_gracefully PASSED [ 62%]
tests/unit/test_mac_qfq_integration.py::test_none_adjust_skips_recompute PASSED [ 62%]
tests/unit/test_mac_tick_charts.py::test_multi_tick_charts_normal_minutes PASSED [ 63%]
tests/unit/test_mac_tick_charts.py::test_multi_tick_charts_oversized_minutes_no_crash PASSED [ 63%]
tests/unit/test_mac_tick_charts.py::test_multi_tick_charts_partial_day PASSED [ 63%]
tests/unit/test_mac_tick_charts.py::test_multi_tick_charts_request_layout PASSED [ 63%]
tests/unit/test_multi_strategy.py::TestMultiStrategyEngine::test_basic_run_two_strategies PASSED [ 63%]
tests/unit/test_multi_strategy.py::TestMultiStrategyEngine::test_total_performance_has_full_metrics PASSED [ 63%]
tests/unit/test_multi_strategy.py::TestMultiStrategyEngine::test_max_drawdown_relative_to_peak_not_initial PASSED [ 63%]
tests/unit/test_multi_strategy.py::TestMultiStrategyEngine::test_capital_split_equal PASSED [ 63%]
tests/unit/test_multi_strategy.py::TestMultiStrategyEngine::test_combined_equity_has_expected_columns PASSED [ 63%]
tests/unit/test_multi_strategy.py::TestMultiStrategyEngine::test_combined_equity_aligns_disjoint_dates PASSED [ 63%]
tests/unit/test_multi_strategy.py::TestMultiStrategyEngine::test_empty_strategies_returns_empty_result PASSED [ 64%]
tests/unit/test_multi_strategy.py::TestMultiStrategyEngine::test_same_symbol_different_strategies_distinguished PASSED [ 64%]
tests/unit/test_multi_strategy.py::TestMultiStrategyEngine::test_hold_strategy_keeps_initial_capital PASSED [ 64%]
tests/unit/test_multi_strategy.py::TestMultiStrategyEngine::test_to_dict_serializable PASSED [ 64%]
tests/unit/test_mytt.py::TestSAR::test_returns_same_length PASSED        [ 64%]
tests/unit/test_mytt.py::TestSAR::test_first_value_is_low PASSED         [ 64%]
tests/unit/test_mytt.py::TestSAR::test_empty_input PASSED                [ 64%]
tests/unit/test_mytt.py::TestSAR::test_flat_market_no_crash PASSED       [ 64%]
tests/unit/test_mytt.py::TestSAR::test_rising_market_sar_below_price PASSED [ 64%]
tests/unit/test_mytt.py::TestSAR::test_falling_market_sar_above_price PASSED [ 64%]
tests/unit/test_mytt.py::TestSAR::test_reversal_resets_af PASSED         [ 65%]
tests/unit/test_mytt.py::TestSAR::test_acceleration_factor_capped PASSED [ 65%]
tests/unit/test_mytt.py::TestVWAP::test_returns_same_length PASSED       [ 65%]
tests/unit/test_mytt.py::TestVWAP::test_leading_nan PASSED               [ 65%]
tests/unit/test_mytt.py::TestVWAP::test_constant_price PASSED            [ 65%]
tests/unit/test_mytt.py::TestVWAP::test_uniform_volume_equals_typical_price_mean PASSED [ 65%]
tests/unit/test_mytt.py::TestVWAP::test_zero_volume_returns_nan PASSED   [ 65%]
tests/unit/test_mytt.py::TestAROON::test_returns_three_arrays PASSED     [ 65%]
tests/unit/test_mytt.py::TestAROON::test_range_zero_to_hundred PASSED    [ 65%]
tests/unit/test_mytt.py::TestAROON::test_new_high_gives_full_up PASSED   [ 65%]
tests/unit/test_mytt.py::TestAROON::test_new_low_gives_full_down PASSED  [ 66%]
tests/unit/test_mytt.py::TestAROON::test_osc_is_difference PASSED        [ 66%]
tests/unit/test_mytt.py::TestAROON::test_leading_nan PASSED              [ 66%]
tests/unit/test_mytt.py::TestFK::test_returns_boolean_array PASSED       [ 66%]
tests/unit/test_mytt.py::TestFK::test_rising_market_returns_false PASSED [ 66%]
tests/unit/test_mytt.py::TestFK::test_falling_market_returns_true PASSED [ 66%]
tests/unit/test_optimizer.py::TestParamGridOptimizer::test_grid_enumeration PASSED [ 66%]
tests/unit/test_optimizer.py::TestParamGridOptimizer::test_results_sorted_by_return_descending PASSED [ 66%]
tests/unit/test_optimizer.py::TestParamGridOptimizer::test_best_is_first_result PASSED [ 66%]
tests/unit/test_optimizer.py::TestParamGridOptimizer::test_heatmap_2_params PASSED [ 66%]
tests/unit/test_optimizer.py::TestParamGridOptimizer::test_no_heatmap_for_single_param PASSED [ 67%]
tests/unit/test_optimizer.py::TestParamGridOptimizer::test_grid_size_limit_exceeded PASSED [ 67%]
tests/unit/test_optimizer.py::TestParamGridOptimizer::test_empty_value_list_rejected PASSED [ 67%]
tests/unit/test_optimizer.py::TestParamGridOptimizer::test_to_dict_serializable PASSED [ 67%]
tests/unit/test_optimizer.py::TestParamGridOptimizer::test_to_dict_cleans_nan PASSED [ 67%]
tests/unit/test_optimizer.py::TestParamGridOptimizer::test_unknown_strategy_raises PASSED [ 67%]
tests/unit/test_portfolio_engine.py::TestPortfolioBacktest::test_basic_portfolio_run PASSED [ 67%]
tests/unit/test_portfolio_engine.py::TestPortfolioBacktest::test_equal_allocation PASSED [ 67%]
tests/unit/test_portfolio_engine.py::TestPortfolioBacktest::test_empty_stocks PASSED [ 67%]
tests/unit/test_portfolio_engine.py::TestPortfolioBacktest::test_to_dict_serializable PASSED [ 67%]
tests/unit/test_portfolio_engine.py::TestStrategyInstanceParams::test_strategy_instance_params_passed_through PASSED [ 68%]
tests/unit/test_portfolio_engine.py::TestCombinedEquity::test_combined_equity_generated PASSED [ 68%]
tests/unit/test_portfolio_engine.py::TestCombinedEquity::test_combined_equity_date_alignment PASSED [ 68%]
tests/unit/test_portfolio_engine.py::TestCombinedEquity::test_combined_equity_empty PASSED [ 68%]
tests/unit/test_portfolio_optimizer.py::TestEqualWeight::test_weights_sum_to_one PASSED [ 68%]
tests/unit/test_portfolio_optimizer.py::TestEqualWeight::test_n_stocks_selected PASSED [ 68%]
tests/unit/test_portfolio_optimizer.py::TestEqualWeight::test_all_equal PASSED [ 68%]
tests/unit/test_portfolio_optimizer.py::TestEqualWeight::test_empty_input PASSED [ 68%]
tests/unit/test_portfolio_optimizer.py::TestFactorWeighted::test_weights_sum_to_one PASSED [ 68%]
tests/unit/test_portfolio_optimizer.py::TestFactorWeighted::test_higher_score_higher_weight PASSED [ 68%]
tests/unit/test_portfolio_optimizer.py::TestFactorWeighted::test_no_weight_collapse_small_n PASSED [ 68%]
tests/unit/test_portfolio_optimizer.py::TestRiskParity::test_weights_sum_to_one PASSED [ 69%]
tests/unit/test_portfolio_optimizer.py::TestRiskParity::test_with_volatility_column PASSED [ 69%]
tests/unit/test_portfolio_optimizer.py::TestRegistry::test_get_optimizer PASSED [ 69%]
tests/unit/test_portfolio_optimizer.py::TestRegistry::test_unknown_raises PASSED [ 69%]
tests/unit/test_portfolio_rebalance.py::TestRebalanceEngine::test_basic_run PASSED [ 69%]
tests/unit/test_portfolio_rebalance.py::TestRebalanceEngine::test_with_factor_weighted PASSED [ 69%]
tests/unit/test_portfolio_rebalance.py::TestRebalanceEngine::test_empty_data PASSED [ 69%]
tests/unit/test_portfolio_rebalance.py::TestRebalanceEngine::test_equity_curve_dates_sorted PASSED [ 69%]
tests/unit/test_portfolio_rebalance.py::TestRebalanceEngine::test_trades_recorded PASSED [ 69%]
tests/unit/test_portfolio_rebalance.py::TestRebalanceEngine::test_total_trades_matches_trade_rows PASSED [ 69%]
tests/unit/test_portfolio_rebalance.py::TestRebalanceEngine::test_missing_price_does_not_collapse_equity PASSED [ 70%]
tests/unit/test_portfolio_rebalance.py::TestRebalanceEngine::test_max_drawdown_sign_positive PASSED [ 70%]
tests/unit/test_portfolio_risk.py::TestCovarianceEstimation::test_shape PASSED [ 70%]
tests/unit/test_portfolio_risk.py::TestCovarianceEstimation::test_symmetric PASSED [ 70%]
tests/unit/test_portfolio_risk.py::TestCovarianceEstimation::test_shrinkage_reduces_offdiag PASSED [ 70%]
tests/unit/test_portfolio_risk.py::TestPortfolioRisk::test_total_volatility PASSED [ 70%]
tests/unit/test_portfolio_risk.py::TestPortfolioRisk::test_empty_weights PASSED [ 70%]
tests/unit/test_protocol_fixes.py::test_security_bars_exact_layout PASSED [ 70%]
tests/unit/test_protocol_fixes.py::test_history_fund_flow_exact_layout PASSED [ 70%]
tests/unit/test_protocol_fixes.py::test_security_list_request_length PASSED [ 70%]
tests/unit/test_protocol_fixes.py::test_security_quotes_limit_mapping PASSED [ 71%]
tests/unit/test_protocol_fixes.py::test_security_quotes_server_time_format PASSED [ 71%]
tests/unit/test_protocol_fixes.py::test_compute_price_limits_for_stocks PASSED [ 71%]
tests/unit/test_protocol_fixes.py::test_compute_price_limits_for_indices PASSED [ 71%]
tests/unit/test_protocol_fixes.py::test_compute_price_limits_for_newly_listed_stocks PASSED [ 71%]
tests/unit/test_protocol_fixes.py::test_history_fund_flow_uses_uint32_volume_words PASSED [ 71%]
tests/unit/test_public_api.py::test_all_names_are_importable PASSED      [ 71%]
tests/unit/test_public_api.py::test_expected_kind_contract_is_complete PASSED [ 71%]
tests/unit/test_public_api.py::test_exported_objects_have_expected_type PASSED [ 71%]
tests/unit/test_public_api.py::test_documented_models_exported PASSED    [ 71%]
tests/unit/test_public_api.py::test_core_clients_exported PASSED         [ 72%]
tests/unit/test_realtime.py::TestMarketEvent::test_event_creation PASSED [ 72%]
tests/unit/test_realtime.py::TestMarketEvent::test_event_default_values PASSED [ 72%]
tests/unit/test_realtime.py::TestEventBus::test_subscribe_and_count PASSED [ 72%]
tests/unit/test_realtime.py::TestEventBus::test_subscribe_global PASSED  [ 72%]
tests/unit/test_realtime.py::TestEventBus::test_unsubscribe PASSED       [ 72%]
tests/unit/test_realtime.py::TestEventBus::test_publish_to_specific_subscriber SKIPPED [ 72%]
tests/unit/test_realtime.py::TestEventBus::test_publish_to_global_subscriber SKIPPED [ 72%]
tests/unit/test_realtime.py::TestRealtimeStrategy::test_on_tick_default_does_nothing PASSED [ 72%]
tests/unit/test_realtime.py::TestRealtimeStrategy::test_emit_signal_without_bus SKIPPED [ 72%]
tests/unit/test_realtime.py::TestRealtimeStrategy::test_emit_signal_publishes_to_bus SKIPPED [ 73%]
tests/unit/test_realtime_feed.py::TestMarketIntToStr::test_known_markets PASSED [ 73%]
tests/unit/test_realtime_feed.py::TestMarketIntToStr::test_unknown_falls_back PASSED [ 73%]
tests/unit/test_realtime_feed.py::TestIsInSession::test_in_morning_session PASSED [ 73%]
tests/unit/test_realtime_feed.py::TestIsInSession::test_outside_session PASSED [ 73%]
tests/unit/test_realtime_feed.py::TestIsInSession::test_empty_sessions_always_in PASSED [ 73%]
tests/unit/test_realtime_feed.py::TestRowToEvent::test_basic_conversion PASSED [ 73%]
tests/unit/test_realtime_feed.py::TestRowToEvent::test_sh_market_prefix PASSED [ 73%]
tests/unit/test_realtime_feed.py::TestRowToEvent::test_missing_columns_default_zero PASSED [ 73%]
tests/unit/test_realtime_feed.py::TestRowToEvent::test_empty_code_returns_none PASSED [ 73%]
tests/unit/test_realtime_feed.py::TestFeedConstruction::test_empty_symbols_raises PASSED [ 74%]
tests/unit/test_realtime_feed.py::TestFeedConstruction::test_too_many_symbols_raises PASSED [ 74%]
tests/unit/test_realtime_feed.py::TestFeedConstruction::test_interval_clamped_to_minimum PASSED [ 74%]
tests/unit/test_realtime_feed.py::TestFeedConstruction::test_sessions_override_empty PASSED [ 74%]
tests/unit/test_realtime_feed.py::TestAsyncPublishPath::test_events_published_to_correct_keys SKIPPED [ 74%]
tests/unit/test_realtime_feed.py::TestAsyncPublishPath::test_dedup_skips_unchanged SKIPPED [ 74%]
tests/unit/test_realtime_feed.py::TestAsyncPublishPath::test_dedup_disabled_publishes_all SKIPPED [ 74%]
tests/unit/test_realtime_feed.py::TestAsyncPublishPath::test_empty_df_publishes_nothing SKIPPED [ 74%]
tests/unit/test_realtime_feed.py::TestAsyncPublishPath::test_client_error_does_not_crash SKIPPED [ 74%]
tests/unit/test_realtime_feed.py::TestSessionGating::test_outside_session_no_fetch SKIPPED [ 74%]
tests/unit/test_realtime_feed.py::TestStopFlag::test_stop_terminates_loop SKIPPED [ 75%]
tests/unit/test_scanner.py::TestConcurrentScan::test_scan_produces_results PASSED [ 75%]
tests/unit/test_scanner.py::TestConcurrentScan::test_concurrent_same_as_serial PASSED [ 75%]
tests/unit/test_scanner.py::TestConcurrentScan::test_scan_with_zero_workers_uses_serial PASSED [ 75%]
tests/unit/test_scanner.py::TestConcurrentScan::test_progress_callback PASSED [ 75%]
tests/unit/test_scanner.py::TestParallelPickleFix::test_parallel_with_file_strategy PASSED [ 75%]
tests/unit/test_scanner.py::TestIncrementalScan::test_second_scan_uses_cache PASSED [ 75%]
tests/unit/test_scanner.py::TestIncrementalScan::test_no_cache_file_means_full_scan PASSED [ 75%]
tests/unit/test_scanner.py::TestIncrementalScan::test_cache_updated_after_file_change PASSED [ 75%]
tests/unit/test_scanner.py::TestScanFailureLogging::test_serial_scan_logs_per_stock_failure PASSED [ 75%]
tests/unit/test_scanner.py::TestScanFailureLogging::test_serial_scan_high_failure_rate_emits_summary PASSED [ 75%]
tests/unit/test_screen.py::TestBarsToDf::test_empty_bars PASSED          [ 76%]
tests/unit/test_screen.py::TestBarsToDf::test_single_bar PASSED          [ 76%]
tests/unit/test_screen.py::TestBarsToDf::test_multiple_bars PASSED       [ 76%]
tests/unit/test_screen.py::TestBarsToDf::test_datetime_is_timestamp PASSED [ 76%]
tests/unit/test_screen.py::TestScanResult::test_creation PASSED          [ 76%]
tests/unit/test_screen.py::TestSignalScanner::test_to_json PASSED        [ 76%]
tests/unit/test_screen.py::TestSignalScanner::test_to_json_empty PASSED  [ 76%]
tests/unit/test_screen.py::TestRankEntry::test_creation PASSED           [ 76%]
tests/unit/test_screen.py::TestRankerJson::test_to_json PASSED           [ 76%]
tests/unit/test_screen.py::TestRankerJson::test_to_table PASSED          [ 76%]
tests/unit/test_screen.py::TestRankerJson::test_to_table_empty PASSED    [ 77%]
tests/unit/test_screen.py::TestLoadSignals::test_load_from_file PASSED   [ 77%]
tests/unit/test_screen.py::TestLoadSignals::test_load_from_stdin PASSED  [ 77%]
tests/unit/test_screen.py::TestLoadSignals::test_load_missing_file PASSED [ 77%]
tests/unit/test_screen.py::TestLoadSignals::test_load_empty_signals PASSED [ 77%]
tests/unit/test_screen.py::TestScanOne::test_no_signal PASSED            [ 77%]
tests/unit/test_screen.py::TestScanOne::test_collect_files_universe_sh PASSED [ 77%]
tests/unit/test_screen.py::TestScanOne::test_detect_security_type_etf_and_funds PASSED [ 77%]
tests/unit/test_screen.py::TestLoadStrategy::test_load_valid_strategy PASSED [ 77%]
tests/unit/test_screen.py::TestLoadStrategy::test_load_missing_file PASSED [ 77%]
tests/unit/test_screen.py::TestLoadStrategy::test_load_no_strategy_class PASSED [ 78%]
tests/unit/test_screen.py::TestStrengthPresets::test_preset_keys PASSED  [ 78%]
tests/unit/test_screen.py::TestStrengthPresets::test_steady_config PASSED [ 78%]
tests/unit/test_screen.py::TestStrengthPresets::test_breakout_config PASSED [ 78%]
tests/unit/test_screen.py::TestStrengthPresets::test_balanced_config PASSED [ 78%]
tests/unit/test_screen.py::TestStrengthPresets::test_all_presets_have_desc PASSED [ 78%]
tests/unit/test_screen.py::TestComputeStrengthMetrics::test_data_too_short PASSED [ 78%]
tests/unit/test_screen.py::TestComputeStrengthMetrics::test_steady_uptrend PASSED [ 78%]
tests/unit/test_screen.py::TestComputeStrengthMetrics::test_weight_normalization PASSED [ 78%]
tests/unit/test_screen.py::TestComputeStrengthMetrics::test_vol_adjusted_differences PASSED [ 78%]
tests/unit/test_screen.py::TestComputeStrengthMetrics::test_flat_price_zero_vol PASSED [ 79%]
tests/unit/test_screen.py::TestComputeStrengthMetrics::test_downtrend_negative_strength PASSED [ 79%]
tests/unit/test_screen.py::TestComputeStrengthMetrics::test_all_weights_zero PASSED [ 79%]
tests/unit/test_screen.py::TestComputeStrengthMetrics::test_metrics_keys PASSED [ 79%]
tests/unit/test_screen.py::TestStrengthResult::test_creation PASSED      [ 79%]
tests/unit/test_screen.py::TestStrengthResult::test_full_creation PASSED [ 79%]
tests/unit/test_screen.py::TestStrengthRankerOutput::test_to_json PASSED [ 79%]
tests/unit/test_screen.py::TestStrengthRankerOutput::test_to_table PASSED [ 79%]
tests/unit/test_screen.py::TestStrengthRankerOutput::test_to_table_empty PASSED [ 79%]
tests/unit/test_screen.py::TestStrengthRankerOutput::test_to_json_includes_all_metrics PASSED [ 79%]
tests/unit/test_screen.py::TestStrengthRankerInit::test_invalid_preset_raises PASSED [ 80%]
tests/unit/test_screen.py::TestStrengthRankerInit::test_custom_weights_override_preset PASSED [ 80%]
tests/unit/test_screen.py::TestStrengthRankerInit::test_preset_property PASSED [ 80%]
tests/unit/test_shadow_yang_strategy.py::TestBuySignal::test_buy_triggers_on_all_conditions PASSED [ 80%]
tests/unit/test_shadow_yang_strategy.py::TestBuySignal::test_no_buy_when_yin_line PASSED [ 80%]
tests/unit/test_shadow_yang_strategy.py::TestBuySignal::test_no_buy_when_low_volume PASSED [ 80%]
tests/unit/test_shadow_yang_strategy.py::TestBuySignal::test_no_buy_when_ma5_declining PASSED [ 80%]
tests/unit/test_shadow_yang_strategy.py::TestBuySignal::test_no_buy_during_warmup PASSED [ 80%]
tests/unit/test_shadow_yang_strategy.py::TestSellLogic::test_sell_all_on_yin_line PASSED [ 80%]
tests/unit/test_shadow_yang_strategy.py::TestSellLogic::test_sell_all_on_low_open PASSED [ 80%]
tests/unit/test_shadow_yang_strategy.py::TestSellLogic::test_sell_half_on_other_cases PASSED [ 81%]
tests/unit/test_shadow_yang_strategy.py::TestSellLogic::test_low_open_takes_priority_over_yin PASSED [ 81%]
tests/unit/test_shadow_yang_strategy.py::TestFullCycle::test_cycle_sell_all_on_yin PASSED [ 81%]
tests/unit/test_shadow_yang_strategy.py::TestFullCycle::test_cycle_sell_all_on_low_open PASSED [ 81%]
tests/unit/test_shadow_yang_strategy.py::TestFullCycle::test_cycle_hold_multiple_bars_then_sell PASSED [ 81%]
tests/unit/test_shadow_yang_strategy.py::TestPositionMode::test_fixed_mode_partial_sell PASSED [ 81%]
tests/unit/test_shadow_yang_strategy.py::TestPositionMode::test_full_mode_sells_all PASSED [ 81%]
tests/unit/test_shadow_yang_strategy.py::TestPositionMode::test_no_second_buy_while_holding PASSED [ 81%]
tests/unit/test_sina.py::test_public_exports PASSED                      [ 81%]
tests/unit/test_sina.py::test_sina_error_subclasses_tdx_error PASSED     [ 81%]
tests/unit/test_sina.py::test_normalize_report_type_standard PASSED      [ 81%]
tests/unit/test_sina.py::test_normalize_report_type_uppercase PASSED     [ 82%]
tests/unit/test_sina.py::test_normalize_report_type_chinese_alias PASSED [ 82%]
tests/unit/test_sina.py::test_normalize_report_type_english_alias PASSED [ 82%]
tests/unit/test_sina.py::test_normalize_report_type_invalid_raises PASSED [ 82%]
tests/unit/test_sina.py::test_to_float_numeric_string PASSED             [ 82%]
tests/unit/test_sina.py::test_to_float_empty_and_none PASSED             [ 82%]
tests/unit/test_sina.py::test_to_float_non_numeric PASSED                [ 82%]
tests/unit/test_sina.py::test_format_period PASSED                       [ 82%]
tests/unit/test_sina.py::test_build_paper_code_sh PASSED                 [ 82%]
tests/unit/test_sina.py::test_build_paper_code_sz PASSED                 [ 82%]
tests/unit/test_sina.py::test_get_financial_report_returns_dataframe PASSED [ 83%]
tests/unit/test_sina.py::test_get_financial_report_tongbi_columns PASSED [ 83%]
tests/unit/test_sina.py::test_get_financial_report_no_tongbi_omits_column PASSED [ 83%]
tests/unit/test_sina.py::test_get_financial_report_dalei_header_row_preserved PASSED [ 83%]
tests/unit/test_sina.py::test_get_financial_report_dalei_no_tongbi_column PASSED [ 83%]
tests/unit/test_sina.py::test_get_financial_report_non_numeric_value_to_none PASSED [ 83%]
tests/unit/test_sina.py::test_get_financial_report_skips_no_title PASSED [ 83%]
tests/unit/test_sina.py::test_get_financial_report_empty PASSED          [ 83%]
tests/unit/test_sina.py::test_get_financial_report_missing_keys PASSED   [ 83%]
tests/unit/test_sina.py::test_get_financial_report_request_failure_raises_sina_error PASSED [ 83%]
tests/unit/test_sina.py::test_get_financial_report_num_limit PASSED      [ 84%]
tests/unit/test_sina.py::test_get_financial_report_params_passed PASSED  [ 84%]
tests/unit/test_sina.py::test_get_financial_report_report_type_alias PASSED [ 84%]
tests/unit/test_sina.py::test_get_financial_report_invalid_report_type_raises PASSED [ 84%]
tests/unit/test_sina.py::test_get_financial_report_skips_non_dict_period PASSED [ 84%]
tests/unit/test_sina.py::test_http_get_json_builds_query_string PASSED   [ 84%]
tests/unit/test_sina.py::test_http_get_json_no_params PASSED             [ 84%]
tests/unit/test_strategy_store.py::test_add_assigns_id_and_timestamps PASSED [ 84%]
tests/unit/test_strategy_store.py::test_list_round_trip_preserves_all_fields PASSED [ 84%]
tests/unit/test_strategy_store.py::test_list_orders_by_created_desc PASSED [ 84%]
tests/unit/test_strategy_store.py::test_get_returns_none_for_missing PASSED [ 85%]
tests/unit/test_strategy_store.py::test_get_returns_record PASSED        [ 85%]
tests/unit/test_strategy_store.py::test_delete_removes_record PASSED     [ 85%]
tests/unit/test_strategy_store.py::test_delete_missing_returns_false PASSED [ 85%]
tests/unit/test_strategy_store.py::test_store_creates_db_file_and_schema PASSED [ 85%]
tests/unit/test_strategy_store.py::test_json_fields_with_unicode PASSED  [ 85%]
tests/unit/test_strategy_store.py::test_router_create_then_list_get_delete PASSED [ 85%]
tests/unit/test_strategy_store.py::test_router_get_missing_returns_400 PASSED [ 85%]
tests/unit/test_strategy_store.py::test_router_delete_missing_returns_400 PASSED [ 85%]
tests/unit/test_strategy_store.py::test_router_rejects_empty_name PASSED [ 85%]
tests/unit/test_strategy_store.py::test_router_rejects_invalid_kind PASSED [ 86%]
tests/unit/test_strategy_store.py::test_router_accepts_portfolio_kind PASSED [ 86%]
tests/unit/test_sync_transport.py::test_sync_connection_closes_socket_when_setup_fails PASSED [ 86%]
tests/unit/test_sync_transport.py::test_ping_host_returns_none_when_server_closes_during_handshake PASSED [ 86%]
tests/unit/test_sync_transport.py::test_ping_all_skips_handshake_failure_without_crash PASSED [ 86%]
tests/unit/test_web_api.py::test_market_enum_values PASSED               [ 86%]
tests/unit/test_web_api.py::test_kline_category_enum PASSED              [ 86%]
tests/unit/test_web_api.py::test_quote_request_validation PASSED         [ 86%]
tests/unit/test_web_api.py::test_chanlun_request_defaults PASSED         [ 86%]
tests/unit/test_web_api.py::test_wencai_search_request_defaults PASSED   [ 86%]
tests/unit/test_web_api.py::test_api_error_response PASSED               [ 87%]
tests/unit/test_web_api.py::test_create_app_returns_fastapi_instance PASSED [ 87%]
tests/unit/test_web_api.py::test_deps_get_client_type PASSED             [ 87%]
tests/unit/test_web_api.py::test_market_router_endpoints PASSED          [ 87%]
tests/unit/test_web_api.py::test_bars_router_endpoints PASSED            [ 87%]
tests/unit/test_web_api.py::test_finance_router_endpoints PASSED         [ 87%]
tests/unit/test_web_api.py::test_block_router_endpoints PASSED           [ 87%]
tests/unit/test_web_api.py::test_chanlun_router_endpoints PASSED         [ 87%]
tests/unit/test_web_api.py::test_realtime_router_endpoints PASSED        [ 87%]
tests/unit/test_web_api.py::test_wencai_router_endpoints PASSED          [ 87%]
tests/unit/test_web_api.py::test_server_router_wencai_cookie_endpoints PASSED [ 87%]
tests/unit/test_web_api.py::test_serve_command_exists PASSED             [ 88%]
tests/unit/test_web_api.py::test_convert_market_lowercase PASSED         [ 88%]
tests/unit/test_web_api.py::test_convert_market_invalid_raises_valueerror PASSED [ 88%]
tests/unit/test_web_api.py::test_convert_category_from_int_string PASSED [ 88%]
tests/unit/test_web_api.py::test_convert_category_invalid_raises_valueerror PASSED [ 88%]
tests/unit/test_web_api.py::test_full_app_routes_registered PASSED       [ 88%]
tests/unit/test_web_api.py::test_openapi_schema_generated PASSED         [ 88%]
tests/unit/test_web_backtest.py::test_registry_has_builtin_strategies PASSED [ 88%]
tests/unit/test_web_backtest.py::test_strategy_schema_serialization PASSED [ 88%]
tests/unit/test_web_backtest.py::test_strategy_build_with_default_params PASSED [ 88%]
tests/unit/test_web_backtest.py::test_strategy_build_with_custom_params PASSED [ 89%]
tests/unit/test_web_backtest.py::test_strategy_rejects_unknown_param PASSED [ 89%]
tests/unit/test_web_backtest.py::test_strategy_rejects_out_of_range_param PASSED [ 89%]
tests/unit/test_web_backtest.py::test_strategy_rejects_unknown_name PASSED [ 89%]
tests/unit/test_web_backtest.py::test_param_type_coercion PASSED         [ 89%]
tests/unit/test_web_backtest.py::test_param_bool_coercion PASSED         [ 89%]
tests/unit/test_web_backtest.py::test_param_choices_validation PASSED    [ 89%]
tests/unit/test_web_backtest.py::test_backtest_request_requires_data_source PASSED [ 89%]
tests/unit/test_web_backtest.py::test_backtest_request_symbol_pattern PASSED [ 89%]
tests/unit/test_web_backtest.py::test_backtest_request_cash_must_be_positive PASSED [ 89%]
tests/unit/test_web_backtest.py::test_backtest_request_execution_enum PASSED [ 90%]
tests/unit/test_web_backtest.py::test_backtest_request_defaults PASSED   [ 90%]
tests/unit/test_web_backtest.py::test_serialize_result_cleans_numpy PASSED [ 90%]
tests/unit/test_web_backtest.py::test_serialize_result_cleans_nan_inf PASSED [ 90%]
tests/unit/test_web_backtest.py::test_serialize_result_cleans_datetime PASSED [ 90%]
tests/unit/test_web_backtest.py::test_task_runner_submit_and_poll PASSED [ 90%]
tests/unit/test_web_backtest.py::test_task_runner_captures_failure PASSED [ 90%]
tests/unit/test_web_backtest.py::test_task_runner_lru_eviction PASSED    [ 90%]
tests/unit/test_web_backtest.py::test_task_runner_unknown_task_raises PASSED [ 90%]
tests/unit/test_web_backtest.py::test_task_runner_does_not_evict_running PASSED [ 90%]
tests/unit/test_web_backtest.py::test_task_runner_shutdown_is_idempotent_and_rejects_submit PASSED [ 91%]
tests/unit/test_web_backtest.py::test_task_runner_worker_tolerates_eviction PASSED [ 91%]
tests/unit/test_web_backtest.py::test_param_rejects_float_nan PASSED     [ 91%]
tests/unit/test_web_backtest.py::test_param_rejects_float_inf PASSED     [ 91%]
tests/unit/test_web_backtest.py::test_param_rejects_int_from_inf_without_overflow PASSED [ 91%]
tests/unit/test_web_backtest.py::test_param_rejects_int_from_nan PASSED  [ 91%]
tests/unit/test_web_backtest.py::test_param_normal_values_still_work PASSED [ 91%]
tests/unit/test_web_backtest.py::test_backtest_request_ohlcv_max_length PASSED [ 91%]
tests/unit/test_web_backtest.py::test_list_strategies_endpoint PASSED    [ 91%]
tests/unit/test_web_backtest.py::test_sync_backtest_with_inline_data PASSED [ 91%]
tests/unit/test_web_backtest.py::test_sync_backtest_rejects_missing_ohlcv PASSED [ 92%]
tests/unit/test_web_backtest.py::test_sync_backtest_rejects_bad_strategy PASSED [ 92%]
tests/unit/test_web_backtest.py::test_sync_backtest_rejects_bad_params PASSED [ 92%]
tests/unit/test_web_backtest.py::test_async_backtest_with_inline_data PASSED [ 92%]
tests/unit/test_web_backtest.py::test_task_poll_unknown_id PASSED        [ 92%]
tests/unit/test_web_backtest.py::test_async_backtest_failure_recorded PASSED [ 92%]
tests/unit/test_web_backtest.py::test_portfolio_request_validates_stocks_format PASSED [ 92%]
tests/unit/test_web_backtest.py::test_portfolio_request_defaults PASSED  [ 92%]
tests/unit/test_web_backtest.py::test_portfolio_backtest_endpoint PASSED [ 92%]
tests/unit/test_web_backtest.py::test_portfolio_backtest_bad_strategy PASSED [ 92%]
tests/unit/test_web_backtest.py::test_optimize_request_validation PASSED [ 93%]
tests/unit/test_web_backtest.py::test_optimize_endpoint PASSED           [ 93%]
tests/unit/test_web_backtest.py::test_optimize_single_param_no_heatmap PASSED [ 93%]
tests/unit/test_web_backtest.py::test_optimize_all_endpoint PASSED       [ 93%]
tests/unit/test_web_backtest.py::test_optimize_all_request_validation PASSED [ 93%]
tests/unit/test_web_backtest.py::test_list_tasks_endpoint PASSED         [ 93%]
tests/unit/test_web_backtest.py::test_list_tasks_limit PASSED            [ 93%]
tests/unit/test_wencai.py::test_public_exports PASSED                    [ 93%]
tests/unit/test_wencai.py::test_wencai_error_subclasses_tdx_error PASSED [ 93%]
tests/unit/test_wencai.py::test_wencai_stock_dataclass_fields PASSED     [ 93%]
tests/unit/test_wencai.py::test_search_missing_cookie_raises PASSED      [ 93%]
tests/unit/test_wencai.py::test_search_uses_env_cookie_and_returns_stocks PASSED [ 94%]
tests/unit/test_wencai.py::test_search_uses_config_cookie_when_request_missing PASSED [ 94%]
tests/unit/test_wencai.py::test_search_persists_explicit_cookie PASSED   [ 94%]
tests/unit/test_wencai.py::test_search_empty_results PASSED              [ 94%]
tests/unit/test_wencai.py::test_search_skips_invalid_items PASSED        [ 94%]
tests/unit/test_wencai.py::test_search_wraps_request_errors PASSED       [ 94%]
tests/unit/test_wencai.py::test_search_wraps_json_decode_errors PASSED   [ 94%]
tests/unit/test_wencai.py::test_search_wraps_invalid_data_format PASSED  [ 94%]
tests/unit/test_wencai.py::test_search_empty_query_raises PASSED         [ 94%]
tests/unit/test_wencai.py::test_wencai_router_success PASSED             [ 94%]
tests/unit/test_wencai.py::test_wencai_router_missing_cookie_returns_503 PASSED [ 95%]
tests/unit/test_write_daily.py::TestEncodeDailyBar::test_output_length PASSED [ 95%]
tests/unit/test_write_daily.py::TestEncodeDailyBar::test_date_encoding PASSED [ 95%]
tests/unit/test_write_daily.py::TestEncodeDailyBar::test_price_encoding_a_stock PASSED [ 95%]
tests/unit/test_write_daily.py::TestEncodeDailyBar::test_price_encoding_index PASSED [ 95%]
tests/unit/test_write_daily.py::TestEncodeDailyBar::test_price_encoding_fund PASSED [ 95%]
tests/unit/test_write_daily.py::TestEncodeDailyBar::test_volume_encoding_a_stock PASSED [ 95%]
tests/unit/test_write_daily.py::TestEncodeDailyBar::test_volume_encoding_index PASSED [ 95%]
tests/unit/test_write_daily.py::TestEncodeDailyBar::test_amount_as_float32 PASSED [ 95%]
tests/unit/test_write_daily.py::TestEncodeDailyBar::test_reserved_is_zero PASSED [ 95%]
tests/unit/test_write_daily.py::TestRoundTrip::test_single_bar_round_trip PASSED [ 96%]
tests/unit/test_write_daily.py::TestRoundTrip::test_multiple_bars_round_trip PASSED [ 96%]
tests/unit/test_write_daily.py::TestRoundTrip::test_index_round_trip PASSED [ 96%]
tests/unit/test_write_daily.py::TestGetLastBarDate::test_returns_last_date PASSED [ 96%]
tests/unit/test_write_daily.py::TestGetLastBarDate::test_returns_none_for_empty_file PASSED [ 96%]
tests/unit/test_write_daily.py::TestGetLastBarDate::test_returns_none_for_short_file PASSED [ 96%]
tests/unit/test_write_daily.py::TestGetLastBarDate::test_returns_last_of_multiple PASSED [ 96%]
tests/unit/test_write_daily.py::TestAppendDailyBars::test_append_to_existing PASSED [ 96%]
tests/unit/test_write_daily.py::TestAppendDailyBars::test_append_to_empty_file PASSED [ 96%]
tests/unit/test_write_daily.py::TestAppendDailyBars::test_append_skips_duplicate_date PASSED [ 96%]
tests/unit/test_write_daily.py::TestAppendDailyBars::test_append_multiple_filters_duplicates PASSED [ 97%]
tests/unit/test_write_daily.py::TestSyncDailyBars::test_sync_appends_new_only PASSED [ 97%]
tests/unit/test_write_daily.py::TestSyncDailyBars::test_sync_empty_file PASSED [ 97%]
tests/unit/test_write_daily.py::TestSyncDailyBars::test_sync_nothing_new PASSED [ 97%]
tests/unit/test_write_ex_daily.py::TestEncodeExDailyBar::test_output_length PASSED [ 97%]
tests/unit/test_write_ex_daily.py::TestEncodeExDailyBar::test_date_encoding PASSED [ 97%]
tests/unit/test_write_ex_daily.py::TestEncodeExDailyBar::test_float_prices_preserved PASSED [ 97%]
tests/unit/test_write_ex_daily.py::TestEncodeExDailyBar::test_settlement_encoding PASSED [ 97%]
tests/unit/test_write_ex_daily.py::TestExRoundTrip::test_single_bar_round_trip PASSED [ 97%]
tests/unit/test_write_ex_daily.py::TestExRoundTrip::test_multiple_bars_round_trip PASSED [ 97%]
tests/unit/test_write_ex_daily.py::TestGetLastExBarDate::test_returns_last_date PASSED [ 98%]
tests/unit/test_write_ex_daily.py::TestGetLastExBarDate::test_returns_none_for_empty PASSED [ 98%]
tests/unit/test_write_ex_daily.py::TestAppendExDailyBars::test_append_to_existing PASSED [ 98%]
tests/unit/test_write_ex_daily.py::TestAppendExDailyBars::test_skips_duplicate PASSED [ 98%]
tests/unit/test_write_ex_daily.py::TestAppendExDailyBars::test_sync_filters_correctly PASSED [ 98%]
tests/unit/test_write_min_bar.py::TestEncode5minBar::test_output_length PASSED [ 98%]
tests/unit/test_write_min_bar.py::TestEncode5minBar::test_date_encoding PASSED [ 98%]
tests/unit/test_write_min_bar.py::TestEncode5minBar::test_time_encoding PASSED [ 98%]
tests/unit/test_write_min_bar.py::TestEncode5minBar::test_price_encoding PASSED [ 98%]
tests/unit/test_write_min_bar.py::Test5minRoundTrip::test_single_bar_round_trip PASSED [ 98%]
tests/unit/test_write_min_bar.py::Test5minRoundTrip::test_multiple_bars PASSED [ 99%]
tests/unit/test_write_min_bar.py::TestGetLast5minBarDatetime::test_returns_last_datetime PASSED [ 99%]
tests/unit/test_write_min_bar.py::TestGetLast5minBarDatetime::test_returns_none_for_empty PASSED [ 99%]
tests/unit/test_write_min_bar.py::TestAppend5minBars::test_append_to_existing PASSED [ 99%]
tests/unit/test_write_min_bar.py::TestAppend5minBars::test_skips_duplicate PASSED [ 99%]
tests/unit/test_write_min_bar.py::TestEncodeLcMinBar::test_output_length PASSED [ 99%]
tests/unit/test_write_min_bar.py::TestEncodeLcMinBar::test_float_prices_preserved PASSED [ 99%]
tests/unit/test_write_min_bar.py::TestLcMinRoundTrip::test_single_bar_round_trip PASSED [ 99%]
tests/unit/test_write_min_bar.py::TestGetLastLcMinBarDatetime::test_returns_last_datetime PASSED [ 99%]
tests/unit/test_write_min_bar.py::TestGetLastLcMinBarDatetime::test_returns_none_for_empty PASSED [ 99%]
tests/unit/test_write_min_bar.py::TestAppendLcMinBars::test_append_to_existing PASSED [100%]

=============================== warnings summary ===============================
../../.pyenv/versions/miniconda3-3.10-24.7.1-0/lib/python3.11/site-packages/_pytest/config/__init__.py:1441
  /Users/a1-6/.pyenv/versions/miniconda3-3.10-24.7.1-0/lib/python3.11/site-packages/_pytest/config/__init__.py:1441: PytestConfigWarning: Unknown config option: asyncio_mode
  
    self._warn_or_fail_if_strict(f"Unknown config option: {key}\n")

tests/unit/test_hk_transaction.py:291
  /Users/a1-6/project/easy_tdx/tests/unit/test_hk_transaction.py:291: PytestUnknownMarkWarning: Unknown pytest.mark.asyncio - is this a typo?  You can register custom marks to avoid this warning - for details, see https://docs.pytest.org/en/stable/how-to/mark.html
    @pytest.mark.asyncio

tests/unit/test_hk_transaction.py:314
  /Users/a1-6/project/easy_tdx/tests/unit/test_hk_transaction.py:314: PytestUnknownMarkWarning: Unknown pytest.mark.asyncio - is this a typo?  You can register custom marks to avoid this warning - for details, see https://docs.pytest.org/en/stable/how-to/mark.html
    @pytest.mark.asyncio

tests/unit/test_hk_transaction.py:397
  /Users/a1-6/project/easy_tdx/tests/unit/test_hk_transaction.py:397: PytestUnknownMarkWarning: Unknown pytest.mark.asyncio - is this a typo?  You can register custom marks to avoid this warning - for details, see https://docs.pytest.org/en/stable/how-to/mark.html
    @pytest.mark.asyncio

tests/unit/test_hk_transaction.py:420
  /Users/a1-6/project/easy_tdx/tests/unit/test_hk_transaction.py:420: PytestUnknownMarkWarning: Unknown pytest.mark.asyncio - is this a typo?  You can register custom marks to avoid this warning - for details, see https://docs.pytest.org/en/stable/how-to/mark.html
    @pytest.mark.asyncio

tests/unit/test_realtime.py:77
  /Users/a1-6/project/easy_tdx/tests/unit/test_realtime.py:77: PytestUnknownMarkWarning: Unknown pytest.mark.asyncio - is this a typo?  You can register custom marks to avoid this warning - for details, see https://docs.pytest.org/en/stable/how-to/mark.html
    @pytest.mark.asyncio

tests/unit/test_realtime.py:99
  /Users/a1-6/project/easy_tdx/tests/unit/test_realtime.py:99: PytestUnknownMarkWarning: Unknown pytest.mark.asyncio - is this a typo?  You can register custom marks to avoid this warning - for details, see https://docs.pytest.org/en/stable/how-to/mark.html
    @pytest.mark.asyncio

tests/unit/test_realtime.py:130
  /Users/a1-6/project/easy_tdx/tests/unit/test_realtime.py:130: PytestUnknownMarkWarning: Unknown pytest.mark.asyncio - is this a typo?  You can register custom marks to avoid this warning - for details, see https://docs.pytest.org/en/stable/how-to/mark.html
    @pytest.mark.asyncio

tests/unit/test_realtime.py:142
  /Users/a1-6/project/easy_tdx/tests/unit/test_realtime.py:142: PytestUnknownMarkWarning: Unknown pytest.mark.asyncio - is this a typo?  You can register custom marks to avoid this warning - for details, see https://docs.pytest.org/en/stable/how-to/mark.html
    @pytest.mark.asyncio

tests/unit/test_hk_transaction.py: 4 warnings
tests/unit/test_realtime.py: 4 warnings
tests/unit/test_realtime_feed.py: 7 warnings
  /Users/a1-6/.pyenv/versions/miniconda3-3.10-24.7.1-0/lib/python3.11/site-packages/_pytest/python.py:148: PytestUnhandledCoroutineWarning: async def functions are not natively supported and have been skipped.
  You need to install a suitable plugin for your async framework, for example:
    - anyio
    - pytest-asyncio
    - pytest-tornasync
    - pytest-trio
    - pytest-twisted
    warnings.warn(PytestUnhandledCoroutineWarning(msg.format(nodeid)))

-- Docs: https://docs.pytest.org/en/stable/how-to/capture-warnings.html
================ 1001 passed, 15 skipped, 24 warnings in 29.91s ================
