All checks passed!
RUFF OK
>>> 获取 603127 K 线数据...
   获取 500 根 K 线，范围: 2024-07-05 00:00:00 ~ 2026-07-28 00:00:00

>>> 计算指标...
   期初价=13.66, 期末价=47.32, 区间收益=246.4%
   最高价=55.68, 最低价=12.32

================================================================================
=== 3 笔交易关键指标分析 ===
================================================================================

[2024-10-18] 买入 @16.94 (影线后收阳)
  收盘=16.94 开盘=16.00 最高=17.41 最低=15.92
  MA5=16.56 MA10=17.35 MA20=15.77 MA60=14.77
  ADX=41.4 +DI=42.9 -DI=18.1
  CCI=8 MFI=56 KDJ-J=1
  ATR=1.12 (ATR%=6.6%)
  BOLL%b=0.66 带宽=47.1%
  多头排列=True
  >>> 买入后最高价=55.68 (日期=2026-07-16 00:00:00), 最大浮盈=228.7%

[2024-10-30] 卖出 @17.42 (盈利锁定)
  收盘=17.42 开盘=17.80 最高=17.89 最低=17.21
  MA5=17.90 MA10=17.44 MA20=17.31 MA60=15.25
  ADX=18.5 +DI=23.9 -DI=20.3
  CCI=37 MFI=56 KDJ-J=62
  ATR=0.83 (ATR%=4.8%)
  BOLL%b=0.53 带宽=23.7%
  多头排列=True

[2025-03-14] 买入 @21.87 (影线后收阳)
  收盘=21.87 开盘=21.20 最高=22.00 最低=21.01
  MA5=21.54 MA10=21.32 MA20=20.98 MA60=18.21
  ADX=42.5 +DI=25.8 -DI=13.6
  CCI=46 MFI=57 KDJ-J=37
  ATR=1.05 (ATR%=4.8%)
  BOLL%b=0.73 带宽=18.2%
  多头排列=True
  >>> 买入后最高价=55.68 (日期=2026-07-16 00:00:00), 最大浮盈=154.6%

[2025-03-25] 卖出 @20.82 (止损清仓)
  收盘=20.82 开盘=21.27 最高=21.60 最低=20.81
  MA5=21.68 MA10=21.73 MA20=21.54 MA60=18.71
  ADX=50.6 +DI=31.0 -DI=13.6
  CCI=-96 MFI=59 KDJ-J=-5
  ATR=1.00 (ATR%=4.8%)
  BOLL%b=0.20 带宽=11.0%
  多头排列=True

[2025-08-13] 买入 @34.20 (多头排列形成)
  收盘=34.20 开盘=31.20 最高=34.46 最低=31.20
  MA5=31.41 MA10=31.51 MA20=30.34 MA60=23.78
  ADX=52.1 +DI=40.9 -DI=11.3
  CCI=98 MFI=69 KDJ-J=74
  ATR=2.32 (ATR%=6.8%)
  BOLL%b=0.87 带宽=34.7%
  多头排列=True
  >>> 买入后最高价=55.68 (日期=2026-07-16 00:00:00), 最大浮盈=62.8%

[2025-08-20] 卖出 @31.14 (止损清仓)
  收盘=31.14 开盘=31.49 最高=31.68 最低=30.51
  MA5=32.33 MA10=31.87 MA20=31.78 MA60=25.05
  ADX=32.9 +DI=24.4 -DI=20.3
  CCI=-52 MFI=49 KDJ-J=42
  ATR=1.76 (ATR%=5.6%)
  BOLL%b=0.39 带宽=19.0%
  多头排列=True

================================================================================
=== 买入候选日分析（阳线+前日阴线+收盘>前低）===
================================================================================

候选日总数: 113
  可买入日: 3
  被拦截日: 110

--- 拦截原因频次 ---
  成交量不足: 68 次
  收盘价<MA20: 48 次
  MA条件不满足: 36 次
  实体占比小: 34 次
  下影线过长: 32 次
  MA60下行: 29 次
  空头强趋势: 27 次
  前日长上影阴线: 26 次
  假突破: 24 次
  CCI超买: 23 次
  ADX中等趋势: 18 次
  布林带宽死亡区间: 11 次
  急跌弱反弹: 7 次
  MFI超买: 7 次
  震荡市: 5 次
  KDJ-J超买: 4 次
  波动率过滤: 3 次
  BOLL%b超买: 1 次
  近3日涨幅过大: 1 次

--- 可买入日详情 ---
  2024-10-18 00:00:00 收盘=16.94 ADX=41.4 强趋势=True 多头排列=True
  2025-03-14 00:00:00 收盘=21.87 ADX=42.5 强趋势=True 多头排列=True
  2025-09-05 00:00:00 收盘=34.01 ADX=10.1 强趋势=False 多头排列=True

--- 被拦截候选日（前 30 个）---
  2024-10-14 00:00:00 收盘=16.94 ADX=63.1 | 成交量不足(量比=0.61<1.0); 下影线过长; 实体占比小(0.17<0.3); MA条件不满足(MA5未上行+非吞没+非强反转)
  2024-10-24 00:00:00 收盘=17.29 ADX=38.5 | 成交量不足(量比=0.97<1.0); 下影线过长; 实体占比小(0.03<0.3); 假突破(长上影+收盘近前高); 前日长上影阴线
  2024-10-31 00:00:00 收盘=17.53 ADX=17.5 | ADX中等趋势(17.5,15-30)且非强反转阳线; 成交量不足(量比=0.72<1.0)
  2024-11-04 00:00:00 收盘=18.66 ADX=23.5 | 成交量不足(量比=0.64<1.0)
  2024-11-11 00:00:00 收盘=19.81 ADX=61.1 | 成交量不足(量比=0.82<1.0); CCI超买(114>100)
  2024-11-19 00:00:00 收盘=18.14 ADX=27.2 | 收盘价<MA20(18.14<18.39)且不满足回调反转; ADX中等趋势(27.2,15-30)且非强反转阳线; 成交量不足(量比=0.99<1.0); MA条件不满足(MA5未上行+非吞没+非强反转)
  2024-11-25 00:00:00 收盘=17.87 ADX=12.6 | 收盘价<MA20(17.87<18.48)且不满足回调反转; 成交量不足(量比=0.64<1.0); 急跌弱反弹; 下影线过长; 实体占比小(0.16<0.3)
  2024-11-27 00:00:00 收盘=18.00 ADX=17.2 | 成交量不足(量比=0.80<1.0)
  2024-11-29 00:00:00 收盘=17.95 ADX=18.6 | 收盘价<MA20(17.95<18.54)且不满足回调反转; ADX中等趋势(18.6,15-30)且非强反转阳线; 成交量不足(量比=0.90<1.0)
  2024-12-05 00:00:00 收盘=17.33 ADX=31.1 | 收盘价<MA20(17.33<18.23)且不满足回调反转; 成交量不足(量比=0.67<1.0); MA条件不满足(MA5未上行+非吞没+非强反转)
  2024-12-12 00:00:00 收盘=18.44 ADX=14.0 | 震荡市(ADX=14.0<20且下行,MA20下行); 成交量不足(量比=0.69<1.0); 下影线过长; 前日长上影阴线
  2024-12-18 00:00:00 收盘=17.27 ADX=8.5 | 收盘价<MA20(17.27<17.87)且不满足回调反转; 震荡市(ADX=8.5<20且下行,MA20下行); 成交量不足(量比=0.51<1.0); 下影线过长; 实体占比小(0.05<0.3); 假突破(长上影+收盘近前高); MA条件不满足(MA5未上行+非吞没+非强反转)
  2024-12-24 00:00:00 收盘=17.32 ADX=4.9 | 收盘价<MA20(17.32<17.74)且不满足回调反转; 震荡市(ADX=4.9<20且下行,MA20下行); 下影线过长; 实体占比小(0.17<0.3); 假突破(长上影+收盘近前高)
  2024-12-27 00:00:00 收盘=16.96 ADX=23.6 | 收盘价<MA20(16.96<17.60)且不满足回调反转; ADX中等趋势(23.6,15-30)且非强反转阳线; 成交量不足(量比=0.79<1.0); 下影线过长; 实体占比小(0.08<0.3); 前日长上影阴线; MA条件不满足(MA5未上行+非吞没+非强反转)
  2025-01-02 00:00:00 收盘=17.20 ADX=50.1 | 收盘价<MA20(17.20<17.50)且不满足回调反转; 空头强趋势(-DI/+DI=5.0>2.0); 假突破(长上影+收盘近前高)
  2025-01-07 00:00:00 收盘=16.20 ADX=49.8 | 收盘价<MA20(16.20<17.23)且不满足回调反转; 成交量不足(量比=0.56<1.0); 空头强趋势(-DI/+DI=2.3>2.0); MA条件不满足(MA5未上行+非吞没+非强反转)
  2025-01-13 00:00:00 收盘=15.36 ADX=48.2 | 收盘价<MA20(15.36<16.70)且不满足回调反转; 成交量不足(量比=0.74<1.0); 空头强趋势(-DI/+DI=3.7>2.0); MA条件不满足(MA5未上行+非吞没+非强反转)
  2025-01-17 00:00:00 收盘=15.77 ADX=46.1 | 收盘价<MA20(15.77<16.38)且不满足回调反转; 成交量不足(量比=0.98<1.0); 空头强趋势(-DI/+DI=2.3>2.0); 前日长上影阴线
  2025-01-24 00:00:00 收盘=15.69 ADX=34.7 | 收盘价<MA20(15.69<16.03)且不满足回调反转; MA60下行(跌2.6%); 成交量不足(量比=0.94<1.0); 空头强趋势(-DI/+DI=2.2>2.0); MA条件不满足(MA5未上行+非吞没+非强反转)
  2025-02-12 00:00:00 收盘=18.71 ADX=55.3 | MA60下行(跌2.8%); CCI超买(134>100); MFI超买(83>80); KDJ-J超买(105>100)
  2025-02-14 00:00:00 收盘=19.02 ADX=72.5 | MA60下行(跌2.8%); CCI超买(109>100); MFI超买(88>80); 前日长上影阴线
  2025-02-19 00:00:00 收盘=19.00 ADX=76.2 | MA60下行(跌2.2%); 成交量不足(量比=0.68<1.0); MFI超买(87>80)
  2025-02-25 00:00:00 收盘=21.09 ADX=77.9 | 成交量不足(量比=0.88<1.0); CCI超买(119>100); 实体占比小(0.28<0.3)
  2025-03-03 00:00:00 收盘=20.99 ADX=65.8 | 成交量不足(量比=0.55<1.0); 下影线过长; 实体占比小(0.14<0.3); MA条件不满足(MA5未上行+非吞没+非强反转)
  2025-03-06 00:00:00 收盘=21.60 ADX=49.4 | 成交量不足(量比=0.93<1.0); 前日长上影阴线
  2025-03-11 00:00:00 收盘=21.77 ADX=46.2 | 布林带宽死亡区间(23.2%)
  2025-03-18 00:00:00 收盘=22.64 ADX=42.7 | CCI超买(199>100); 下影线过长; 实体占比小(0.24<0.3)
  2025-03-24 00:00:00 收盘=21.42 ADX=51.2 | 收盘价<MA20(21.42<21.56)且不满足回调反转; 成交量不足(量比=0.88<1.0); 实体占比小(0.26<0.3); MA条件不满足(MA5未上行+非吞没+非强反转)
  2025-03-26 00:00:00 收盘=20.85 ADX=46.7 | 收盘价<MA20(20.85<21.48)且不满足回调反转; 成交量不足(量比=0.55<1.0); 下影线过长; 实体占比小(0.08<0.3); MA条件不满足(MA5未上行+非吞没+非强反转)
  2025-04-01 00:00:00 收盘=21.43 ADX=30.2 | 收盘价<MA20(21.43<21.49)且不满足回调反转; 假突破(长上影+收盘近前高)

--- 主升浪期间候选日分析 ---
  主升浪区间: 2025-02-20 00:00:00 ~ 2026-07-28 00:00:00
  主升浪候选日: 90 (可买入 2, 被拦截 88)

  主升浪被拦截日:
    2025-02-25 00:00:00 收盘=21.09 ADX=77.9 | 成交量不足(量比=0.88<1.0); CCI超买(119>100); 实体占比小(0.28<0.3)
    2025-03-03 00:00:00 收盘=20.99 ADX=65.8 | 成交量不足(量比=0.55<1.0); 下影线过长; 实体占比小(0.14<0.3); MA条件不满足(MA5未上行+非吞没+非强反转)
    2025-03-06 00:00:00 收盘=21.60 ADX=49.4 | 成交量不足(量比=0.93<1.0); 前日长上影阴线
    2025-03-11 00:00:00 收盘=21.77 ADX=46.2 | 布林带宽死亡区间(23.2%)
    2025-03-18 00:00:00 收盘=22.64 ADX=42.7 | CCI超买(199>100); 下影线过长; 实体占比小(0.24<0.3)
    2025-03-24 00:00:00 收盘=21.42 ADX=51.2 | 收盘价<MA20(21.42<21.56)且不满足回调反转; 成交量不足(量比=0.88<1.0); 实体占比小(0.26<0.3); MA条件不满足(MA5未上行+非吞没+非强反转)
    2025-03-26 00:00:00 收盘=20.85 ADX=46.7 | 收盘价<MA20(20.85<21.48)且不满足回调反转; 成交量不足(量比=0.55<1.0); 下影线过长; 实体占比小(0.08<0.3); MA条件不满足(MA5未上行+非吞没+非强反转)
    2025-04-01 00:00:00 收盘=21.43 ADX=30.2 | 收盘价<MA20(21.43<21.49)且不满足回调反转; 假突破(长上影+收盘近前高)
    2025-04-09 00:00:00 收盘=17.07 ADX=25.8 | 收盘价<MA20(17.07<20.77)且不满足回调反转; ADX中等趋势(25.8,15-30)且非强反转阳线; 成交量不足(量比=0.97<1.0); 急跌弱反弹; 下影线过长; 实体占比小(0.26<0.3); MA条件不满足(MA5未上行+非吞没+非强反转)
    2025-04-14 00:00:00 收盘=16.57 ADX=38.0 | 收盘价<MA20(16.57<20.06)且不满足回调反转; 空头强趋势(-DI/+DI=2.5>2.0); MA条件不满足(MA5未上行+非吞没+非强反转)
    2025-04-17 00:00:00 收盘=15.45 ADX=44.9 | 波动率过滤(ATR/价=8.1%>8.0%); 收盘价<MA20(15.45<19.08)且不满足回调反转; 成交量不足(量比=0.35<1.0); 急跌弱反弹; 空头强趋势(-DI/+DI=2.6>2.0); MA条件不满足(MA5未上行+非吞没+非强反转)
    2025-04-25 00:00:00 收盘=15.54 ADX=58.0 | 收盘价<MA20(15.54<17.31)且不满足回调反转; 成交量不足(量比=0.96<1.0); 实体占比小(0.18<0.3); 空头强趋势(-DI/+DI=4.0>2.0); 假突破(长上影+收盘近前高); 前日长上影阴线
    2025-04-29 00:00:00 收盘=15.49 ADX=50.6 | 收盘价<MA20(15.49<16.77)且不满足回调反转; 成交量不足(量比=0.84<1.0); 空头强趋势(-DI/+DI=2.2>2.0); MA条件不满足(MA5未上行+非吞没+非强反转)
    2025-05-06 00:00:00 收盘=16.05 ADX=36.7 | 收盘价<MA20(16.05<16.26)且不满足回调反转; 成交量不足(量比=0.98<1.0); 空头强趋势(-DI/+DI=2.8>2.0); 前日长上影阴线
    2025-05-08 00:00:00 收盘=16.35 ADX=23.5 | ADX中等趋势(23.5,15-30)且非强反转阳线; CCI超买(236>100); 假突破(长上影+收盘近前高)
    2025-05-13 00:00:00 收盘=16.22 ADX=29.4 | MA60下行(跌1.0%); ADX中等趋势(29.4,15-30)且非强反转阳线; 下影线过长
    2025-05-16 00:00:00 收盘=15.85 ADX=38.7 | MA60下行(跌1.9%); 成交量不足(量比=0.55<1.0); 下影线过长; 实体占比小(0.28<0.3); MA条件不满足(MA5未上行+非吞没+非强反转)
    2025-05-27 00:00:00 收盘=17.04 ADX=60.4 | MA60下行(跌4.1%); 成交量不足(量比=0.61<1.0); 下影线过长; 实体占比小(0.11<0.3); 假突破(长上影+收盘近前高)
    2025-05-29 00:00:00 收盘=18.17 ADX=55.5 | MA60下行(跌4.8%); CCI超买(132>100)
    2025-06-09 00:00:00 收盘=19.17 ADX=73.0 | MA60下行(跌5.3%); 成交量不足(量比=0.88<1.0); 假突破(长上影+收盘近前高)
    2025-06-12 00:00:00 收盘=20.32 ADX=73.0 | MA60下行(跌5.1%); CCI超买(103>100)
    2025-06-16 00:00:00 收盘=20.22 ADX=72.3 | MA60下行(跌4.9%); 成交量不足(量比=0.71<1.0)
    2025-06-23 00:00:00 收盘=19.08 ADX=58.8 | MA60下行(跌4.6%); 成交量不足(量比=0.65<1.0); 布林带宽死亡区间(21.9%)
    2025-06-27 00:00:00 收盘=19.12 ADX=38.0 | 收盘价<MA20(19.12<19.38)且不满足回调反转; MA60下行(跌3.9%); 成交量不足(量比=0.96<1.0); 假突破(长上影+收盘近前高)
    2025-07-03 00:00:00 收盘=21.93 ADX=43.2 | MA60下行(跌2.7%); 成交量不足(量比=0.70<1.0); CCI超买(123>100); 布林带宽死亡区间(21.3%); 下影线过长; KDJ-J超买(101>100); 实体占比小(0.24<0.3); 假突破(长上影+收盘近前高)
    2025-07-11 00:00:00 收盘=26.02 ADX=66.3 | 成交量不足(量比=0.84<1.0); CCI超买(137>100); MFI超买(86>80); 实体占比小(0.15<0.3); 假突破(长上影+收盘近前高); 前日长上影阴线
    2025-07-17 00:00:00 收盘=26.90 ADX=77.0 | 前日长上影阴线
    2025-07-23 00:00:00 收盘=27.33 ADX=63.0 | 前日长上影阴线
    2025-08-01 00:00:00 收盘=32.26 ADX=65.6 | 成交量不足(量比=0.69<1.0); 急跌弱反弹; 下影线过长; 实体占比小(0.20<0.3)
    2025-08-08 00:00:00 收盘=30.20 ADX=55.4 | 成交量不足(量比=0.69<1.0); 下影线过长; 实体占比小(0.13<0.3); MA条件不满足(MA5未上行+非吞没+非强反转)
    2025-08-13 00:00:00 收盘=34.20 ADX=52.1 | 前日长上影阴线
    2025-08-15 00:00:00 收盘=32.96 ADX=49.9 | 成交量不足(量比=0.77<1.0)
    2025-08-21 00:00:00 收盘=31.16 ADX=25.4 | 收盘价<MA20(31.16<31.92)且不满足回调反转; ADX中等趋势(25.4,15-30)且非强反转阳线; 成交量不足(量比=0.50<1.0); 急跌弱反弹; 下影线过长; 实体占比小(0.03<0.3); MA条件不满足(MA5未上行+非吞没+非强反转)
    2025-08-27 00:00:00 收盘=31.98 ADX=29.8 | ADX中等趋势(29.8,15-30)且非强反转阳线; 实体占比小(0.05<0.3)
    2025-08-29 00:00:00 收盘=31.39 ADX=33.4 | 收盘价<MA20(31.39<31.69)且不满足回调反转
    2025-09-03 00:00:00 收盘=33.42 ADX=23.2 | CCI超买(118>100)
    2025-09-10 00:00:00 收盘=35.44 ADX=4.0 | CCI超买(146>100); BOLL%b超买(1.11>1.0)
    2025-09-22 00:00:00 收盘=38.88 ADX=38.8 | 成交量不足(量比=0.56<1.0); 下影线过长; 实体占比小(0.04<0.3); MA条件不满足(MA5未上行+非吞没+非强反转)
    2025-09-24 00:00:00 收盘=37.24 ADX=34.8 | 成交量不足(量比=0.63<1.0); MA条件不满足(MA5未上行+非吞没+非强反转)
    2025-10-09 00:00:00 收盘=35.63 ADX=24.3 | 成交量不足(量比=0.74<1.0); 前日长上影阴线
    2025-10-15 00:00:00 收盘=33.32 ADX=34.6 | 收盘价<MA20(33.32<36.81)且不满足回调反转; 空头强趋势(-DI/+DI=3.8>2.0)
    2025-10-20 00:00:00 收盘=33.20 ADX=51.1 | 收盘价<MA20(33.20<36.37)且不满足回调反转; 成交量不足(量比=0.91<1.0); 下影线过长; 实体占比小(0.22<0.3); 空头强趋势(-DI/+DI=2.8>2.0)
    2025-10-24 00:00:00 收盘=32.45 ADX=49.1 | 收盘价<MA20(32.45<34.67)且不满足回调反转; 成交量不足(量比=0.96<1.0); 空头强趋势(-DI/+DI=6.4>2.0); 假突破(长上影+收盘近前高); MA条件不满足(MA5未上行+非吞没+非强反转)
    2025-10-29 00:00:00 收盘=34.78 ADX=38.5 | CCI超买(141>100); 布林带宽死亡区间(20.9%)
    2025-11-06 00:00:00 收盘=33.60 ADX=28.8 | 收盘价<MA20(33.60<33.62)且不满足回调反转; ADX中等趋势(28.8,15-30)且非强反转阳线; 成交量不足(量比=0.47<1.0); 前日长上影阴线; MA条件不满足(MA5未上行+非吞没+非强反转)
    2025-11-10 00:00:00 收盘=33.03 ADX=23.4 | 收盘价<MA20(33.03<33.59)且不满足回调反转; ADX中等趋势(23.4,15-30)且非强反转阳线; 成交量不足(量比=0.80<1.0); MA条件不满足(MA5未上行+非吞没+非强反转)
    2025-11-12 00:00:00 收盘=33.07 ADX=16.5 | 收盘价<MA20(33.07<33.59)且不满足回调反转; 震荡市(ADX=16.5<20且下行,MA20下行); ADX中等趋势(16.5,15-30)且非强反转阳线
    2025-11-25 00:00:00 收盘=27.86 ADX=60.1 | 收盘价<MA20(27.86<32.31)且不满足回调反转; 成交量不足(量比=0.72<1.0); 下影线过长; 实体占比小(0.09<0.3); 空头强趋势(-DI/+DI=8.4>2.0); 假突破(长上影+收盘近前高); 前日长上影阴线
    2025-11-28 00:00:00 收盘=27.93 ADX=62.0 | 收盘价<MA20(27.93<31.16)且不满足回调反转; MA60下行(跌0.6%); 成交量不足(量比=0.64<1.0); 下影线过长; 实体占比小(0.05<0.3); 空头强趋势(-DI/+DI=2.8>2.0); 假突破(长上影+收盘近前高); 前日长上影阴线
    2025-12-04 00:00:00 收盘=27.86 ADX=51.2 | 收盘价<MA20(27.86<29.87)且不满足回调反转; MA60下行(跌2.0%); 成交量不足(量比=0.73<1.0); 空头强趋势(-DI/+DI=3.6>2.0); MA条件不满足(MA5未上行+非吞没+非强反转)
    2025-12-08 00:00:00 收盘=27.97 ADX=52.3 | 收盘价<MA20(27.97<29.38)且不满足回调反转; MA60下行(跌2.7%); 下影线过长; 实体占比小(0.04<0.3); 空头强趋势(-DI/+DI=3.6>2.0); 假突破(长上影+收盘近前高); MA条件不满足(MA5未上行+非吞没+非强反转)
    2025-12-17 00:00:00 收盘=36.85 ADX=69.5 | MA60下行(跌3.9%); 成交量不足(量比=0.99<1.0); CCI超买(143>100); KDJ-J超买(109>100)
    2025-12-22 00:00:00 收盘=35.40 ADX=78.8 | MA60下行(跌4.0%); 成交量不足(量比=0.61<1.0); 下影线过长; 实体占比小(0.22<0.3); 假突破(长上影+收盘近前高); 前日长上影阴线; MA条件不满足(MA5未上行+非吞没+非强反转)
    2026-01-07 00:00:00 收盘=41.30 ADX=49.6 | MA60下行(跌1.4%); CCI超买(222>100)
    2026-01-13 00:00:00 收盘=41.83 ADX=47.4 | CCI超买(105>100)
    2026-01-19 00:00:00 收盘=41.88 ADX=52.6 | 成交量不足(量比=0.57<1.0); 下影线过长; 实体占比小(0.05<0.3)
    2026-01-23 00:00:00 收盘=41.07 ADX=43.9 | 布林带宽死亡区间(24.7%); MA条件不满足(MA5未上行+非吞没+非强反转)
    2026-02-03 00:00:00 收盘=37.78 ADX=29.4 | 收盘价<MA20(37.78<40.32)且不满足回调反转; ADX中等趋势(29.4,15-30)且非强反转阳线; 成交量不足(量比=0.77<1.0); MA条件不满足(MA5未上行+非吞没+非强反转)
    2026-02-06 00:00:00 收盘=37.81 ADX=53.1 | 收盘价<MA20(37.81<39.70)且不满足回调反转; 布林带宽死亡区间(20.7%); 下影线过长; 实体占比小(0.25<0.3); 空头强趋势(-DI/+DI=3.9>2.0); 假突破(长上影+收盘近前高); 前日长上影阴线; MA条件不满足(MA5未上行+非吞没+非强反转)
    2026-02-10 00:00:00 收盘=37.32 ADX=61.5 | 收盘价<MA20(37.32<39.32)且不满足回调反转; 成交量不足(量比=0.87<1.0); 布林带宽死亡区间(21.3%); 空头强趋势(-DI/+DI=3.3>2.0); 假突破(长上影+收盘近前高); MA条件不满足(MA5未上行+非吞没+非强反转)
    2026-02-12 00:00:00 收盘=37.60 ADX=52.7 | 收盘价<MA20(37.60<38.76)且不满足回调反转; 空头强趋势(-DI/+DI=2.6>2.0); 假突破(长上影+收盘近前高); 前日长上影阴线
    2026-02-25 00:00:00 收盘=35.23 ADX=51.9 | 收盘价<MA20(35.23<37.86)且不满足回调反转; 急跌弱反弹; 下影线过长; 空头强趋势(-DI/+DI=3.0>2.0); MA条件不满足(MA5未上行+非吞没+非强反转)
    2026-03-04 00:00:00 收盘=31.81 ADX=29.9 | 收盘价<MA20(31.81<36.35)且不满足回调反转; ADX中等趋势(29.9,15-30)且非强反转阳线; 成交量不足(量比=0.75<1.0); 急跌弱反弹; 实体占比小(0.29<0.3); MA条件不满足(MA5未上行+非吞没+非强反转)
    2026-03-06 00:00:00 收盘=33.36 ADX=31.4 | 收盘价<MA20(33.36<35.86)且不满足回调反转; 布林带宽死亡区间(22.8%); 空头强趋势(-DI/+DI=3.0>2.0)
    2026-03-16 00:00:00 收盘=32.58 ADX=17.7 | 收盘价<MA20(32.58<34.60)且不满足回调反转; 震荡市(ADX=17.7<20且下行,MA20下行); ADX中等趋势(17.7,15-30)且非强反转阳线; 成交量不足(量比=0.76<1.0); 布林带宽死亡区间(22.3%); 下影线过长; 实体占比小(0.17<0.3); MA条件不满足(MA5未上行+非吞没+非强反转)
    2026-03-25 00:00:00 收盘=28.09 ADX=41.0 | 收盘价<MA20(28.09<31.68)且不满足回调反转; 成交量不足(量比=0.78<1.0); 空头强趋势(-DI/+DI=2.2>2.0); 前日长上影阴线
    2026-03-27 00:00:00 收盘=30.24 ADX=36.5 | 收盘价<MA20(30.24<30.93)且不满足回调反转; 近3日涨幅过大(12.1%>12%); 空头强趋势(-DI/+DI=2.7>2.0)
    2026-04-09 00:00:00 收盘=37.00 ADX=43.2 | MA60下行(跌2.7%); 成交量不足(量比=0.92<1.0); MFI超买(81>80); 假突破(长上影+收盘近前高)
    2026-04-14 00:00:00 收盘=38.38 ADX=68.9 | MA60下行(跌3.7%); MFI超买(84>80)
    2026-04-20 00:00:00 收盘=37.66 ADX=74.5 | MA60下行(跌3.5%); 成交量不足(量比=0.65<1.0)
    2026-04-22 00:00:00 收盘=37.72 ADX=60.3 | MA60下行(跌3.1%); 成交量不足(量比=0.59<1.0); MA条件不满足(MA5未上行+非吞没+非强反转)
    2026-04-24 00:00:00 收盘=37.61 ADX=43.5 | MA60下行(跌2.7%); 布林带宽死亡区间(23.2%); 假突破(长上影+收盘近前高)
    2026-05-06 00:00:00 收盘=39.70 ADX=35.2 | MA60下行(跌2.3%); CCI超买(111>100); 前日长上影阴线
    2026-05-11 00:00:00 收盘=40.13 ADX=27.3 | MA60下行(跌2.0%); CCI超买(104>100)
    2026-05-13 00:00:00 收盘=39.48 ADX=27.8 | MA60下行(跌1.6%); ADX中等趋势(27.8,15-30)且非强反转阳线; 成交量不足(量比=0.86<1.0); 下影线过长; 实体占比小(0.14<0.3); 假突破(长上影+收盘近前高); 前日长上影阴线; MA条件不满足(MA5未上行+非吞没+非强反转)
    2026-05-15 00:00:00 收盘=39.96 ADX=24.8 | MA60下行(跌1.1%); ADX中等趋势(24.8,15-30)且非强反转阳线; CCI超买(103>100)
    2026-05-20 00:00:00 收盘=38.88 ADX=20.0 | ADX中等趋势(20.0,15-30)且非强反转阳线; 成交量不足(量比=0.77<1.0); MA条件不满足(MA5未上行+非吞没+非强反转)
    2026-06-03 00:00:00 收盘=33.71 ADX=27.1 | 波动率过滤(ATR/价=8.1%>8.0%); 收盘价<MA20(33.71<38.12)且不满足回调反转; 成交量不足(量比=0.68<1.0)
    2026-06-10 00:00:00 收盘=31.91 ADX=45.1 | 收盘价<MA20(31.91<36.32)且不满足回调反转; 成交量不足(量比=0.89<1.0); 空头强趋势(-DI/+DI=2.5>2.0)
    2026-06-12 00:00:00 收盘=32.52 ADX=54.8 | 收盘价<MA20(32.52<35.62)且不满足回调反转; 空头强趋势(-DI/+DI=5.4>2.0); 前日长上影阴线
    2026-06-17 00:00:00 收盘=32.42 ADX=55.6 | 收盘价<MA20(32.42<34.67)且不满足回调反转; 成交量不足(量比=0.83<1.0); 下影线过长; 实体占比小(0.17<0.3); 空头强趋势(-DI/+DI=2.2>2.0); 假突破(长上影+收盘近前高)
    2026-06-24 00:00:00 收盘=38.08 ADX=36.3 | CCI超买(178>100); 布林带宽死亡区间(24.4%); KDJ-J超买(105>100); 前日长上影阴线
    2026-06-29 00:00:00 收盘=39.60 ADX=53.5 | CCI超买(113>100); MFI超买(81>80)
    2026-07-01 00:00:00 收盘=40.94 ADX=69.1 | CCI超买(101>100)
    2026-07-03 00:00:00 收盘=40.56 ADX=78.9 | 成交量不足(量比=0.87<1.0); 下影线过长; 实体占比小(0.13<0.3); 前日长上影阴线
    2026-07-09 00:00:00 收盘=39.29 ADX=73.2 | 成交量不足(量比=0.77<1.0)
    2026-07-14 00:00:00 收盘=46.02 ADX=58.6 | CCI超买(168>100); 下影线过长; 前日长上影阴线
    2026-07-27 00:00:00 收盘=49.70 ADX=20.8 | 波动率过滤(ATR/价=9.1%>8.0%)
