==========================================================================================
未恢复亏损单特征分析与过滤规则挖掘
==========================================================================================
合并完成: 58 笔亏损单, 指标非空: 58

==========================================================================================
未恢复14笔交易关键指标明细
==========================================================================================
股票                买入日      亏损%    RSI     CCI    MFI  BOLL%b   KDJ-J    ADX  vsMA20   volR  bias6
----------------------------------------------------------------------------------------------------
300207     2025-11-05  -10.87%   64.3    84.5   72.6   0.923    75.1   34.8   12.82   1.07   2.62
001301     2026-06-29   -8.46%   56.0    -3.5   63.8   0.735    60.0   12.3    3.51   1.59   2.82
600744     2024-12-16   -7.84%   59.6    93.6   78.3   0.903    78.2   30.4    4.28   1.61   1.16
600176     2025-03-31   -7.71%   67.9    57.1   66.6   0.814    52.2   77.0    5.43   1.00   0.64
000100     2026-01-23   -6.20%   64.9    98.5   64.6   0.865    59.7   61.5    6.16   1.67   1.95
000725     2024-11-11   -5.87%   62.8    90.8   71.2   0.842    82.0   85.6    6.12   1.03   1.19
002461     2026-06-12   -5.37%   49.8   -29.5   61.9   0.539    44.4   15.3    0.47   1.30   3.11
600664     2024-11-07   -5.31%   63.5    72.2   70.4   0.858    57.8   59.9    6.29   1.16   2.13
603823     2024-12-05   -4.90%   54.9    16.2   55.6   0.683    20.9    7.8    1.85   1.36   0.85
002270     2026-03-04   -4.67%   59.0    66.4   64.7   0.773    53.4   46.3    6.84   1.15   0.60
600188     2025-08-25   -3.71%   59.9    51.3   46.0   0.805    81.1   30.6    2.52   1.22   2.69
920725     2026-03-10   -3.63%   53.6    14.1   66.5   0.712    33.6   48.7    3.80   1.16   2.39
002461     2024-12-24   -3.42%   66.2    89.6   74.1   0.957    87.7   39.3    5.87   1.41   2.78
600004     2024-12-27   -2.92%   54.4   -16.8   46.5   0.632    58.0   11.0    0.46   1.72   1.18

==========================================================================================
特征区分度分析（已恢复 44 笔 vs 未恢复 14 笔）
==========================================================================================
特征                            已恢复均值        未恢复均值         差异      区分度     方向
---------------------------------------------------------------------------
wr                           36.114       27.418     +8.696    0.525      ↑
boll_pctb                     0.729        0.789     -0.059    0.509      ↓
kdj_k                        50.143       57.476     -7.333    0.509      ↓
kdj_d                        49.330       56.068     -6.738    0.480      ↓
mdi                          15.825       13.460     +2.365    0.446      ↑
pdi_mdi_ratio                 2.261        3.040     -0.779    0.442      ↓
kdj_j                        51.768       60.292     -8.523    0.397      ↓
boll_width                   20.294       15.382     +4.912    0.371      ↑
cci                          35.937       48.900    -12.963    0.306      ↓
vs_ma5                        2.147        1.657     +0.490    0.300      ↑
body_pct                      3.561        4.187     -0.626    0.260      ↓
lower_shadow_ratio            0.224        0.164     +0.060    0.235      ↑
reversal_ratio                4.580        2.724     +1.856    0.227      ↑
adx                          36.330       40.037     -3.706    0.191      ↓
bias6                         2.195        1.865     +0.330    0.187      ↑
recent_gain3                  2.454        1.926     +0.528    0.184      ↑
bias24                        5.938        5.028     +0.910    0.175      ↑
mfi                          62.819       64.478     -1.658    0.171      ↓
rsi                          58.991       59.783     -0.792    0.136      ↓
upper_shadow_ratio            0.302        0.341     -0.039    0.123      ↓
ma5_slope                     0.490        0.581     -0.092    0.121      ↓
macd_hist_slope               0.042        0.053     -0.011    0.114      ↓
recent_gain5                  2.541        2.957     -0.416    0.107      ↓
macd_dea                      0.342        0.390     -0.048    0.088      ↓
bias12                        2.639        2.848     -0.208    0.087      ↓
macd_diff                     0.353        0.401     -0.048    0.085      ↓
atr_pct                       4.270        4.149     +0.121    0.067      ↑
vs_ma20                       4.999        4.745     +0.254    0.058      ↑
macd_hist_prev               -0.019       -0.031     +0.012    0.047      ↑
prev5_drop                   -0.242       -0.081     -0.161    0.039      ↓
body_ratio                    0.705        0.699     +0.006    0.036      ↑
vs_ma10                       2.254        2.193     +0.061    0.031      ↑
vol_ratio                     1.327        1.319     +0.008    0.029      ↑
vs_ma60                      10.997       11.131     -0.134    0.013      ↓
pdi                          29.862       29.807     +0.055    0.006      ↑
macd_hist                     0.023        0.022     +0.001    0.003      ↑

==========================================================================================
布尔型特征恢复率对比
==========================================================================================

  is_strong_trend:
    is_strong_trend=True: 38笔, 恢复率73.7%, 未恢复10笔
    is_strong_trend=False: 20笔, 恢复率80.0%, 未恢复4笔

  is_bullish_align:
    is_bullish_align=True: 39笔, 恢复率69.2%, 未恢复12笔
    is_bullish_align=False: 19笔, 恢复率89.5%, 未恢复2笔

  kdj_cross:
    kdj_cross=True: 33笔, 恢复率69.7%, 未恢复10笔
    kdj_cross=False: 25笔, 恢复率84.0%, 未恢复4笔

==========================================================================================
Top 特征分布分析（已恢复 vs 未恢复）
==========================================================================================

--- wr ---
  已恢复:   min=6.757  p25=24.396  median=35.340  p75=46.406  max=81.012
  未恢复:   min=3.158  p25=17.729  median=24.624  p75=39.054  max=52.381
  分桶恢复率:
    区间                         总数     恢复    未恢复      恢复率
    [3.16, 16.13)               8      5      3    62.5%
    [16.13, 29.11)             17     11      6    64.7%
    [29.11, 42.09)             15     14      1    93.3%
    [42.09, 55.06)             12      8      4    66.7%
    [55.06, 68.04)              4      4      0   100.0%
    [68.04, 81.01]              2      2      0   100.0%

--- boll_pctb ---
  已恢复:   min=0.521  p25=0.650  median=0.734  p75=0.823  max=0.922
  未恢复:   min=0.539  p25=0.717  median=0.810  p75=0.863  max=0.957
  分桶恢复率:
    区间                         总数     恢复    未恢复      恢复率
    [0.52, 0.59)                7      6      1    85.7%
    [0.59, 0.67)                7      6      1    85.7%
    [0.67, 0.74)               13     10      3    76.9%
    [0.74, 0.81)               12     10      2    83.3%
    [0.81, 0.88)               12      8      4    66.7%
    [0.88, 0.96]                7      4      3    57.1%

--- kdj_k ---
  已恢复:   min=18.952  p25=41.390  median=46.102  p75=60.452  max=83.761
  未恢复:   min=35.827  p25=43.433  median=58.610  p75=70.281  max=75.228
  分桶恢复率:
    区间                         总数     恢复    未恢复      恢复率
    [18.95, 29.75)              2      2      0   100.0%
    [29.75, 40.55)             10      6      4    60.0%
    [40.55, 51.36)             18     18      0   100.0%
    [51.36, 62.16)             12      8      4    66.7%
    [62.16, 72.96)             10      7      3    70.0%
    [72.96, 83.76]              6      3      3    50.0%

--- kdj_d ---
  已恢复:   min=24.735  p25=40.357  median=47.554  p75=58.199  max=82.447
  未恢复:   min=30.937  p25=41.027  median=58.458  p75=69.481  max=73.648
  分桶恢复率:
    区间                         总数     恢复    未恢复      恢复率
    [24.73, 34.35)              7      6      1    85.7%
    [34.35, 43.97)             15     11      4    73.3%
    [43.97, 53.59)             11     11      0   100.0%
    [53.59, 63.21)             12      9      3    75.0%
    [63.21, 72.83)             10      5      5    50.0%
    [72.83, 82.45]              3      2      1    66.7%

--- mdi ---
  已恢复:   min=4.138  p25=11.619  median=15.855  p75=19.517  max=24.206
  未恢复:   min=3.017  p25=9.838  median=14.118  p75=17.087  max=21.154
  分桶恢复率:
    区间                         总数     恢复    未恢复      恢复率
    [3.02, 6.55)                2      1      1    50.0%
    [6.55, 10.08)              11      8      3    72.7%
    [10.08, 13.61)              8      5      3    62.5%
    [13.61, 17.14)             14     11      3    78.6%
    [17.14, 20.67)             12     10      2    83.3%
    [20.67, 24.21]             11      9      2    81.8%

--- pdi_mdi_ratio ---
  已恢复:   min=0.525  p25=1.208  median=2.041  p75=2.789  max=8.333
  未恢复:   min=1.023  p25=1.354  median=2.345  p75=3.531  max=10.571
  分桶恢复率:
    区间                         总数     恢复    未恢复      恢复率
    [0.52, 2.20)               30     24      6    80.0%
    [2.20, 3.87)               21     16      5    76.2%
    [3.87, 5.55)                5      3      2    60.0%
    [7.22, 8.90)                1      1      0   100.0%
    [8.90, 10.57]               1      0      1     0.0%

--- kdj_j ---
  已恢复:   min=1.469  p25=35.567  median=51.535  p75=60.943  max=95.045
  未恢复:   min=20.914  p25=52.484  median=58.808  p75=77.432  max=87.707
  分桶恢复率:
    区间                         总数     恢复    未恢复      恢复率
    [1.47, 17.06)               2      2      0   100.0%
    [17.06, 32.66)              9      8      1    88.9%
    [32.66, 48.26)              8      6      2    75.0%
    [48.26, 63.85)             25     19      6    76.0%
    [63.85, 79.45)              4      2      2    50.0%
    [79.45, 95.05]             10      7      3    70.0%

--- boll_width ---
  已恢复:   min=4.194  p25=9.153  median=14.198  p75=28.227  max=53.385
  未恢复:   min=3.477  p25=10.991  median=15.932  p75=17.816  max=30.290
  分桶恢复率:
    区间                         总数     恢复    未恢复      恢复率
    [3.48, 11.79)              21     17      4    81.0%
    [11.79, 20.11)             20     12      8    60.0%
    [20.11, 28.43)              5      4      1    80.0%
    [28.43, 36.75)              4      3      1    75.0%
    [36.75, 45.07)              3      3      0   100.0%
    [45.07, 53.38]              5      5      0   100.0%

==========================================================================================
候选过滤规则评估
==========================================================================================
规则                                                过滤      捕获未恢复      误杀已恢复      精度      召回     误伤率
----------------------------------------------------------------------------------------------------
RSI >= 60                                         22          6         16  27.3%  42.9%  36.4%
RSI >= 62                                         20          6         14  30.0%  42.9%  31.8%
RSI >= 64                                         14          4         10  28.6%  28.6%  22.7%
RSI >= 65                                          9          2          7  22.2%  14.3%  15.9%
RSI >= 66                                          5          2          3  40.0%  14.3%   6.8%
CCI >= 50                                         27          9         18  33.3%  64.3%  40.9%
CCI >= 60                                         23          7         16  30.4%  50.0%  36.4%
CCI >= 70                                         17          6         11  35.3%  42.9%  25.0%
CCI >= 80                                         10          5          5  50.0%  35.7%  11.4%
CCI >= 85                                          9          4          5  44.4%  28.6%  11.4%
CCI >= 90                                          6          3          3  50.0%  21.4%   6.8%
MFI >= 60                                         40         11         29  27.5%  78.6%  65.9%
MFI >= 65                                         25          7         18  28.0%  50.0%  40.9%
MFI >= 70                                         17          5         12  29.4%  35.7%  27.3%
MFI >= 72                                         14          3         11  21.4%  21.4%  25.0%
MFI >= 75                                          8          1          7  12.5%   7.1%  15.9%
BOLL %b >= 0.75                                   27          9         18  33.3%  64.3%  40.9%
BOLL %b >= 0.8                                    22          8         14  36.4%  57.1%  31.8%
BOLL %b >= 0.85                                   11          5          6  45.5%  35.7%  13.6%
BOLL %b >= 0.9                                     5          3          2  60.0%  21.4%   4.5%
vs_ma20 >= 3                                      34         10         24  29.4%  71.4%  54.5%
vs_ma20 >= 4                                      26          8         18  30.8%  57.1%  40.9%
vs_ma20 >= 5                                      23          7         16  30.4%  50.0%  36.4%
vs_ma20 >= 6                                      19          5         14  26.3%  35.7%  31.8%
vs_ma20 >= 7                                      12          1         11   8.3%   7.1%  25.0%
KDJ-J >= 50                                       35         11         24  31.4%  78.6%  54.5%
KDJ-J >= 55                                       28          9         19  32.1%  64.3%  43.2%
KDJ-J >= 60                                       19          6         13  31.6%  42.9%  29.5%
KDJ-J >= 70                                       14          5          9  35.7%  35.7%  20.5%
KDJ-J >= 75                                       14          5          9  35.7%  35.7%  20.5%
KDJ-J >= 80                                       10          3          7  30.0%  21.4%  15.9%
ADX >= 25                                         41         10         31  24.4%  71.4%  70.5%
ADX >= 30                                         39         10         29  25.6%  71.4%  65.9%
ADX >= 35                                         31          7         24  22.6%  50.0%  54.5%
ADX >= 40                                         22          6         16  27.3%  42.9%  36.4%
ADX >= 50                                         13          4          9  30.8%  28.6%  20.5%
WR >= -30                                         58         14         44  24.1% 100.0% 100.0%
WR >= -25                                         58         14         44  24.1% 100.0% 100.0%
WR >= -20                                         58         14         44  24.1% 100.0% 100.0%
WR >= -15                                         58         14         44  24.1% 100.0% 100.0%
vol_ratio >= 1.0                                  58         14         44  24.1% 100.0% 100.0%
vol_ratio >= 1.2                                  37          8         29  21.6%  57.1%  65.9%
vol_ratio >= 1.5                                  13          4          9  30.8%  28.6%  20.5%
vol_ratio >= 1.8                                   2          0          2   0.0%   0.0%   4.5%
vol_ratio >= 2.0                                   2          0          2   0.0%   0.0%   4.5%
bias6 >= 3                                         9          1          8  11.1%   7.1%  18.2%
bias6 >= 4                                         6          0          6   0.0%   0.0%  13.6%
bias6 >= 5                                         5          0          5   0.0%   0.0%  11.4%
bias6 >= 6                                         4          0          4   0.0%   0.0%   9.1%
bias6 >= 7                                         1          0          1   0.0%   0.0%   2.3%
MACD_hist >= 0.2                                   6          1          5  16.7%   7.1%  11.4%
MACD_hist >= 0.3                                   3          1          2  33.3%   7.1%   4.5%
MACD_hist >= 0.4                                   3          1          2  33.3%   7.1%   4.5%
MACD_hist >= 0.5                                   3          1          2  33.3%   7.1%   4.5%
RSI>=62 & CCI>=50                                 16          6         10  37.5%  42.9%  22.7%
RSI>=62 & CCI>=70                                 11          5          6  45.5%  35.7%  13.6%
RSI>=60 & MFI>=65                                 13          5          8  38.5%  35.7%  18.2%
RSI>=62 & MFI>=70                                  8          4          4  50.0%  28.6%   9.1%
CCI>=70 & MFI>=65                                 10          5          5  50.0%  35.7%  11.4%
CCI>=50 & MFI>=70                                 11          5          6  45.5%  35.7%  13.6%
BOLL%b>=0.8 & RSI>=60                             16          6         10  37.5%  42.9%  22.7%
BOLL%b>=0.85 & RSI>=62                             8          4          4  50.0%  28.6%   9.1%
vs_ma20>=5 & RSI>=60                              17          6         11  35.3%  42.9%  25.0%
vs_ma20>=4 & CCI>=50                              19          8         11  42.1%  57.1%  25.0%
KDJ-J>=70 & RSI>=60                                6          3          3  50.0%  21.4%   6.8%
KDJ-J>=60 & CCI>=50                               14          5          9  35.7%  35.7%  20.5%
RSI>=60 & CCI>=50 & MFI>=65                       11          5          6  45.5%  35.7%  13.6%
RSI>=62 & BOLL%b>=0.8 & MFI>=65                   11          5          6  45.5%  35.7%  13.6%
CCI>=50 & MFI>=65 & vs_ma20>=4                    13          6          7  46.2%  42.9%  15.9%

==========================================================================================
最优规则筛选（recall>=50% & precision>=50% & 误伤率<=30%）
==========================================================================================
  未找到满足条件的规则，放宽标准（recall>=40% & precision>=40%）
  vs_ma20>=4 & CCI>=50                          过滤19笔, 捕获未恢复8/14, 误杀已恢复11/44, 精度42.1% 召回57.1% 误伤25.0%
  CCI>=50 & MFI>=65 & vs_ma20>=4                过滤13笔, 捕获未恢复6/14, 误杀已恢复7/44, 精度46.2% 召回42.9% 误伤15.9%

==========================================================================================
最优规则对全量139笔交易的影响验证
==========================================================================================

  基准: 139笔, 胜率58.3%, PF 6.18
  规则                                                剩余     过滤盈利     过滤亏损      新胜率      新PF
  ------------------------------------------------------------------------------------------

明细数据已保存至: /Users/a1-6/project/easy_tdx/scripts/non_recovery_feature_analysis.csv

==========================================================================================
分析完成
==========================================================================================
