Traceback (most recent call last):
  File "<string>", line 1, in <module>
ValueError: could not convert string to float: '+119.91%'
Traceback (most recent call last):
  File "<string>", line 1, in <module>
ValueError: could not convert string to float: ''
Traceback (most recent call last):
  File "<string>", line 1, in <module>
ValueError: could not convert string to float: '+176.16%'
Traceback (most recent call last):
  File "<string>", line 1, in <module>
ValueError: could not convert string to float: ''
Traceback (most recent call last):
  File "<string>", line 1, in <module>
ValueError: could not convert string to float: '+54.24%'
Traceback (most recent call last):
  File "<string>", line 1, in <module>
ValueError: could not convert string to float: ''
Traceback (most recent call last):
  File "<string>", line 1, in <module>
ValueError: could not convert string to float: '+20.83%'
Traceback (most recent call last):
  File "<string>", line 1, in <module>
ValueError: could not convert string to float: ''
Traceback (most recent call last):
  File "<string>", line 1, in <module>
ValueError: could not convert string to float: '+9.41%'
Traceback (most recent call last):
  File "<string>", line 1, in <module>
ValueError: could not convert string to float: ''
Traceback (most recent call last):
  File "<string>", line 1, in <module>
ValueError: could not convert string to float: '+0.00%'
Traceback (most recent call last):
  File "<string>", line 1, in <module>
ValueError: could not convert string to float: ''
Traceback (most recent call last):
  File "<string>", line 1, in <module>
ValueError: could not convert string to float: '+4.22%'
Traceback (most recent call last):
  File "<string>", line 1, in <module>
ValueError: could not convert string to float: ''
Traceback (most recent call last):
  File "<string>", line 1, in <module>
ValueError: could not convert string to float: '+9.63%'
Traceback (most recent call last):
  File "<string>", line 1, in <module>
ValueError: could not convert string to float: ''
Traceback (most recent call last):
  File "<string>", line 1, in <module>
ValueError: could not convert string to float: '+122.60%'
Traceback (most recent call last):
  File "<string>", line 1, in <module>
ValueError: could not convert string to float: ''
Traceback (most recent call last):
  File "<string>", line 1, in <module>
ValueError: could not convert string to float: '+0.00%'
Traceback (most recent call last):
  File "<string>", line 1, in <module>
ValueError: could not convert string to float: ''
Traceback (most recent call last):
  File "<string>", line 1, in <module>
ValueError: could not convert string to float: '+17.25%'
Traceback (most recent call last):
  File "<string>", line 1, in <module>
ValueError: could not convert string to float: ''
Traceback (most recent call last):
  File "<string>", line 1, in <module>
ValueError: could not convert string to float: '-1.92%'
Traceback (most recent call last):
  File "<string>", line 1, in <module>
ValueError: could not convert string to float: ''
Traceback (most recent call last):
  File "<string>", line 1, in <module>
ValueError: could not convert string to float: '-4.01%'
Traceback (most recent call last):
  File "<string>", line 1, in <module>
ValueError: could not convert string to float: ''
Traceback (most recent call last):
  File "<string>", line 1, in <module>
ValueError: could not convert string to float: '-4.48%'
Traceback (most recent call last):
  File "<string>", line 1, in <module>
ValueError: could not convert string to float: ''
Traceback (most recent call last):
  File "<string>", line 1, in <module>
ValueError: could not convert string to float: '-3.24%'
Traceback (most recent call last):
  File "<string>", line 1, in <module>
ValueError: could not convert string to float: ''
Traceback (most recent call last):
  File "<string>", line 1, in <module>
ValueError: could not convert string to float: '-0.04%'
Traceback (most recent call last):
  File "<string>", line 1, in <module>
ValueError: could not convert string to float: ''
Traceback (most recent call last):
  File "<string>", line 1, in <module>
ValueError: could not convert string to float: '+1.28%'
Traceback (most recent call last):
  File "<string>", line 1, in <module>
ValueError: could not convert string to float: ''
Traceback (most recent call last):
  File "<string>", line 1, in <module>
ValueError: could not convert string to float: '+26.63%'
Traceback (most recent call last):
  File "<string>", line 1, in <module>
ValueError: could not convert string to float: ''
Traceback (most recent call last):
  File "<string>", line 1, in <module>
ValueError: could not convert string to float: '+14.90%'
Traceback (most recent call last):
  File "<string>", line 1, in <module>
ValueError: could not convert string to float: ''
Traceback (most recent call last):
  File "<string>", line 1, in <module>
ValueError: could not convert string to float: '-4.43%'
Traceback (most recent call last):
  File "<string>", line 1, in <module>
ValueError: could not convert string to float: ''
Traceback (most recent call last):
  File "<string>", line 1, in <module>
ValueError: could not convert string to float: '+70.76%'
Traceback (most recent call last):
  File "<string>", line 1, in <module>
ValueError: could not convert string to float: ''
Traceback (most recent call last):
  File "<string>", line 1, in <module>
ValueError: could not convert string to float: '-18.49%'
Traceback (most recent call last):
  File "<string>", line 1, in <module>
ValueError: could not convert string to float: ''
Traceback (most recent call last):
  File "<string>", line 1, in <module>
ValueError: could not convert string to float: '-3.68%'
Traceback (most recent call last):
  File "<string>", line 1, in <module>
ValueError: could not convert string to float: ''
Traceback (most recent call last):
  File "<string>", line 1, in <module>
ValueError: could not convert string to float: '+0.17%'
Traceback (most recent call last):
  File "<string>", line 1, in <module>
ValueError: could not convert string to float: ''
Traceback (most recent call last):
  File "<string>", line 1, in <module>
ValueError: could not convert string to float: '-2.01%'
Traceback (most recent call last):
  File "<string>", line 1, in <module>
ValueError: could not convert string to float: ''
Traceback (most recent call last):
  File "<string>", line 1, in <module>
ValueError: could not convert string to float: '+27.94%'
Traceback (most recent call last):
  File "<string>", line 1, in <module>
ValueError: could not convert string to float: ''
Traceback (most recent call last):
  File "<string>", line 1, in <module>
ValueError: could not convert string to float: '+4.50%'
Traceback (most recent call last):
  File "<string>", line 1, in <module>
ValueError: could not convert string to float: ''
Traceback (most recent call last):
  File "<string>", line 1, in <module>
ValueError: could not convert string to float: '+18.91%'
Traceback (most recent call last):
  File "<string>", line 1, in <module>
ValueError: could not convert string to float: ''
Traceback (most recent call last):
  File "<string>", line 1, in <module>
ValueError: could not convert string to float: '-13.06%'
Traceback (most recent call last):
  File "<string>", line 1, in <module>
ValueError: could not convert string to float: ''
Traceback (most recent call last):
  File "<string>", line 1, in <module>
ValueError: could not convert string to float: '+136.20%'
Traceback (most recent call last):
  File "<string>", line 1, in <module>
ValueError: could not convert string to float: ''
Traceback (most recent call last):
  File "<string>", line 1, in <module>
ValueError: could not convert string to float: '+11.10%'
Traceback (most recent call last):
  File "<string>", line 1, in <module>
ValueError: could not convert string to float: ''
Traceback (most recent call last):
  File "<string>", line 1, in <module>
ValueError: could not convert string to float: '+11.68%'
Traceback (most recent call last):
  File "<string>", line 1, in <module>
ValueError: could not convert string to float: ''
Traceback (most recent call last):
  File "<string>", line 1, in <module>
ValueError: could not convert string to float: '-8.41%'
Traceback (most recent call last):
  File "<string>", line 1, in <module>
ValueError: could not convert string to float: ''
Traceback (most recent call last):
  File "<string>", line 1, in <module>
ValueError: could not convert string to float: '+6.51%'
Traceback (most recent call last):
  File "<string>", line 1, in <module>
ValueError: could not convert string to float: ''
Traceback (most recent call last):
  File "<string>", line 1, in <module>
ValueError: could not convert string to float: '+8.27%'
Traceback (most recent call last):
  File "<string>", line 1, in <module>
ValueError: could not convert string to float: ''
Traceback (most recent call last):
  File "<string>", line 1, in <module>
ValueError: could not convert string to float: '+3.51%'
Traceback (most recent call last):
  File "<string>", line 1, in <module>
ValueError: could not convert string to float: ''
Traceback (most recent call last):
  File "<string>", line 1, in <module>
ValueError: could not convert string to float: '+1.47%'
Traceback (most recent call last):
  File "<string>", line 1, in <module>
ValueError: could not convert string to float: ''
Traceback (most recent call last):
  File "<string>", line 1, in <module>
ValueError: could not convert string to float: '-2.85%'
Traceback (most recent call last):
  File "<string>", line 1, in <module>
ValueError: could not convert string to float: ''
Traceback (most recent call last):
  File "<string>", line 1, in <module>
ValueError: could not convert string to float: '+0.68%'
Traceback (most recent call last):
  File "<string>", line 1, in <module>
ValueError: could not convert string to float: ''
Traceback (most recent call last):
  File "<string>", line 1, in <module>
ValueError: could not convert string to float: '+7.65%'
Traceback (most recent call last):
  File "<string>", line 1, in <module>
ValueError: could not convert string to float: ''
Traceback (most recent call last):
  File "<string>", line 1, in <module>
ValueError: could not convert string to float: '+1.41%'
Traceback (most recent call last):
  File "<string>", line 1, in <module>
ValueError: could not convert string to float: ''
Traceback (most recent call last):
  File "<string>", line 1, in <module>
ValueError: could not convert string to float: '+9.92%'
Traceback (most recent call last):
  File "<string>", line 1, in <module>
ValueError: could not convert string to float: ''
Traceback (most recent call last):
  File "<string>", line 1, in <module>
ValueError: could not convert string to float: '-1.39%'
Traceback (most recent call last):
  File "<string>", line 1, in <module>
ValueError: could not convert string to float: ''
Traceback (most recent call last):
  File "<string>", line 1, in <module>
ValueError: could not convert string to float: '+21.56%'
Traceback (most recent call last):
  File "<string>", line 1, in <module>
ValueError: could not convert string to float: ''
Traceback (most recent call last):
  File "<string>", line 1, in <module>
ValueError: could not convert string to float: '-0.36%'
Traceback (most recent call last):
  File "<string>", line 1, in <module>
ValueError: could not convert string to float: ''
Traceback (most recent call last):
  File "<string>", line 1, in <module>
ValueError: could not convert string to float: '+24.31%'
Traceback (most recent call last):
  File "<string>", line 1, in <module>
ValueError: could not convert string to float: ''
Traceback (most recent call last):
  File "<string>", line 1, in <module>
ValueError: could not convert string to float: '+29.52%'
Traceback (most recent call last):
  File "<string>", line 1, in <module>
ValueError: could not convert string to float: ''
Traceback (most recent call last):
  File "<string>", line 1, in <module>
ValueError: could not convert string to float: '+8.14%'
Traceback (most recent call last):
  File "<string>", line 1, in <module>
ValueError: could not convert string to float: ''
Traceback (most recent call last):
  File "<string>", line 1, in <module>
ValueError: could not convert string to float: '+93.77%'
Traceback (most recent call last):
  File "<string>", line 1, in <module>
ValueError: could not convert string to float: ''
Traceback (most recent call last):
  File "<string>", line 1, in <module>
ValueError: could not convert string to float: '+0.00%'
Traceback (most recent call last):
  File "<string>", line 1, in <module>
ValueError: could not convert string to float: ''
Traceback (most recent call last):
  File "<string>", line 1, in <module>
ValueError: could not convert string to float: '+119.91%'
Traceback (most recent call last):
  File "<string>", line 1, in <module>
ValueError: could not convert string to float: ''
Traceback (most recent call last):
  File "<string>", line 1, in <module>
ValueError: could not convert string to float: '+176.16%'
Traceback (most recent call last):
  File "<string>", line 1, in <module>
ValueError: could not convert string to float: ''
Traceback (most recent call last):
  File "<string>", line 1, in <module>
ValueError: could not convert string to float: '+54.24%'
Traceback (most recent call last):
  File "<string>", line 1, in <module>
ValueError: could not convert string to float: ''
Traceback (most recent call last):
  File "<string>", line 1, in <module>
ValueError: could not convert string to float: '+20.83%'
Traceback (most recent call last):
  File "<string>", line 1, in <module>
ValueError: could not convert string to float: ''
Traceback (most recent call last):
  File "<string>", line 1, in <module>
ValueError: could not convert string to float: '+9.41%'
Traceback (most recent call last):
  File "<string>", line 1, in <module>
ValueError: could not convert string to float: ''
Traceback (most recent call last):
  File "<string>", line 1, in <module>
ValueError: could not convert string to float: '+0.00%'
Traceback (most recent call last):
  File "<string>", line 1, in <module>
ValueError: could not convert string to float: ''
Traceback (most recent call last):
  File "<string>", line 1, in <module>
ValueError: could not convert string to float: '+4.22%'
Traceback (most recent call last):
  File "<string>", line 1, in <module>
ValueError: could not convert string to float: ''
Traceback (most recent call last):
  File "<string>", line 1, in <module>
ValueError: could not convert string to float: '+9.63%'
Traceback (most recent call last):
  File "<string>", line 1, in <module>
ValueError: could not convert string to float: ''
Traceback (most recent call last):
  File "<string>", line 1, in <module>
ValueError: could not convert string to float: '+122.60%'
Traceback (most recent call last):
  File "<string>", line 1, in <module>
ValueError: could not convert string to float: ''
Traceback (most recent call last):
  File "<string>", line 1, in <module>
ValueError: could not convert string to float: '+0.00%'
Traceback (most recent call last):
  File "<string>", line 1, in <module>
ValueError: could not convert string to float: ''
Traceback (most recent call last):
  File "<string>", line 1, in <module>
ValueError: could not convert string to float: '+17.25%'
Traceback (most recent call last):
  File "<string>", line 1, in <module>
ValueError: could not convert string to float: ''
Traceback (most recent call last):
  File "<string>", line 1, in <module>
ValueError: could not convert string to float: '-1.92%'
Traceback (most recent call last):
  File "<string>", line 1, in <module>
ValueError: could not convert string to float: ''
Traceback (most recent call last):
  File "<string>", line 1, in <module>
ValueError: could not convert string to float: '-4.01%'
Traceback (most recent call last):
  File "<string>", line 1, in <module>
ValueError: could not convert string to float: ''
Traceback (most recent call last):
  File "<string>", line 1, in <module>
ValueError: could not convert string to float: '-4.48%'
Traceback (most recent call last):
  File "<string>", line 1, in <module>
ValueError: could not convert string to float: ''
Traceback (most recent call last):
  File "<string>", line 1, in <module>
ValueError: could not convert string to float: '-3.24%'
Traceback (most recent call last):
  File "<string>", line 1, in <module>
ValueError: could not convert string to float: ''
Traceback (most recent call last):
  File "<string>", line 1, in <module>
ValueError: could not convert string to float: '-0.04%'
Traceback (most recent call last):
  File "<string>", line 1, in <module>
ValueError: could not convert string to float: ''
Traceback (most recent call last):
  File "<string>", line 1, in <module>
ValueError: could not convert string to float: '+1.28%'
Traceback (most recent call last):
  File "<string>", line 1, in <module>
ValueError: could not convert string to float: ''
Traceback (most recent call last):
  File "<string>", line 1, in <module>
ValueError: could not convert string to float: '+26.63%'
Traceback (most recent call last):
  File "<string>", line 1, in <module>
ValueError: could not convert string to float: ''
Traceback (most recent call last):
  File "<string>", line 1, in <module>
ValueError: could not convert string to float: '+14.90%'
Traceback (most recent call last):
  File "<string>", line 1, in <module>
ValueError: could not convert string to float: ''
Traceback (most recent call last):
  File "<string>", line 1, in <module>
ValueError: could not convert string to float: '-4.43%'
Traceback (most recent call last):
  File "<string>", line 1, in <module>
ValueError: could not convert string to float: ''
Traceback (most recent call last):
  File "<string>", line 1, in <module>
ValueError: could not convert string to float: '+70.76%'
Traceback (most recent call last):
  File "<string>", line 1, in <module>
ValueError: could not convert string to float: ''
Traceback (most recent call last):
  File "<string>", line 1, in <module>
ValueError: could not convert string to float: '-18.49%'
Traceback (most recent call last):
  File "<string>", line 1, in <module>
ValueError: could not convert string to float: ''
Traceback (most recent call last):
  File "<string>", line 1, in <module>
ValueError: could not convert string to float: '-3.68%'
Traceback (most recent call last):
  File "<string>", line 1, in <module>
ValueError: could not convert string to float: ''
Traceback (most recent call last):
  File "<string>", line 1, in <module>
ValueError: could not convert string to float: '+0.17%'
Traceback (most recent call last):
  File "<string>", line 1, in <module>
ValueError: could not convert string to float: ''
Traceback (most recent call last):
  File "<string>", line 1, in <module>
ValueError: could not convert string to float: '-2.01%'
Traceback (most recent call last):
  File "<string>", line 1, in <module>
ValueError: could not convert string to float: ''
Traceback (most recent call last):
  File "<string>", line 1, in <module>
ValueError: could not convert string to float: '+27.94%'
Traceback (most recent call last):
  File "<string>", line 1, in <module>
ValueError: could not convert string to float: ''
Traceback (most recent call last):
  File "<string>", line 1, in <module>
ValueError: could not convert string to float: '+4.50%'
Traceback (most recent call last):
  File "<string>", line 1, in <module>
ValueError: could not convert string to float: ''
Traceback (most recent call last):
  File "<string>", line 1, in <module>
ValueError: could not convert string to float: '+18.91%'
Traceback (most recent call last):
  File "<string>", line 1, in <module>
ValueError: could not convert string to float: ''
Traceback (most recent call last):
  File "<string>", line 1, in <module>
ValueError: could not convert string to float: '-13.06%'
Traceback (most recent call last):
  File "<string>", line 1, in <module>
ValueError: could not convert string to float: ''
Traceback (most recent call last):
  File "<string>", line 1, in <module>
ValueError: could not convert string to float: '+136.20%'
Traceback (most recent call last):
  File "<string>", line 1, in <module>
ValueError: could not convert string to float: ''
Traceback (most recent call last):
  File "<string>", line 1, in <module>
ValueError: could not convert string to float: '+11.10%'
Traceback (most recent call last):
  File "<string>", line 1, in <module>
ValueError: could not convert string to float: ''
Traceback (most recent call last):
  File "<string>", line 1, in <module>
ValueError: could not convert string to float: '+11.68%'
Traceback (most recent call last):
  File "<string>", line 1, in <module>
ValueError: could not convert string to float: ''
Traceback (most recent call last):
  File "<string>", line 1, in <module>
ValueError: could not convert string to float: '-8.41%'
Traceback (most recent call last):
  File "<string>", line 1, in <module>
ValueError: could not convert string to float: ''
Traceback (most recent call last):
  File "<string>", line 1, in <module>
ValueError: could not convert string to float: '+6.51%'
Traceback (most recent call last):
  File "<string>", line 1, in <module>
ValueError: could not convert string to float: ''
Traceback (most recent call last):
  File "<string>", line 1, in <module>
ValueError: could not convert string to float: '+8.27%'
Traceback (most recent call last):
  File "<string>", line 1, in <module>
ValueError: could not convert string to float: ''
Traceback (most recent call last):
  File "<string>", line 1, in <module>
ValueError: could not convert string to float: '+3.51%'
Traceback (most recent call last):
  File "<string>", line 1, in <module>
ValueError: could not convert string to float: ''
Traceback (most recent call last):
  File "<string>", line 1, in <module>
ValueError: could not convert string to float: '+1.47%'
Traceback (most recent call last):
  File "<string>", line 1, in <module>
ValueError: could not convert string to float: ''
Traceback (most recent call last):
  File "<string>", line 1, in <module>
ValueError: could not convert string to float: '-2.85%'
Traceback (most recent call last):
  File "<string>", line 1, in <module>
ValueError: could not convert string to float: ''
Traceback (most recent call last):
  File "<string>", line 1, in <module>
ValueError: could not convert string to float: '+0.68%'
Traceback (most recent call last):
  File "<string>", line 1, in <module>
ValueError: could not convert string to float: ''
Traceback (most recent call last):
  File "<string>", line 1, in <module>
ValueError: could not convert string to float: '+7.65%'
Traceback (most recent call last):
  File "<string>", line 1, in <module>
ValueError: could not convert string to float: ''
Traceback (most recent call last):
  File "<string>", line 1, in <module>
ValueError: could not convert string to float: '+1.41%'
Traceback (most recent call last):
  File "<string>", line 1, in <module>
ValueError: could not convert string to float: ''
Traceback (most recent call last):
  File "<string>", line 1, in <module>
ValueError: could not convert string to float: '+9.92%'
Traceback (most recent call last):
  File "<string>", line 1, in <module>
ValueError: could not convert string to float: ''
Traceback (most recent call last):
  File "<string>", line 1, in <module>
ValueError: could not convert string to float: '-1.39%'
Traceback (most recent call last):
  File "<string>", line 1, in <module>
ValueError: could not convert string to float: ''
Traceback (most recent call last):
  File "<string>", line 1, in <module>
ValueError: could not convert string to float: '+21.56%'
Traceback (most recent call last):
  File "<string>", line 1, in <module>
ValueError: could not convert string to float: ''
Traceback (most recent call last):
  File "<string>", line 1, in <module>
ValueError: could not convert string to float: '-0.36%'
Traceback (most recent call last):
  File "<string>", line 1, in <module>
ValueError: could not convert string to float: ''
Traceback (most recent call last):
  File "<string>", line 1, in <module>
ValueError: could not convert string to float: '+24.31%'
Traceback (most recent call last):
  File "<string>", line 1, in <module>
ValueError: could not convert string to float: ''
Traceback (most recent call last):
  File "<string>", line 1, in <module>
ValueError: could not convert string to float: '+29.52%'
Traceback (most recent call last):
  File "<string>", line 1, in <module>
ValueError: could not convert string to float: ''
Traceback (most recent call last):
  File "<string>", line 1, in <module>
ValueError: could not convert string to float: '+8.14%'
Traceback (most recent call last):
  File "<string>", line 1, in <module>
ValueError: could not convert string to float: ''
Traceback (most recent call last):
  File "<string>", line 1, in <module>
ValueError: could not convert string to float: '+93.77%'
Traceback (most recent call last):
  File "<string>", line 1, in <module>
ValueError: could not convert string to float: ''
Traceback (most recent call last):
  File "<string>", line 1, in <module>
ValueError: could not convert string to float: '+0.00%'
Traceback (most recent call last):
  File "<string>", line 1, in <module>
ValueError: could not convert string to float: ''
