==========================================================================================
亏损交易深度分析（MAE/MFE + 退出效率）
策略: shadow_yang_v2.py | K线: 1000 | 股票: 8 只
==========================================================================================
策略类: ShadowYangStrategy

正在连接行情服务器...

==========================================================================================
回测结果摘要
==========================================================================================
  600206 (震荡上行): 收益=   0.00% 胜率= 0.0% 交易=  0 盈亏比= 0.00
  002407 (大波动): 收益= 121.32% 胜率=50.0% 交易= 12 盈亏比= 5.18
  002156 (趋势): 收益=  40.06% 胜率=53.3% 交易= 15 盈亏比= 1.93
  600539 (大牛股): 收益=   7.96% 胜率=50.0% 交易=  8 盈亏比= 1.62
  000001 (银行阴跌): 收益=  -1.04% 胜率=16.7% 交易=  6 盈亏比= 0.89
  600519 (白酒慢牛): 收益=   0.00% 胜率= 0.0% 交易=  0 盈亏比= 0.00
  300750 (新能源): 收益=  14.53% 胜率=43.8% 交易= 16 盈亏比= 1.50
  002475 (消费电子): 收益=  72.93% 胜率=45.5% 交易= 11 盈亏比= 3.51

共分析 68 笔交易

==========================================================================================
整体交易概览
==========================================================================================
  总交易: 68 | 盈利 31 | 亏损 37 | 胜率 45.6%
  均盈 13.39% | 均亏 -4.01%
  总盈利 415.05% | 总亏损 148.34% | 盈亏比 2.80
  均MAE 5.47% | 均MFE 14.40%
  均持仓 9.8 天

==========================================================================================
亏损类型构成（共 37 笔亏损）
==========================================================================================

类型                           笔数       占比      均亏%    均MFE%    均MAE%       总亏损% 优化方向            
----------------------------------------------------------------------------------------------------
到手即亏（从未盈利）                    1     2.7%    -8.56     0.00     8.92      8.56%      5.8%  优化入场过滤
盈转亏（曾盈利后反转）                  17    45.9%    -3.03     7.11     5.64     51.57%     34.8%  优化退出/追踪
边际亏损（小幅噪声）                   19    51.4%    -4.64     1.67     5.59     88.20%     59.5%  提高信号质量

--- 盈转亏明细（曾盈利 3.0%+ 后亏损，退出过晚）---
股票              买入日 信号             退出原因                买入价      卖出价     盈亏%    MFE%    MAE%    持仓
----------------------------------------------------------------------------------------------------
002156     20260624 影线后收阳          止损清仓              74.64    67.37   -9.88    6.35   10.77     6
600539     20250506 影线后收阳          止损清仓              11.99    11.46   -4.57    8.01    4.67    12
002156     20241226 影线后收阳          止损清仓              30.77    29.42   -4.54    3.57    5.69     3
002156     20240308 影线后收阳          止损清仓              25.93    24.87   -4.24    5.90    9.02     9
002475     20220811 影线后收阳          止损清仓              37.23    35.72   -4.21    4.81    7.90     9
600539     20241203 影线后收阳          震荡市时间止损            7.67     7.36   -4.20    5.48   10.30    12
002407     20230213 影线后收阳          止损清仓              25.40    24.63   -3.19    3.98    3.82     4
600539     20220628 影线后收阳          止损清仓               6.40     6.21   -3.12    3.12    3.75     6
300750     20220713 影线后收阳          震荡市时间止损          278.91   270.91   -3.02    4.87    7.42     4
002156     20250122 影线后收阳          止损清仓              28.74    28.30   -1.69   12.63    3.34    22
300750     20240318 影线后收阳          止损清仓             172.19   169.62   -1.65    6.16    3.76    17
600539     20221207 影线后收阳          止损清仓               6.96     6.86   -1.59    6.47    2.01     3
002407     20260515 影线后收阳          止损清仓              36.27    35.79   -1.48   21.01    3.72     8
002475     20230629 影线后收阳          震荡市时间止损           31.61    31.27   -1.23    9.21    6.96    19
300750     20251105 影线后收阳          止损清仓             381.74   378.04   -1.13    8.54    4.37     9
002156     20260422 影线后收阳          止损清仓              48.81    48.34   -1.12    4.69    4.67     2
000001     20240516 影线后收阳          止损清仓               9.25     9.20   -0.70    6.16    3.68    10

--- 到手即亏交易明细（MFE<=0%，从未盈利，入场质量问题）---
股票              买入日 信号             退出原因                买入价      卖出价     盈亏%    MFE%    MAE%    持仓
----------------------------------------------------------------------------------------------------
002156     20230303 影线后收阳          止损清仓              24.00    21.98   -8.56    0.00    8.92     2

==========================================================================================
退出原因分析（盈亏分组）
==========================================================================================

退出原因                 亏损笔数      均亏%       总亏% |      盈利笔数      均盈%       总盈%
------------------------------------------------------------------------------------------
止损清仓                   32    -4.14   -132.56 |         6     3.95     23.67
止盈清仓                    0     0.00      0.00 |        21    18.44    387.23
震荡市时间止损                 5    -3.16    -15.78 |         4     1.04      4.15

==========================================================================================
盈利交易退出效率（MFE 捕获率，共 31 笔）
==========================================================================================

  均退出效率: 36.7%
  中位退出效率: 32.8%
  均MFE: 26.65% | 均实际收益: 13.39%
  遗留利润（MFE - 实际）均值: 13.26%

  低效率赢家（捕获<40%）: 18 笔，均MFE 14.87% vs 均收益 3.17%
  高效率赢家（捕获>=40%）: 13 笔，均MFE 42.96% vs 均收益 27.53%

--- 低效率赢家明细（MFE 远高于实际收益，退出过早）---
股票              买入日 信号             退出原因               实际%    MFE%     捕获%    持仓
------------------------------------------------------------------------------------------
300750     20241111 影线后收阳          止盈清仓              0.14    8.16     1.7     8
002475     20260427 影线后收阳          止盈清仓              0.44   13.66     3.2    13
300750     20230728 影线后收阳          止盈清仓              0.43   10.07     4.3    12
600539     20250725 多头排列形成         止盈清仓              1.51   23.54     6.4     9
600539     20220927 影线后收阳          止损清仓              0.53    7.61     7.0     2
002407     20260624 影线后收阳          止盈清仓              2.32   29.94     7.8     9
600539     20220726 影线后收阳          止损清仓              0.46    2.64    17.4     3
002407     20250710 影线后收阳          止盈清仓              1.84    8.94    20.6    17
002407     20260211 影线后收阳          震荡市时间止损           0.54    2.60    20.7     3
002407     20241025 影线后收阳          止盈清仓              4.96   20.78    23.9    15
002156     20220718 影线后收阳          止损清仓              2.85   11.65    24.4     3
002156     20260511 影线后收阳          止盈清仓              7.78   28.36    27.4    14
002156     20251027 多头排列形成         震荡市时间止损           1.52    5.47    27.9     3
300750     20260410 影线后收阳          止损清仓              4.22   14.60    28.9    21
300750     20250905 影线后收阳          止盈清仓             10.16   31.20    32.6    21
002156     20230201 影线后收阳          止盈清仓              6.86   20.93    32.8    12
002475     20240926 影线后收阳          止盈清仓              9.48   24.76    38.3     4
002475     20250811 影线后收阳          震荡市时间止损           1.08    2.76    39.3     3

==========================================================================================
MAE 分布分析（亏损交易，共 37 笔，寻找最优止损位）
==========================================================================================

MAE区间%             笔数       占比      均亏%    均MFE% 类型分布                          
--------------------------------------------------------------------------------
[0, 3)            3     8.1%    -2.02     2.84 marginal:2 / profit_to_loss:1 
[3, 5)           15    40.5%    -2.49     5.68 profit_to_loss:9 / marginal:6 
[5, 8)           13    35.1%    -4.71     2.76 marginal:9 / profit_to_loss:4 
[8, 10)            3     8.1%    -7.05     2.96 marginal:1 / dead_on_arrival:1 / profit_to_loss:1
[10, 15)            3     8.1%    -7.47     4.71 profit_to_loss:2 / marginal:1 

--- 止损位累计分布（MAE <= X% 的亏损交易占比）---
  MAE <=  3%: 3 笔 (8%)，实际总亏 6.1%，若止损于3%仅亏 9.0%，可省 -2.9%
  MAE <=  5%: 18 笔 (49%)，实际总亏 43.5%，若止损于5%仅亏 90.0%，可省 -46.5%
  MAE <=  6%: 22 笔 (59%)，实际总亏 59.9%，若止损于6%仅亏 132.0%，可省 -72.1%
  MAE <=  8%: 31 笔 (84%)，实际总亏 104.8%，若止损于8%仅亏 248.0%，可省 -143.2%
  MAE <= 10%: 34 笔 (92%)，实际总亏 125.9%，若止损于10%仅亏 340.0%，可省 -214.1%
  MAE <= 12%: 37 笔 (100%)，实际总亏 148.3%，若止损于12%仅亏 444.0%，可省 -295.7%
  MAE <= 15%: 37 笔 (100%)，实际总亏 148.3%，若止损于15%仅亏 555.0%，可省 -406.7%

==========================================================================================
MFE 分布分析（亏损交易，识别盈转亏幅度）
==========================================================================================

MFE区间%             笔数       占比      均亏%    均MAE% 类型分布                          
--------------------------------------------------------------------------------
[0, 0.01)            1     2.7%    -8.56     8.92 dead_on_arrival:1             
[0.01, 2)           13    35.1%    -4.05     4.91 marginal:13                   
[2, 3)            6    16.2%    -5.92     7.08 marginal:6                    
[3, 5)            6    16.2%    -3.20     5.54 profit_to_loss:6              
[5, 8)            6    16.2%    -3.71     6.59 profit_to_loss:6              
[8, 12)            3     8.1%    -2.31     5.34 profit_to_loss:3              
[12, 100)            2     5.4%    -1.58     3.53 profit_to_loss:2              

==========================================================================================
持仓天数与盈亏关系
==========================================================================================

持仓天数               笔数       胜率      均盈亏%    均MFE%    均MAE%
------------------------------------------------------------
0-3                10   10.0%     -3.40     2.20     5.42
3-5                20   45.0%     +0.20     7.02     4.65
5-10               14   21.4%     -3.65     8.73     7.04
10-20              15   66.7%     +5.07    17.00     5.46
20-40               8   87.5%    +30.03    49.47     5.01
40+                 1  100.0%    +31.49    43.72     4.30

==========================================================================================
优化建议（基于 MAE/MFE 数据驱动分析）
==========================================================================================

当前: 胜率 45.6% | 盈亏比 2.80 | 总盈 415.0% | 总亏 148.3%

  [退出优化] 盈转亏交易 17 笔（占亏损 46%），总亏 51.6%。这些交易曾盈利 7.1%+ 但最终亏损，说明追踪止盈过松/退出过晚。若在 MFE 的一半处止盈，可挽回约 86.3% 利润。

  [入场优化] 到手即亏交易 1 笔（占亏损 3%），总亏 8.6%。这些交易买入后从未盈利（MFE<=0），纯入场质量问题，需加强买入过滤。

  [止盈优化] 15 笔赢家退出效率 < 40%（MFE 均值 17.3% vs 实际 3.7%），遗留利润约 204.6%。放宽追踪止盈可增加盈亏比。

  [退出机制] '止损清仓' 是最大亏损来源（32 笔亏损 132.6%），建议审查该退出路径的触发条件。

==========================================================================================
分析完成
==========================================================================================
