
==========================================================================================
交易 #1震荡时间止损: 买@3.84 @ 2024-08-06 -> 卖@3.75 @ 2024-08-12
  入场 ATR=0.13, 硬止损=3.55
  卖出后40日内最高价: 5.16 (+37.6% vs卖出价)
==========================================================================================
日期                 收       开     MA5    MA10    MA20    MA60   ATR   ADX   +DI   -DI    浮盈%      最高   多头 卖因                  
2024-08-06      3.84    3.73    3.81    3.70    3.63    3.96  0.13  17.6  27.3  20.2   -0.0    3.85    N                     
2024-08-07      3.80    3.84    3.81    3.74    3.64    3.94  0.13  20.4  29.5  14.2   -1.0    3.89    N                     
2024-08-08      3.85    3.80    3.80    3.76    3.65    3.93  0.13  20.6  24.9  16.9    0.3    3.89    N                     
2024-08-09      3.81    3.88    3.80    3.79    3.66    3.91  0.13  22.5  27.3  17.0   -0.8    3.90    N                     
2024-08-12      3.75    3.85    3.81    3.80    3.67    3.89  0.13  18.7  23.2  20.9   -2.3    3.90    N 震荡市时间止损             

==========================================================================================
交易 #2震荡时间止损: 买@7.67 @ 2024-12-03 -> 卖@7.55 @ 2024-12-06
  入场 ATR=0.43, 硬止损=6.72
  卖出后40日内最高价: 10.38 (+37.5% vs卖出价)
==========================================================================================
日期                 收       开     MA5    MA10    MA20    MA60   ATR   ADX   +DI   -DI    浮盈%      最高   多头 卖因                  
2024-12-03      7.67    7.50    7.41    7.30    7.22    5.46  0.43  17.0  27.7  20.2    0.0    7.74    Y                     
2024-12-04      7.39    7.67    7.45    7.34    7.26    5.52  0.41  12.1  20.2  24.0   -3.7    7.74    Y                     
2024-12-05      7.66    7.39    7.54    7.41    7.31    5.58  0.38   9.4  21.9  21.0   -0.1    7.74    Y                     
2024-12-06      7.55    7.78    7.56    7.44    7.33    5.65  0.37  12.8  24.2  14.2   -1.6    7.78    Y 震荡市时间止损             

==========================================================================================
交易 #3震荡时间止损: 买@7.76 @ 2024-12-16 -> 卖@7.36 @ 2024-12-19
  入场 ATR=0.37, 硬止损=6.96
  卖出后40日内最高价: 10.86 (+47.6% vs卖出价)
==========================================================================================
日期                 收       开     MA5    MA10    MA20    MA60   ATR   ADX   +DI   -DI    浮盈%      最高   多头 卖因                  
2024-12-16      7.76    7.73    7.69    7.61    7.42    6.03  0.37  27.7  21.1  11.9    0.0    7.97    Y                     
2024-12-17      7.25    7.81    7.65    7.57    7.44    6.08  0.39  24.3  19.7  16.1   -6.6    7.97    Y                     
2024-12-18      7.27    7.25    7.57    7.56    7.45    6.14  0.41  19.3  18.0  18.4   -6.3    7.97    Y 多头角度低收敛             
2024-12-19      7.36    7.27    7.44    7.53    7.47    6.20  0.38  19.4  13.6  19.6   -5.2    7.97    N 震荡市时间止损             

==========================================================================================
交易 #4止损清仓: 买@11.99 @ 2025-05-06 -> 卖@11.80 @ 2025-05-21
  入场 ATR=0.58, 硬止损=10.70
  卖出后40日内最高价: 12.12 (+2.7% vs卖出价)
==========================================================================================
日期                 收       开     MA5    MA10    MA20    MA60   ATR   ADX   +DI   -DI    浮盈%      最高   多头 卖因                  
2025-05-06     11.99   11.60   11.48   10.84   10.30   10.22  0.58  46.0  38.3   6.1   -0.0   12.22    Y                     
2025-05-07     11.98   12.14   11.78   11.07   10.36   10.29  0.59  55.6  37.3   6.0   -0.1   12.47    Y                     
2025-05-08     11.94   11.72   11.86   11.26   10.48   10.34  0.58  66.5  36.7   7.1   -0.4   12.47    Y                     
2025-05-09     12.06   11.96   11.91   11.46   10.64   10.38  0.57  75.7  39.8   1.0    0.6   12.47    Y                     
2025-05-12     12.05   12.18   12.00   11.61   10.78   10.43  0.56  79.0  41.9   1.0    0.5   12.47    Y                     
2025-05-13     11.88   12.18   11.98   11.73   10.90   10.50  0.58  81.5  40.4   3.0   -0.9   12.47    Y                     
2025-05-14     11.83   11.79   11.95   11.87   10.99   10.58  0.56  83.4  40.3   3.6   -1.3   12.47    Y 多头角度低收敛             
2025-05-15     12.03   11.87   11.97   11.92   11.08   10.67  0.56  85.3  40.3   3.6    0.3   12.47    Y                     
2025-05-16     12.33   11.95   12.02   11.97   11.20   10.75  0.55  87.8  38.1   3.7    2.8   12.55    Y                     
2025-05-19     12.31   12.65   12.08   12.04   11.33   10.83  0.55  85.9  40.3   3.6    2.7   12.95    Y                     
2025-05-20     11.94   12.21   12.09   12.03   11.44   10.90  0.57  79.3  39.0  11.0   -0.4   12.95    Y                     
2025-05-21     11.80   11.94   12.08   12.02   11.54   10.97  0.53  72.9  33.9  11.9   -1.6   12.95    Y 多头收敛阴线              

==========================================================================================
交易 #5大亏损止损: 买@13.73 @ 2025-07-31 -> 卖@11.48 @ 2025-08-08
  入场 ATR=0.62, 硬止损=12.37
  卖出后40日内最高价: 12.38 (+7.8% vs卖出价)
==========================================================================================
日期                 收       开     MA5    MA10    MA20    MA60   ATR   ADX   +DI   -DI    浮盈%      最高   多头 卖因                  
2025-07-31     13.73   13.10   13.38   12.41   11.81   11.28  0.62  62.0  50.9  14.9   -0.0   13.88    Y                     
2025-08-01     13.81   13.66   13.63   12.68   11.96   11.32  0.63  63.0  51.3  14.7    0.6   14.09    Y                     
2025-08-04     13.72   13.78   13.62   12.93   12.09   11.34  0.64  61.0  50.2  16.0   -0.1   14.09    Y                     
2025-08-05     13.73   13.94   13.61   13.15   12.22   11.37  0.66  58.2  50.7  15.7   -0.0   14.09    Y                     
2025-08-06     14.15   13.74   13.83   13.40   12.37   11.41  0.67  54.9  51.3  13.9    3.1   14.18    Y                     
2025-08-07     12.74   15.48   13.63   13.50   12.45   11.42  0.85  56.5  51.5  10.2   -7.2   15.48    Y                     
2025-08-08     11.48   11.98   13.16   13.40   12.44   11.42  0.92  54.2  46.5  19.3  -16.4   15.48    N 硬止损(2.2×ATR)        

==========================================================================================
交易 #6止损清仓: 买@10.69 @ 2025-10-10 -> 卖@10.61 @ 2025-10-13
  入场 ATR=0.28, 硬止损=10.07
  卖出后40日内最高价: 11.98 (+12.9% vs卖出价)
==========================================================================================
日期                 收       开     MA5    MA10    MA20    MA60   ATR   ADX   +DI   -DI    浮盈%      最高   多头 卖因                  
2025-10-10     10.69   10.47   10.56   10.51   10.68   11.44  0.28  35.8  14.8  32.4   -0.0   10.73    N                     
2025-10-13     10.61   10.30   10.59   10.51   10.68   11.43  0.31  40.4  13.4  33.9   -0.7   10.73    N 低开止损                

==========================================================================================
交易 #7止损清仓: 买@12.26 @ 2026-03-18 -> 卖@11.45 @ 2026-03-20
  入场 ATR=0.65, 硬止损=10.83
  卖出后40日内最高价: 21.40 (+86.9% vs卖出价)
==========================================================================================
日期                 收       开     MA5    MA10    MA20    MA60   ATR   ADX   +DI   -DI    浮盈%      最高   多头 卖因                  
2026-03-18     12.26   11.66   12.15   12.10   11.66   10.95  0.65  28.5  23.4  18.2    0.0   12.57    Y                     
2026-03-19     11.91   12.11   12.09   12.19   11.70   10.98  0.68  24.2  22.5  17.6   -2.9   12.57    Y 多头收敛阴线              
2026-03-20     11.45   11.89   11.96   12.15   11.73   11.00  0.69  22.6  22.0  12.6   -6.6   12.57    N                     

==========================================================================================
交易 #8止盈(唯一盈利): 买@15.08 @ 2026-04-09 -> 卖@18.25 @ 2026-05-13
  入场 ATR=1.10, 硬止损=12.67
  卖出后40日内最高价: 19.96 (+9.4% vs卖出价)
==========================================================================================
日期                 收       开     MA5    MA10    MA20    MA60   ATR   ADX   +DI   -DI    浮盈%      最高   多头 卖因                  
2026-04-09     15.08   14.40   14.32   14.40   13.17   11.80  1.10  35.5  36.0  14.5   -0.0   15.30    Y                     
2026-04-10     14.79   15.35   14.46   14.59   13.30   11.88  1.10  38.0  40.0  11.0   -1.9   15.95    Y                     
2026-04-13     14.50   14.51   14.56   14.62   13.42   11.95  1.09  42.2  40.3   9.9   -3.8   15.95    Y 多头收敛阴线              
2026-04-14     15.95   14.83   14.94   14.65   13.60   12.04  1.12  48.6  44.5   9.6    5.8   15.95    Y                     
2026-04-15     15.96   16.40   15.26   14.78   13.81   12.13  1.11  53.7  40.6   9.7    5.8   16.44    Y                     
2026-04-16     16.27   15.96   15.49   14.91   14.01   12.22  1.14  56.9  36.5  10.4    7.9   16.44    Y                     
2026-04-17     17.07   16.19   15.95   15.20   14.27   12.32  1.13  59.4  38.8  10.5   13.2   17.57    Y                     
2026-04-20     16.58   17.36   16.37   15.46   14.52   12.42  1.11  58.0  30.6  10.7    9.9   17.57    Y                     
2026-04-21     16.18   16.34   16.41   15.68   14.80   12.52  1.08  53.1  30.2  15.7    7.3   17.57    Y                     
2026-04-22     16.54   15.91   16.53   15.89   15.04   12.62  1.09  48.8  31.6  14.0    9.7   17.57    Y                     
2026-04-23     16.12   16.41   16.50   16.00   15.20   12.69  1.05  46.4  33.0  12.0    6.9   17.57    Y                     
2026-04-24     16.87   15.83   16.46   16.20   15.40   12.79  1.09  47.0  35.6   9.1   11.9   17.57    Y                     
2026-04-27     17.49   17.02   16.64   16.50   15.56   12.89  1.14  48.1  40.3   8.7   16.0   18.28    Y                     
2026-04-28     17.08   17.03   16.82   16.62   15.63   12.99  1.15  48.8  37.7  11.9   13.3   18.28    Y                     
2026-04-29     18.35   16.91   17.18   16.86   15.82   13.11  1.18  52.7  40.3  11.6   21.7   18.78    Y                     
2026-04-30     17.56   18.36   17.47   16.98   15.94   13.21  1.24  53.7  34.5  13.2   16.4   18.78    Y                     
2026-05-06     18.72   17.37   17.84   17.15   16.18   13.34  1.33  55.6  35.4   9.5   24.1   19.32    Y                     
2026-05-07     20.59   19.29   18.46   17.55   16.51   13.50  1.36  55.4  35.1   9.3   36.5   20.59    Y                     
2026-05-08     20.40   20.79   19.12   17.97   16.83   13.66  1.42  54.6  35.3   8.9   35.3   21.40    Y                     
2026-05-11     19.23   20.37   19.30   18.24   17.07   13.80  1.45  54.1  34.6  11.8   27.5   21.40    Y                     
2026-05-12     19.07   19.09   19.60   18.54   17.27   13.93  1.43  50.4  29.3  14.8   26.5   21.40    Y                     
2026-05-13     18.25   18.80   19.51   18.67   17.44   14.06  1.55  45.9  27.0  18.8   21.0   21.40    Y 趋势追踪触发              
