====================================================================================================
shadow_yang.py 原始策略 - 亏损单买入特征诊断
策略: shadow_yang.py | K线: 1000 | 股票: 10 只
====================================================================================================
策略类: ShadowYangStrategy

正在连接行情服务器...

====================================================================================================
回测结果摘要
====================================================================================================
  600326 (目标股): 收益=  74.29% 夏普= 0.55 胜率=45.1% 交易= 71 盈亏比= 1.50 回撤= 35.95%
  600206 (震荡上行): 收益=   0.00% 夏普= 0.00 胜率= 0.0% 交易=  0 盈亏比= 0.00 回撤=  0.00%
  002407 (大波动): 收益=  45.24% 夏普= 0.39 胜率=41.6% 交易= 89 盈亏比= 1.43 回撤= 33.94%
  002156 (趋势): 收益= -39.10% 夏普=-0.42 胜率=35.2% 交易= 88 盈亏比= 0.74 回撤= 43.97%
  600539 (大牛股): 收益=  70.69% 夏普= 0.55 胜率=50.6% 交易= 87 盈亏比= 1.61 回撤= 28.99%
  000001 (银行阴跌): 收益=  -8.56% 夏普=-0.56 胜率=40.9% 交易= 66 盈亏比= 0.79 回撤= 19.63%
  600519 (白酒慢牛): 收益=   0.00% 夏普= 0.00 胜率= 0.0% 交易=  0 盈亏比= 0.00 回撤=  0.00%
  000858 (白酒): 收益= -21.76% 夏普=-0.72 胜率=35.9% 交易= 92 盈亏比= 0.71 回撤= 34.30%
  600550 (波段): 收益= -42.67% 夏普=-0.55 胜率=40.0% 交易=115 盈亏比= 0.70 回撤= 50.31%
  600176 (多头): 收益=  78.60% 夏普= 0.64 胜率=41.1% 交易= 73 盈亏比= 1.86 回撤= 19.43%

共提取 681 笔买入交易特征

####################################################################################################
# 600326 专项分析
####################################################################################################

====================================================================================================
600326: 71 笔交易, 胜率 45.1%, 均盈亏 1.19%, 盈利均赚 5.71%, 亏损均亏 -2.52%
====================================================================================================

特征                     说明                           盈利均值       亏损均值         差异 方向          
----------------------------------------------------------------------------------------------------
body_pct               越高越好                         3.58       2.63      +0.95 盈利>亏损       
body_ratio             越高越好                         0.61       0.52      +0.09 盈利>亏损       
upper_shadow_ratio     越低越好                         0.68       1.55      -0.87 亏损>盈利       
lower_shadow_ratio     越高越好                         0.49       0.79      -0.30 亏损>盈利       
reversal_ratio         越高越好                         2.63       2.29      +0.34 盈利>亏损       
prev_body_pct          适中最好                         2.38       1.97      +0.41 盈利>亏损       
vol_ratio              越高越好                         1.27       1.27      -0.00 无明显差异       
vol_change_pct         越高越好                        42.07      48.81      -6.74 亏损>盈利       
vs_ma5                                              1.84       1.59      +0.25 盈利>亏损       
vs_ma10                                             2.13       2.62      -0.49 亏损>盈利       
vs_ma20                过高=追高                        2.21       3.02      -0.81 亏损>盈利       
vs_ma60                                             2.65       2.32      +0.32 盈利>亏损       
ma5_slope              越高越好                         0.67       0.68      -0.01 亏损>盈利       
adx                    越高越好                        37.93      36.52      +1.42 盈利>亏损       
pdi_mdi_ratio          越高越好                         1.99       1.86      +0.13 盈利>亏损       
recent_gain3           越低越好(未追高)                    2.39       1.86      +0.52 盈利>亏损       
recent_gain5           越低越好(未追高)                    3.62       3.79      -0.17 亏损>盈利       
prev5_drop             下跌中继风险                      -0.43       1.40      -1.83 亏损>盈利       
prev3_yin_count                                     1.72       1.77      -0.05 亏损>盈利       
holding_bars                                        4.31       2.44      +1.88 盈利>亏损       
profit_pct                                          5.71      -2.52      +8.23 盈利>亏损       

====================================================================================================
布尔特征胜率分析
====================================================================================================

特征                     说明                    =True胜率     =False胜率         差异 建议          
------------------------------------------------------------------------------------------
is_bullish_align       多头排列                   44.4%        45.3%      -0.8% 无明显影响       
ma5_above_ma10         MA5>MA10               48.7%        40.6%      +8.1% 倾向保留        
is_ma5_up              MA5上行                  47.3%        37.5%      +9.8% 倾向保留        
is_strong_trend        强趋势(ADX>=30)           56.0%        39.1%     +16.9% 倾向保留        
is_piercing            刺穿形态                   66.7%        44.1%     +22.5% 倾向保留        
is_engulfing           看涨吞没                   43.8%        46.2%      -2.4% 无明显影响       
is_morning_star        晨星形态                    0.0%        45.7%     -45.7% 倾向过滤        
is_strong_reversal     强反转阳线                  52.0%        41.3%     +10.7% 倾向保留        
has_lower_shadow       有下影线                   36.4%        52.6%     -16.3% 倾向过滤        

====================================================================================================
关键特征区间胜率分析
====================================================================================================

--- 阳线实体涨幅% (body_pct) ---
区间                       笔数       胜率       均盈亏%        盈亏比
------------------------------------------------------------
[-100.0, 1.0)            16   43.8%      -0.16       0.85
[1.0, 2.0)               16   25.0%      -1.36       0.18
[2.0, 3.0)               13   53.8%       0.57       1.34
[3.0, 5.0)               15   46.7%      -0.10       0.94
[5.0, 8.0)                5   60.0%      15.45      18.65
[8.0, 100.0)              6   66.7%       4.29       8.60

--- 反转力度 (reversal_ratio) ---
区间                       笔数       胜率       均盈亏%        盈亏比
------------------------------------------------------------
[-100.0, 0.5)            18   33.3%       0.00       1.00
[0.5, 1.0)                9   55.6%       1.34       1.72
[1.0, 1.5)               12   41.7%       0.83       1.76
[1.5, 2.0)                7   42.9%      10.61       9.23
[2.0, 3.0)                9   66.7%       1.09       5.69
[3.0, 100.0)             16   43.8%      -1.36       0.18

--- 量比 (vol_ratio) ---
区间                       笔数       胜率       均盈亏%        盈亏比
------------------------------------------------------------
[0.0, 0.8)               12   66.7%       0.54       1.64
[0.8, 1.0)               21   38.1%       1.02       1.60
[1.0, 1.2)               10   50.0%       0.31       1.43
[1.2, 1.5)                9   22.2%       0.50       1.63
[1.5, 2.0)               10   40.0%       6.82       5.17
[2.0, 100.0)              9   55.6%      -2.15       0.10

--- ADX (adx) ---
区间                       笔数       胜率       均盈亏%        盈亏比
------------------------------------------------------------
[0.0, 15.0)              11   36.4%       6.67       7.56
[15.0, 20.0)              9   44.4%      -0.13       0.93
[20.0, 25.0)              3    0.0%      -2.19       0.00
[25.0, 30.0)              4   50.0%       3.94       2.55
[30.0, 40.0)             11   54.5%       0.19       1.23
[40.0, 100.0)            31   48.4%       0.04       1.03

--- 近3日涨幅% (recent_gain3) ---
区间                       笔数       胜率       均盈亏%        盈亏比
------------------------------------------------------------
[-100.0, 0.0)            21   42.9%       0.41       1.29
[0.0, 3.0)               29   41.4%      -0.45       0.57
[3.0, 6.0)                8   50.0%       9.25       5.12
[6.0, 9.0)                8   50.0%       3.28       4.21
[9.0, 12.0)               3   66.7%      -0.29       0.53
[12.0, 100.0)             2   50.0%      -5.12       0.01

--- 近5日涨幅% (recent_gain5) ---
区间                       笔数       胜率       均盈亏%        盈亏比
------------------------------------------------------------
[-100.0, 0.0)            16   37.5%      -0.41       0.58
[0.0, 5.0)               37   48.6%      -0.09       0.93
[5.0, 10.0)               8   50.0%      11.57      12.06
[10.0, 15.0)              5   40.0%      -1.89       0.10
[15.0, 20.0)              2   50.0%      -1.33       0.02
[20.0, 100.0)             3   33.3%       4.65       2.33

--- 偏离MA20% (vs_ma20) ---
区间                       笔数       胜率       均盈亏%        盈亏比
------------------------------------------------------------
[-100.0, 0.0)            24   37.5%      -0.22       0.83
[0.0, 3.0)               18   44.4%      -0.21       0.78
[3.0, 5.0)                8   25.0%      -0.74       0.67
[5.0, 10.0)              10   60.0%      -0.17       0.80
[10.0, 15.0)              6  100.0%      19.44        inf
[15.0, 100.0)             5   20.0%      -3.10       0.34

--- 偏离MA60% (vs_ma60) ---
区间                       笔数       胜率       均盈亏%        盈亏比
------------------------------------------------------------
[-100.0, -5.0)           23   30.4%      -0.44       0.67
[-5.0, 0.0)              10   60.0%       1.11       3.18
[0.0, 5.0)               14   50.0%      -0.65       0.46
[5.0, 10.0)               7   57.1%       0.11       1.08
[10.0, 15.0)              5   60.0%       4.34       7.87
[15.0, 100.0)            12   41.7%       5.84       3.14

--- 前5日跌幅% (prev5_drop) ---
区间                       笔数       胜率       均盈亏%        盈亏比
------------------------------------------------------------
[-100.0, -5.0)           13   46.2%       0.06       1.06
[-5.0, 0.0)              24   33.3%      -0.75       0.48
[0.0, 3.0)               15   53.3%       0.54       1.50
[3.0, 5.0)                5   80.0%       0.73    4285.06
[5.0, 10.0)               9   55.6%       9.88       8.21
[10.0, 100.0)             5   20.0%       0.21       1.05

--- +DI/-DI比 (pdi_mdi_ratio) ---
区间                       笔数       胜率       均盈亏%        盈亏比
------------------------------------------------------------
[0.0, 0.5)               15   46.7%       0.92       2.65
[0.5, 0.8)               10   20.0%      -2.53       0.07
[0.8, 1.0)                7   42.9%      10.84       9.98
[1.0, 1.5)                7   42.9%       0.79       1.88
[1.5, 2.0)               10   50.0%      -0.13       0.86
[2.0, 100.0)             22   54.5%       0.72       1.40

====================================================================================================
600326 亏损单明细（按盈亏排序）
====================================================================================================
         买入日          卖出日      买价      卖价     盈亏%    实体%    反转力    量比   ADX  vsMA20    近3日%    前5日跌   多头    强趋势
--------------------------------------------------------------------------------------------------------------
2023-04-17 00:00:00 2023-04-18 00:00:00    5.52    4.96  -10.29   1.85   0.77  2.13  56.0   32.84   18.97   36.66    是      是
2025-08-05 00:00:00 2025-08-06 00:00:00   17.58   15.82  -10.16   2.87   0.43  0.93  81.9   34.95   -8.20   11.56    是      是
2025-04-03 00:00:00 2025-04-07 00:00:00    6.64    6.15   -7.53   4.57   5.80  2.15  30.0   -2.07    3.91   -2.59    否      否
2026-07-23 00:00:00 2026-07-24 00:00:00    6.43    6.10   -5.28   3.38   7.00  0.90  14.3    0.43    3.54   -1.74    否      否
2024-04-03 00:00:00 2024-04-09 00:00:00    4.14    3.94   -4.98   2.73   1.57  1.84  17.1    3.98    7.53    1.52    是      否
2026-07-10 00:00:00 2026-07-13 00:00:00    6.43    6.12   -4.97   2.88   9.00  1.56  47.3   -4.72    0.00   -5.71    否      否
2024-12-11 00:00:00 2024-12-16 00:00:00    8.35    7.96   -4.82   3.99   1.07  0.92  32.2    9.76    5.03    6.31    是      是
2025-11-11 00:00:00 2025-11-12 00:00:00   12.65   12.14   -4.19   1.44   0.90  0.86  20.4    2.83    1.85    0.56    否      否
2023-11-17 00:00:00 2023-11-23 00:00:00    5.86    5.64   -3.91   0.34   0.18  0.52  16.3    4.24   -3.46    9.53    是      否
2023-08-03 00:00:00 2023-08-09 00:00:00    4.96    4.80   -3.38   0.40   0.33  0.92  16.8    0.73   -0.80    2.27    否      否
2025-05-12 00:00:00 2025-05-14 00:00:00    7.21    7.02   -2.79   0.98   0.33  1.07  52.3    3.97    0.14   -2.22    是      是
2023-04-19 00:00:00 2023-04-26 00:00:00    5.46    5.32   -2.72  10.08   1.28  0.87  67.6   27.56   -0.36   17.54    是      是
2026-03-13 00:00:00 2026-03-16 00:00:00   10.82   10.55   -2.65   1.88   1.00  1.93  28.2   -1.36    0.00   -0.56    否      否
2025-10-31 00:00:00 2025-11-03 00:00:00   12.76   12.46   -2.51   6.87   4.10  4.01  15.8    3.89    7.32   -4.29    否      否
2023-09-06 00:00:00 2023-09-07 00:00:00    4.24    4.15   -2.28   0.95   0.33  0.51  59.4   -3.64   -0.47   -2.08    否      否
2025-12-10 00:00:00 2025-12-11 00:00:00   11.06   10.83   -2.24   1.56   1.55  1.04  60.8   -2.19    0.27   -2.15    否      否
2025-01-22 00:00:00 2025-01-23 00:00:00    6.06    5.94   -2.14   0.17   0.08  0.75  38.9   -4.51    0.33   -0.33    否      否
2024-09-06 00:00:00 2024-09-09 00:00:00    5.31    5.21   -2.04   4.32   4.40  1.44  17.4   -5.58    2.12   -6.90    否      否
2023-06-21 00:00:00 2023-06-26 00:00:00    5.02    4.93   -1.95   4.37   0.81  0.98  47.2    7.28    0.40    5.04    否      是
2024-01-11 00:00:00 2024-01-12 00:00:00    4.49    4.41   -1.94   1.35   1.20  0.99  44.4   -5.59   -0.88   -7.69    否      否
2024-04-01 00:00:00 2024-04-02 00:00:00    4.09    4.02   -1.87   5.68   7.33  1.67  14.5    3.20    9.36   -6.33    否      否
2023-07-19 00:00:00 2023-07-20 00:00:00    4.88    4.80   -1.80   1.24   0.46  0.50  20.7   -3.95   -2.40   -3.39    否      否
2025-09-17 00:00:00 2025-09-18 00:00:00   13.65   13.44   -1.70   0.37   0.50  1.26  50.3   -3.69   -0.94    2.90    否      否
2025-11-07 00:00:00 2025-11-10 00:00:00   12.72   12.53   -1.65   3.33   5.86  1.11  12.3    3.16    1.35    7.07    否      否
2026-04-16 00:00:00 2026-04-17 00:00:00    9.39    9.29   -1.22   2.74   1.79  1.60  14.3    0.72    0.97   -3.97    否      否
2022-11-29 00:00:00 2022-11-30 00:00:00    3.76    3.72   -1.22   1.08   2.00  1.44  35.8    2.48    1.90    0.55    否      是
2023-10-11 00:00:00 2023-10-19 00:00:00    5.20    5.15   -1.12   1.76   0.39  2.01  63.7    9.53    0.97   -0.21    是      是
2026-04-10 00:00:00 2026-04-13 00:00:00    9.38    9.30   -1.01   0.11   0.08  1.30  50.3   -1.87    1.52   -1.79    否      否
2023-11-13 00:00:00 2023-11-16 00:00:00    5.89    5.86   -0.67  10.30  13.75  1.96  12.0    7.23    8.67    1.13    是      否
2022-06-28 00:00:00 2022-06-29 00:00:00    4.44    4.42   -0.61   1.14   2.50  1.05   nan    0.00    1.14   -1.12    否      否
2023-06-14 00:00:00 2023-06-15 00:00:00    4.70    4.68   -0.58   3.30   1.36  1.28  30.9    1.69   -1.05   -0.65    是      是
2023-08-14 00:00:00 2023-08-15 00:00:00    4.73    4.71   -0.58   3.73   1.55  1.37  20.1   -2.61   -1.46   -7.63    否      否
2026-04-20 00:00:00 2026-04-21 00:00:00    9.34    9.31   -0.48   0.65   0.86  0.81   7.2    0.55    1.63   -0.96    否      否
2025-01-16 00:00:00 2025-01-17 00:00:00    6.05    6.04   -0.32   1.68   1.00  0.93  55.8  -11.24    3.07   -6.59    否      否
2025-11-28 00:00:00 2025-12-01 00:00:00   11.21   11.20   -0.25   2.09   2.56  0.83  56.1   -5.79   -0.09   -2.57    否      否
2024-05-09 00:00:00 2024-05-10 00:00:00    4.40    4.40   -0.16   1.15   0.29  0.83  40.4   18.33    1.62   26.30    否      是
2022-10-12 00:00:00 2022-10-13 00:00:00    3.52    3.52   -0.16   2.92   1.25  0.99  91.0   -7.32   -0.85   -6.56    否      否
2026-01-08 00:00:00 2026-01-09 00:00:00   11.28   11.29   -0.07   1.44   3.20  1.26  35.2    2.50    1.81    0.36    否      是
2025-11-04 00:00:00 2025-11-05 00:00:00   12.55   12.57   -0.00   0.72   0.31  1.06  12.8    1.92    8.19    3.32    否      否

600326 盈利单明细（按盈亏排序）
====================================================================================================
         买入日          卖出日      买价      卖价     盈亏%    实体%    反转力    量比   ADX  vsMA20    近3日%    前5日跌   多头    强趋势
--------------------------------------------------------------------------------------------------------------
2025-07-17 00:00:00 2025-08-04 00:00:00    9.65   17.47   80.75   6.04   1.72  1.64   8.6   10.63    4.89    5.90    是      否
2024-08-13 00:00:00 2024-08-26 00:00:00    4.96    6.18   24.40   9.73   0.72  0.98  28.7   12.31    7.36   10.27    是      否
2024-10-10 00:00:00 2024-10-18 00:00:00    6.04    6.66   10.09   2.37   0.33  1.25  51.9   10.37   -2.89    8.06    是      是
2024-02-29 00:00:00 2024-03-01 00:00:00    3.67    4.04    9.91   3.09   0.42  0.91  19.7    4.75    3.09    6.25    否      否
2024-06-18 00:00:00 2024-06-19 00:00:00    3.94    4.33    9.72   2.87   1.37  0.85  64.4   -7.71   -0.51   -0.78    否      否
2024-05-16 00:00:00 2024-05-24 00:00:00    4.50    4.86    7.83   4.17   2.25  0.93  61.3   16.13    7.66    0.46    是      是
2025-05-26 00:00:00 2025-06-19 00:00:00    7.27    7.73    6.16   2.68   1.12  0.66  38.3    2.00   -1.89    1.86    是      是
2024-02-08 00:00:00 2024-02-19 00:00:00    3.03    3.16    4.12  10.18   1.47  1.13  50.9  -19.82    0.00  -26.86    否      否
2024-04-23 00:00:00 2024-04-24 00:00:00    3.32    3.45    3.75   0.61   0.22  0.50  43.2  -11.02   -2.92   -6.55    否      否
2023-07-28 00:00:00 2023-07-31 00:00:00    4.83    5.00    3.35   0.84   0.67  1.01  17.0   -3.35   -2.23    0.00    否      否
2022-08-11 00:00:00 2022-08-12 00:00:00    4.16    4.27    2.48   0.97   1.33  1.10  44.7   -0.68    0.97    2.51    否      否
2023-02-24 00:00:00 2023-03-10 00:00:00    3.92    4.02    2.39   0.26   0.25  0.95  32.4    2.48    0.51    3.17    是      是
2025-08-13 00:00:00 2025-08-14 00:00:00   16.03   16.41    2.21   0.88   0.24  0.64  41.6    5.97   -2.08  -10.18    是      是
2023-09-25 00:00:00 2023-09-26 00:00:00    4.86    4.97    2.10   1.25   0.40  0.56  70.2    7.65   -2.61    1.90    否      是
2025-07-10 00:00:00 2025-07-16 00:00:00    8.80    8.98    1.88   4.02   1.89  1.56   9.7    4.00    0.92   -0.12    是      否
2025-04-22 00:00:00 2025-04-23 00:00:00    6.98    7.11    1.70   4.02   4.50  1.66  18.9    6.68    7.06    1.20    否      否
2022-07-12 00:00:00 2022-07-13 00:00:00    4.43    4.51    1.64   1.37   2.00  1.30   9.8    0.15    0.91   -2.24    否      否
2022-11-04 00:00:00 2022-11-07 00:00:00    3.56    3.62    1.52   2.30   4.00  1.00  27.0    0.72    1.42   -3.06    否      否
2024-06-12 00:00:00 2024-06-13 00:00:00    3.91    3.96    1.12   2.09   2.67  0.89  31.3  -11.18    3.99   -9.67    否      否
2026-01-16 00:00:00 2026-01-19 00:00:00   11.25   11.35    0.73   3.02   2.54  2.49  36.3    1.32    0.81   -3.19    否      是
2023-06-02 00:00:00 2023-06-05 00:00:00    4.52    4.56    0.72   1.57   1.40  0.60  17.4   -3.33    1.57   -6.29    否      否
2026-03-27 00:00:00 2026-03-30 00:00:00    9.29    9.37    0.70   3.80   1.62  0.57  60.8   -8.78    1.31   -7.62    否      否
2023-02-06 00:00:00 2023-02-07 00:00:00    3.80    3.83    0.63   0.80   0.50  0.65  50.6    6.12    1.60    4.42    否      是
2025-02-18 00:00:00 2025-02-19 00:00:00    6.77    6.82    0.58   9.90  20.33  3.96  46.2   10.43    9.19   -1.60    否      是
2023-09-19 00:00:00 2023-09-20 00:00:00    4.96    4.99    0.44   7.83  12.00  2.45  59.0   13.36    7.83    3.57    否      是
2023-06-27 00:00:00 2023-06-28 00:00:00    5.23    5.26    0.41   7.17   5.00  0.95  54.5   10.83    9.19    5.34    否      是
2025-02-12 00:00:00 2025-02-13 00:00:00    6.17    6.20    0.33   1.31   0.53  0.72  33.5    1.38   -0.80    2.69    否      是
2022-06-30 00:00:00 2022-07-01 00:00:00    4.44    4.46    0.29   0.45   0.67  1.02   nan    0.00    0.91    1.61    否      否
2026-04-29 00:00:00 2026-04-30 00:00:00    9.33    9.37    0.27   2.75   2.08  1.68  12.8    0.34    1.52   -2.69    否      否
2023-05-23 00:00:00 2023-05-24 00:00:00    4.70    4.72    0.26   2.62   2.40  2.39  56.6   -6.07   -1.67   -1.51    否      否
2026-01-22 00:00:00 2026-01-23 00:00:00   11.89   11.93    0.18   3.39   3.25  1.15  36.5    5.57    4.76    4.06    否      是
2024-06-21 00:00:00 2024-06-24 00:00:00    4.59    4.60    0.06  10.07   4.20  2.47  41.9    9.43   16.50    5.30    否      是

####################################################################################################
# 全部股票汇总分析
####################################################################################################

====================================================================================================
全部: 681 笔交易, 胜率 41.1%, 均盈亏 0.28%, 盈利均赚 3.82%, 亏损均亏 -2.19%
====================================================================================================

特征                     说明                           盈利均值       亏损均值         差异 方向          
----------------------------------------------------------------------------------------------------
body_pct               越高越好                         2.84       2.58      +0.26 盈利>亏损       
body_ratio             越高越好                         0.59       0.56      +0.03 盈利>亏损       
upper_shadow_ratio     越低越好                         1.06       1.08      -0.02 亏损>盈利       
lower_shadow_ratio     越高越好                         0.95       1.06      -0.11 亏损>盈利       
reversal_ratio         越高越好                         2.06       1.96      +0.09 盈利>亏损       
prev_body_pct          适中最好                         1.89       1.81      +0.09 盈利>亏损       
vol_ratio              越高越好                         1.23       1.17      +0.05 盈利>亏损       
vol_change_pct         越高越好                        35.85      32.28      +3.57 盈利>亏损       
vs_ma5                                              1.21       1.32      -0.11 亏损>盈利       
vs_ma10                                             1.17       2.28      -1.11 亏损>盈利       
vs_ma20                过高=追高                        0.82       2.54      -1.71 亏损>盈利       
vs_ma60                                             0.51       2.91      -2.40 亏损>盈利       
ma5_slope              越高越好                         0.33       0.58      -0.24 亏损>盈利       
adx                    越高越好                        34.91      34.45      +0.46 盈利>亏损       
pdi_mdi_ratio          越高越好                         1.51       2.39      -0.88 亏损>盈利       
recent_gain3           越低越好(未追高)                    1.13       1.45      -0.31 亏损>盈利       
recent_gain5           越低越好(未追高)                    1.84       3.09      -1.26 亏损>盈利       
prev5_drop             下跌中继风险                      -1.09       1.09      -2.18 亏损>盈利       
prev3_yin_count                                     1.86       1.82      +0.04 盈利>亏损       
holding_bars                                        4.03       2.38      +1.65 盈利>亏损       
profit_pct                                          3.82      -2.19      +6.01 盈利>亏损       

====================================================================================================
布尔特征胜率分析
====================================================================================================

特征                     说明                    =True胜率     =False胜率         差异 建议          
------------------------------------------------------------------------------------------
is_bullish_align       多头排列                   33.1%        43.1%     -10.0% 倾向过滤        
ma5_above_ma10         MA5>MA10               36.3%        47.6%     -11.3% 倾向过滤        
is_ma5_up              MA5上行                  40.6%        42.8%      -2.1% 无明显影响       
is_strong_trend        强趋势(ADX>=30)           36.6%        42.8%      -6.3% 倾向过滤        
is_piercing            刺穿形态                   52.5%        40.4%     +12.1% 倾向保留        
is_engulfing           看涨吞没                   40.5%        41.5%      -1.1% 无明显影响       
is_morning_star        晨星形态                   30.8%        41.3%     -10.5% 倾向过滤        
is_strong_reversal     强反转阳线                  41.9%        40.7%      +1.2% 无明显影响       
has_lower_shadow       有下影线                   40.0%        42.1%      -2.1% 无明显影响       

====================================================================================================
关键特征区间胜率分析
====================================================================================================

--- 阳线实体涨幅% (body_pct) ---
区间                       笔数       胜率       均盈亏%        盈亏比
------------------------------------------------------------
[-100.0, 1.0)           175   38.3%       0.16       1.17
[1.0, 2.0)              183   42.6%       0.27       1.27
[2.0, 3.0)              108   42.6%      -0.30       0.78
[3.0, 5.0)              121   34.7%      -0.74       0.62
[5.0, 8.0)               57   50.9%       2.49       2.60
[8.0, 100.0)             37   48.6%       2.63       2.45

--- 反转力度 (reversal_ratio) ---
区间                       笔数       胜率       均盈亏%        盈亏比
------------------------------------------------------------
[-100.0, 0.5)           114   34.2%       0.40       1.30
[0.5, 1.0)              120   39.2%       0.12       1.08
[1.0, 1.5)              143   46.9%       0.88       1.85
[1.5, 2.0)               72   41.7%       0.39       1.26
[2.0, 3.0)              108   43.5%      -0.30       0.76
[3.0, 100.0)            124   40.3%       0.10       1.08

--- 量比 (vol_ratio) ---
区间                       笔数       胜率       均盈亏%        盈亏比
------------------------------------------------------------
[0.0, 0.8)              171   38.0%      -0.38       0.67
[0.8, 1.0)              152   42.1%       0.24       1.18
[1.0, 1.2)              124   45.2%       0.58       1.46
[1.2, 1.5)               96   35.4%       0.14       1.09
[1.5, 2.0)               80   37.5%       0.52       1.44
[2.0, 100.0)             58   53.4%       1.66       2.30

--- ADX (adx) ---
区间                       笔数       胜率       均盈亏%        盈亏比
------------------------------------------------------------
[0.0, 15.0)             101   42.6%       0.67       1.59
[15.0, 20.0)             95   37.9%      -0.24       0.82
[20.0, 25.0)             64   42.2%       0.41       1.35
[25.0, 30.0)             56   37.5%       0.10       1.08
[30.0, 40.0)            120   36.7%       0.33       1.26
[40.0, 100.0)           230   44.3%       0.37       1.26

--- 近3日涨幅% (recent_gain3) ---
区间                       笔数       胜率       均盈亏%        盈亏比
------------------------------------------------------------
[-100.0, 0.0)           243   42.8%       0.10       1.08
[0.0, 3.0)              280   40.7%       0.06       1.06
[3.0, 6.0)               97   37.1%       0.22       1.16
[6.0, 9.0)               32   40.6%       0.32       1.16
[9.0, 12.0)              13   46.2%      -1.52       0.47
[12.0, 100.0)            16   43.8%       8.77       5.93

--- 近5日涨幅% (recent_gain5) ---
区间                       笔数       胜率       均盈亏%        盈亏比
------------------------------------------------------------
[-100.0, 0.0)           145   42.1%      -0.37       0.69
[0.0, 5.0)              391   42.7%       0.18       1.18
[5.0, 10.0)              93   40.9%       2.20       2.30
[10.0, 15.0)             26   26.9%      -1.99       0.28
[15.0, 20.0)             13   30.8%      -1.53       0.20
[20.0, 100.0)            13   23.1%       3.31       1.76

--- 偏离MA20% (vs_ma20) ---
区间                       笔数       胜率       均盈亏%        盈亏比
------------------------------------------------------------
[-100.0, 0.0)           268   48.1%       0.03       1.04
[0.0, 3.0)              191   37.7%      -0.28       0.73
[3.0, 5.0)               74   35.1%       0.14       1.10
[5.0, 10.0)              95   38.9%       1.10       1.69
[10.0, 15.0)             25   36.0%       5.15       2.79
[15.0, 100.0)            28   25.0%      -0.17       0.96

--- 偏离MA60% (vs_ma60) ---
区间                       笔数       胜率       均盈亏%        盈亏比
------------------------------------------------------------
[-100.0, -5.0)          158   49.4%       0.13       1.15
[-5.0, 0.0)             164   45.1%      -0.03       0.97
[0.0, 5.0)              193   36.3%      -0.44       0.60
[5.0, 10.0)              64   35.9%       0.01       1.00
[10.0, 15.0)             32   31.2%       0.18       1.09
[15.0, 100.0)            70   35.7%       3.67       2.20

--- 前5日跌幅% (prev5_drop) ---
区间                       笔数       胜率       均盈亏%        盈亏比
------------------------------------------------------------
[-100.0, -5.0)           82   56.1%       0.72       1.92
[-5.0, 0.0)             264   43.2%       0.15       1.14
[0.0, 3.0)              190   37.9%       0.05       1.04
[3.0, 5.0)               56   41.1%       0.56       1.44
[5.0, 10.0)              53   32.1%       1.25       1.67
[10.0, 100.0)            36   22.2%      -0.33       0.91

--- +DI/-DI比 (pdi_mdi_ratio) ---
区间                       笔数       胜率       均盈亏%        盈亏比
------------------------------------------------------------
[0.0, 0.5)              146   51.4%       0.13       1.17
[0.5, 0.8)              100   47.0%      -0.16       0.84
[0.8, 1.0)               67   37.3%       0.92       1.76
[1.0, 1.5)              119   32.8%      -0.53       0.59
[1.5, 2.0)               68   39.7%       1.29       2.01
[2.0, 100.0)            180   37.2%       0.64       1.36

####################################################################################################
# 逐股亏损单买入特征明细
####################################################################################################

--- 600326 (71笔, 胜率45.1%) ---
  盈利32笔均赚5.71%, 亏损39笔均亏-2.52%
  亏损单特征均值: ADX=36.5 量比=1.27 vsMA20=3.02% 近3日涨幅=1.86% 前5日跌幅=1.40% 多头排列率=25.6%
  盈利单特征均值: ADX=37.9 量比=1.27 vsMA20=2.21% 近3日涨幅=2.39% 前5日跌幅=-0.43% 多头排列率=25.0%

--- 002407 (89笔, 胜率41.6%) ---
  盈利37笔均赚4.59%, 亏损52笔均亏-2.08%
  亏损单特征均值: ADX=29.4 量比=1.32 vsMA20=2.89% 近3日涨幅=1.85% 前5日跌幅=1.32% 多头排列率=17.3%
  盈利单特征均值: ADX=39.3 量比=1.48 vsMA20=1.05% 近3日涨幅=1.67% 前5日跌幅=-1.50% 多头排列率=24.3%

--- 002156 (88笔, 胜率35.2%) ---
  盈利31笔均赚4.40%, 亏损57笔均亏-3.06%
  亏损单特征均值: ADX=36.6 量比=1.09 vsMA20=4.61% 近3日涨幅=1.84% 前5日跌幅=3.28% 多头排列率=15.8%
  盈利单特征均值: ADX=35.7 量比=1.28 vsMA20=3.74% 近3日涨幅=2.13% 前5日跌幅=-0.07% 多头排列率=29.0%

--- 600539 (87笔, 胜率50.6%) ---
  盈利44笔均赚3.79%, 亏损43笔均亏-2.28%
  亏损单特征均值: ADX=29.3 量比=1.03 vsMA20=2.02% 近3日涨幅=1.69% 前5日跌幅=0.96% 多头排列率=18.6%
  盈利单特征均值: ADX=33.6 量比=1.11 vsMA20=-0.81% 近3日涨幅=-0.07% 前5日跌幅=-2.90% 多头排列率=6.8%

--- 000001 (66笔, 胜率40.9%) ---
  盈利27笔均赚1.41%, 亏损39笔均亏-1.17%
  亏损单特征均值: ADX=33.7 量比=1.19 vsMA20=1.54% 近3日涨幅=0.54% 前5日跌幅=-0.25% 多头排列率=20.5%
  盈利单特征均值: ADX=38.8 量比=1.15 vsMA20=0.42% 近3日涨幅=0.73% 前5日跌幅=-0.51% 多头排列率=7.4%

--- 000858 (92笔, 胜率35.9%) ---
  盈利33笔均赚1.76%, 亏损59笔均亏-1.38%
  亏损单特征均值: ADX=36.8 量比=1.04 vsMA20=1.45% 近3日涨幅=1.10% 前5日跌幅=0.12% 多头排列率=22.0%
  盈利单特征均值: ADX=31.7 量比=1.18 vsMA20=-0.30% 近3日涨幅=1.31% 前5日跌幅=-0.23% 多头排列率=6.1%

--- 600550 (115笔, 胜率40.0%) ---
  盈利46笔均赚3.23%, 亏损69笔均亏-2.66%
  亏损单特征均值: ADX=34.8 量比=1.28 vsMA20=2.26% 近3日涨幅=1.40% 前5日跌幅=1.21% 多头排列率=27.5%
  盈利单特征均值: ADX=31.9 量比=1.07 vsMA20=0.53% 近3日涨幅=0.17% 前5日跌幅=-0.96% 多头排列率=10.9%

--- 600176 (73笔, 胜率41.1%) ---
  盈利30笔均赚5.67%, 亏损43笔均亏-2.06%
  亏损单特征均值: ADX=37.5 量比=1.16 vsMA20=2.28% 近3日涨幅=1.20% 前5日跌幅=0.10% 多头排列率=30.2%
  盈利单特征均值: ADX=31.9 量比=1.34 vsMA20=0.50% 近3日涨幅=1.51% 前5日跌幅=-1.36% 多头排列率=20.0%
