====================================================================================================
shadow_yang.py 原始策略 - 亏损单买入特征诊断
策略: shadow_yang.py | K线: 1000 | 股票: 10 只
====================================================================================================
策略类: ShadowYangStrategy

正在连接行情服务器...

====================================================================================================
回测结果摘要
====================================================================================================
  600326 (目标股): 收益=  74.29% 夏普= 0.55 胜率=45.1% 交易= 71 盈亏比= 1.50 回撤= 35.95%
  600206 (震荡上行): 收益=   0.00% 夏普= 0.00 胜率= 0.0% 交易=  0 盈亏比= 0.00 回撤=  0.00%
  002407 (大波动): 收益=  45.24% 夏普= 0.39 胜率=41.6% 交易= 89 盈亏比= 1.43 回撤= 33.94%
  002156 (趋势): 收益= -39.10% 夏普=-0.42 胜率=35.2% 交易= 88 盈亏比= 0.74 回撤= 43.97%
  600539 (大牛股): 收益=  70.69% 夏普= 0.55 胜率=50.6% 交易= 87 盈亏比= 1.61 回撤= 28.99%
  000001 (银行阴跌): 收益=  -8.56% 夏普=-0.56 胜率=40.9% 交易= 66 盈亏比= 0.79 回撤= 19.63%
  600519 (白酒慢牛): 收益=   0.00% 夏普= 0.00 胜率= 0.0% 交易=  0 盈亏比= 0.00 回撤=  0.00%
  000858 (白酒): 收益= -21.76% 夏普=-0.72 胜率=35.9% 交易= 92 盈亏比= 0.71 回撤= 34.30%
  600550 (波段): 收益= -42.67% 夏普=-0.55 胜率=40.0% 交易=115 盈亏比= 0.70 回撤= 50.31%
  600176 (多头): 收益=  78.60% 夏普= 0.64 胜率=41.1% 交易= 73 盈亏比= 1.86 回撤= 19.43%

共提取 681 笔买入交易特征

####################################################################################################
# 600326 专项分析
####################################################################################################

====================================================================================================
600326: 71 笔交易, 胜率 45.1%, 均盈亏 1.19%, 盈利均赚 5.71%, 亏损均亏 -2.52%
====================================================================================================

特征                     说明                           盈利均值       亏损均值         差异 方向          
----------------------------------------------------------------------------------------------------
body_pct               越高越好                         3.58       2.63      +0.95 盈利>亏损       
body_ratio             越高越好                         0.61       0.52      +0.09 盈利>亏损       
upper_shadow_ratio     越低越好                         0.68       1.55      -0.87 亏损>盈利       
lower_shadow_ratio     越高越好                         0.49       0.79      -0.30 亏损>盈利       
reversal_ratio         越高越好                         2.63       2.29      +0.34 盈利>亏损       
prev_body_pct          适中最好                         2.38       1.97      +0.41 盈利>亏损       
vol_ratio              越高越好                         1.27       1.27      -0.00 无明显差异       
vol_change_pct         越高越好                        42.07      48.81      -6.74 亏损>盈利       
vs_ma5                                              1.84       1.59      +0.25 盈利>亏损       
vs_ma10                                             2.13       2.62      -0.49 亏损>盈利       
vs_ma20                过高=追高                        2.21       3.02      -0.81 亏损>盈利       
vs_ma60                                             2.65       2.32      +0.32 盈利>亏损       
ma5_slope              越高越好                         0.67       0.68      -0.01 亏损>盈利       
adx                    越高越好                        37.93      36.52      +1.42 盈利>亏损       
pdi_mdi_ratio          越高越好                         1.99       1.86      +0.13 盈利>亏损       
recent_gain3           越低越好(未追高)                    2.39       1.86      +0.52 盈利>亏损       
recent_gain5           越低越好(未追高)                    3.62       3.79      -0.17 亏损>盈利       
prev5_drop             下跌中继风险                      -0.43       1.40      -1.83 亏损>盈利       
prev3_yin_count                                     1.72       1.77      -0.05 亏损>盈利       
holding_bars                                        4.31       2.44      +1.88 盈利>亏损       
profit_pct                                          5.71      -2.52      +8.23 盈利>亏损       

====================================================================================================
布尔特征胜率分析
====================================================================================================

特征                     说明                    =True胜率     =False胜率         差异 建议          
------------------------------------------------------------------------------------------
is_bullish_align       多头排列                   44.4%        45.3%      -0.8% 无明显影响       
ma5_above_ma10         MA5>MA10               48.7%        40.6%      +8.1% 倾向保留        
is_ma5_up              MA5上行                  47.3%        37.5%      +9.8% 倾向保留        
is_strong_trend        强趋势(ADX>=30)           56.0%        39.1%     +16.9% 倾向保留        
is_piercing            刺穿形态                   66.7%        44.1%     +22.5% 倾向保留        
is_engulfing           看涨吞没                   43.8%        46.2%      -2.4% 无明显影响       
is_morning_star        晨星形态                    0.0%        45.7%     -45.7% 倾向过滤        
is_strong_reversal     强反转阳线                  52.0%        41.3%     +10.7% 倾向保留        
has_lower_shadow       有下影线                   36.4%        52.6%     -16.3% 倾向过滤        

====================================================================================================
关键特征区间胜率分析
====================================================================================================

--- 阳线实体涨幅% (body_pct) ---
区间                       笔数       胜率       均盈亏%        盈亏比
------------------------------------------------------------
[-100.0, 1.0)            16   43.8%      -0.16       0.85
[1.0, 2.0)               16   25.0%      -1.36       0.18
[2.0, 3.0)               13   53.8%       0.57       1.34
[3.0, 5.0)               15   46.7%      -0.10       0.94
[5.0, 8.0)                5   60.0%      15.45      18.65
[8.0, 100.0)              6   66.7%       4.29       8.60

--- 反转力度 (reversal_ratio) ---
区间                       笔数       胜率       均盈亏%        盈亏比
------------------------------------------------------------
[-100.0, 0.5)            18   33.3%       0.00       1.00
[0.5, 1.0)                9   55.6%       1.34       1.72
[1.0, 1.5)               12   41.7%       0.83       1.76
[1.5, 2.0)                7   42.9%      10.61       9.23
[2.0, 3.0)                9   66.7%       1.09       5.69
[3.0, 100.0)             16   43.8%      -1.36       0.18

--- 量比 (vol_ratio) ---
区间                       笔数       胜率       均盈亏%        盈亏比
------------------------------------------------------------
[0.0, 0.8)               12   66.7%       0.54       1.64
[0.8, 1.0)               21   38.1%       1.02       1.60
[1.0, 1.2)               10   50.0%       0.31       1.43
[1.2, 1.5)                9   22.2%       0.50       1.63
[1.5, 2.0)               10   40.0%       6.82       5.17
[2.0, 100.0)              9   55.6%      -2.15       0.10

--- ADX (adx) ---
区间                       笔数       胜率       均盈亏%        盈亏比
------------------------------------------------------------
[0.0, 15.0)              11   36.4%       6.67       7.56
[15.0, 20.0)              9   44.4%      -0.13       0.93
[20.0, 25.0)              3    0.0%      -2.19       0.00
[25.0, 30.0)              4   50.0%       3.94       2.55
[30.0, 40.0)             11   54.5%       0.19       1.23
[40.0, 100.0)            31   48.4%       0.04       1.03

--- 近3日涨幅% (recent_gain3) ---
区间                       笔数       胜率       均盈亏%        盈亏比
------------------------------------------------------------
[-100.0, 0.0)            21   42.9%       0.41       1.29
[0.0, 3.0)               29   41.4%      -0.45       0.57
[3.0, 6.0)                8   50.0%       9.25       5.12
[6.0, 9.0)                8   50.0%       3.28       4.21
[9.0, 12.0)               3   66.7%      -0.29       0.53
[12.0, 100.0)             2   50.0%      -5.12       0.01

--- 近5日涨幅% (recent_gain5) ---
区间                       笔数       胜率       均盈亏%        盈亏比
------------------------------------------------------------
[-100.0, 0.0)            16   37.5%      -0.41       0.58
[0.0, 5.0)               37   48.6%      -0.09       0.93
[5.0, 10.0)               8   50.0%      11.57      12.06
[10.0, 15.0)              5   40.0%      -1.89       0.10
[15.0, 20.0)              2   50.0%      -1.33       0.02
[20.0, 100.0)             3   33.3%       4.65       2.33

--- 偏离MA20% (vs_ma20) ---
区间                       笔数       胜率       均盈亏%        盈亏比
------------------------------------------------------------
[-100.0, 0.0)            24   37.5%      -0.22       0.83
[0.0, 3.0)               18   44.4%      -0.21       0.78
[3.0, 5.0)                8   25.0%      -0.74       0.67
[5.0, 10.0)              10   60.0%      -0.17       0.80
[10.0, 15.0)              6  100.0%      19.44        inf
[15.0, 100.0)             5   20.0%      -3.10       0.34

--- 偏离MA60% (vs_ma60) ---
区间                       笔数       胜率       均盈亏%        盈亏比
------------------------------------------------------------
[-100.0, -5.0)           23   30.4%      -0.44       0.67
[-5.0, 0.0)              10   60.0%       1.11       3.18
[0.0, 5.0)               14   50.0%      -0.65       0.46
[5.0, 10.0)               7   57.1%       0.11       1.08
[10.0, 15.0)              5   60.0%       4.34       7.87
[15.0, 100.0)            12   41.7%       5.84       3.14

--- 前5日跌幅% (prev5_drop) ---
区间                       笔数       胜率       均盈亏%        盈亏比
------------------------------------------------------------
[-100.0, -5.0)           13   46.2%       0.06       1.06
[-5.0, 0.0)              24   33.3%      -0.75       0.48
[0.0, 3.0)               15   53.3%       0.54       1.50
[3.0, 5.0)                5   80.0%       0.73    4285.06
[5.0, 10.0)               9   55.6%       9.88       8.21
[10.0, 100.0)             5   20.0%       0.21       1.05

--- +DI/-DI比 (pdi_mdi_ratio) ---
区间                       笔数       胜率       均盈亏%        盈亏比
------------------------------------------------------------
[0.0, 0.5)               15   46.7%       0.92       2.65
[0.5, 0.8)               10   20.0%      -2.53       0.07
[0.8, 1.0)                7   42.9%      10.84       9.98
[1.0, 1.5)                7   42.9%       0.79       1.88
[1.5, 2.0)               10   50.0%      -0.13       0.86
[2.0, 100.0)             22   54.5%       0.72       1.40

====================================================================================================
600326 亏损单明细（按盈亏排序）
====================================================================================================
         买入日          卖出日      买价      卖价     盈亏%    实体%    反转力    量比   ADX  vsMA20    近3日%    前5日跌   多头    强趋势
--------------------------------------------------------------------------------------------------------------
2023-04-17 00:00:00 2023-04-18 00:00:00    5.52    4.96  -10.29   1.85   0.77  2.13  56.0   32.84   18.97   36.66    是      是
2025-08-05 00:00:00 2025-08-06 00:00:00   17.58   15.82  -10.16   2.87   0.43  0.93  81.9   34.95   -8.20   11.56    是      是
2025-04-03 00:00:00 2025-04-07 00:00:00    6.64    6.15   -7.53   4.57   5.80  2.15  30.0   -2.07    3.91   -2.59    否      否
2026-07-23 00:00:00 2026-07-24 00:00:00    6.43    6.10   -5.28   3.38   7.00  0.90  14.3    0.43    3.54   -1.74    否      否
2024-04-03 00:00:00 2024-04-09 00:00:00    4.14    3.94   -4.98   2.73   1.57  1.84  17.1    3.98    7.53    1.52    是      否
2026-07-10 00:00:00 2026-07-13 00:00:00    6.43    6.12   -4.97   2.88   9.00  1.56  47.3   -4.72    0.00   -5.71    否      否
2024-12-11 00:00:00 2024-12-16 00:00:00    8.35    7.96   -4.82   3.99   1.07  0.92  32.2    9.76    5.03    6.31    是      是
2025-11-11 00:00:00 2025-11-12 00:00:00   12.65   12.14   -4.19   1.44   0.90  0.86  20.4    2.83    1.85    0.56    否      否
2023-11-17 00:00:00 2023-11-23 00:00:00    5.86    5.64   -3.91   0.34   0.18  0.52  16.3    4.24   -3.46    9.53    是      否
2023-08-03 00:00:00 2023-08-09 00:00:00    4.96    4.80   -3.38   0.40   0.33  0.92  16.8    0.73   -0.80    2.27    否      否
2025-05-12 00:00:00 2025-05-14 00:00:00    7.21    7.02   -2.79   0.98   0.33  1.07  52.3    3.97    0.14   -2.22    是      是
2023-04-19 00:00:00 2023-04-26 00:00:00    5.46    5.32   -2.72  10.08   1.28  0.87  67.6   27.56   -0.36   17.54    是      是
2026-03-13 00:00:00 2026-03-16 00:00:00   10.82   10.55   -2.65   1.88   1.00  1.93  28.2   -1.36    0.00   -0.56    否      否
2025-10-31 00:00:00 2025-11-03 00:00:00   12.76   12.46   -2.51   6.87   4.10  4.01  15.8    3.89    7.32   -4.29    否      否
2023-09-06 00:00:00 2023-09-07 00:00:00    4.24    4.15   -2.28   0.95   0.33  0.51  59.4   -3.64   -0.47   -2.08    否      否
2025-12-10 00:00:00 2025-12-11 00:00:00   11.06   10.83   -2.24   1.56   1.55  1.04  60.8   -2.19    0.27   -2.15    否      否
2025-01-22 00:00:00 2025-01-23 00:00:00    6.06    5.94   -2.14   0.17   0.08  0.75  38.9   -4.51    0.33   -0.33    否      否
2024-09-06 00:00:00 2024-09-09 00:00:00    5.31    5.21   -2.04   4.32   4.40  1.44  17.4   -5.58    2.12   -6.90    否      否
2023-06-21 00:00:00 2023-06-26 00:00:00    5.02    4.93   -1.95   4.37   0.81  0.98  47.2    7.28    0.40    5.04    否      是
