==========================================================================================
买入阳线特征提取与统计分析
策略: shadow_yang_v2.py | K线: 1000 | 股票: 8 只
==========================================================================================
策略类: ShadowYangStrategy

正在连接行情服务器...

==========================================================================================
回测结果摘要
==========================================================================================
  600206 (震荡上行): 收益=   0.00% 夏普= 0.00 胜率= 0.0% 交易=  0 盈亏比= 0.00 回撤=  0.00%
  002407 (大波动): 收益= 102.99% 夏普= 0.71 胜率=40.0% 交易= 15 盈亏比= 3.94 回撤= 27.74%
  002156 (趋势): 收益=  26.82% 夏普= 0.25 胜率=50.0% 交易= 16 盈亏比= 1.55 回撤= 27.81%
  600539 (大牛股): 收益= -13.55% 夏普=-0.32 胜率=33.3% 交易= 12 盈亏比= 0.55 回撤= 31.79%
  000001 (银行阴跌): 收益=  -2.97% 夏普=-0.56 胜率=12.5% 交易=  8 盈亏比= 0.74 回撤= 14.88%
  600519 (白酒慢牛): 收益=   0.00% 夏普= 0.00 胜率= 0.0% 交易=  0 盈亏比= 0.00 回撤=  0.00%
  300750 (新能源): 收益=  13.26% 夏普= 0.10 胜率=38.1% 交易= 21 盈亏比= 1.38 回撤= 19.95%
  002475 (消费电子): 收益=  60.64% 夏普= 0.55 胜率=41.7% 交易= 12 盈亏比= 2.46 回撤= 24.12%

共提取 84 笔买入交易特征

==========================================================================================
盈利 vs 亏损交易特征对比（盈利 32 笔 vs 亏损 52 笔）
==========================================================================================

特征                     说明                             盈利均值       亏损均值         差异 方向          
----------------------------------------------------------------------------------------------------
body_pct               越高越好(强阳线)                     -1.35      -1.23      -0.13 亏损>盈利       
body_ratio             越高越好(实体饱满)                     0.59       0.51      +0.08 盈利>亏损       
upper_shadow_ratio     越低越好(无上影线压力)                   0.43       0.63      -0.20 亏损>盈利       
lower_shadow_ratio     越高越好(有下影线支撑)                   0.67       0.62      +0.05 盈利>亏损       
reversal_ratio         越高越好(反转力度强)                    5.88       3.08      +2.80 盈利>亏损       
prev_body_pct          适中最好(跌太少无空间,跌太多恐继续)           -0.44      -0.65      +0.21 盈利>亏损       
vol_ratio              越高越好(放量确认)                     1.00       0.94      +0.06 盈利>亏损       
vol_change_pct         越高越好(放量)                       0.09      -4.49      +4.58 盈利>亏损       
vs_ma5                 适中最好                           0.20      -0.39      +0.59 盈利>亏损       
vs_ma10                适中最好                           1.01       0.43      +0.58 盈利>亏损       
vs_ma20                适中最好(过低=弱,过高=追高)               2.80       1.76      +1.04 盈利>亏损       
vs_ma60                适中最好                           7.03       6.43      +0.60 盈利>亏损       
adx                    越高越好(有趋势)                     32.19      30.64      +1.55 盈利>亏损       
pdi_mdi_ratio          越高越好(多头强)                      2.20       1.85      +0.35 盈利>亏损       
recent_gain3           越低越好(未追高)                      1.01      -0.22      +1.23 盈利>亏损       
recent_gain5           越低越好(未追高)                      1.92       0.79      +1.14 盈利>亏损       
dev_ma20               越低越好(未追高)                      2.80       1.76      +1.04 盈利>亏损       
holding_bars           盈亏差异                          21.62       8.25     +13.38 盈利>亏损       
profit_pct             盈亏差异                          13.15      -3.93     +17.08 盈利>亏损       

==========================================================================================
布尔特征胜率分析
==========================================================================================

特征                     说明                   该特征=True    该特征=False         差异 建议          
------------------------------------------------------------------------------------------
is_bullish_align       多头排列                   45.5%        33.3%     +12.1% 倾向保留        
ma5_above_ma10         MA5>MA10               37.9%        38.5%      -0.5% 无明显影响       
is_strong_trend        强趋势(ADX>=30)           38.9%        37.5%      +1.4% 无明显影响       
is_piercing            刺穿形态                    0.0%        38.1%     -38.1% 倾向过滤        
is_engulfing           看涨吞没                   75.0%        36.2%     +38.8% 倾向保留        
is_morning_star        晨星形态                    0.0%        38.1%     -38.1% 倾向过滤        
is_strong_reversal     强反转阳线                  75.0%        36.2%     +38.8% 倾向保留        
has_lower_shadow       有下影线                   35.6%        41.0%      -5.5% 倾向过滤        

==========================================================================================
买入信号类型胜率分析
==========================================================================================

信号类型                 笔数     盈利       胜率       均盈亏%      均持仓
------------------------------------------------------------
回调反转买入                2      0    0.0%      -3.99        5
多头排列形成               10      4   40.0%       3.09       16
影线后收阳                72     28   38.9%       2.68       13

==========================================================================================
关键特征区间胜率分析（寻找最优买入区间）
==========================================================================================

--- 阳线实体涨幅% (body_pct) ---
区间                       笔数       胜率       均盈亏%        盈亏比
------------------------------------------------------------
[-100.0, 1.0)            75   37.3%       2.45       2.03
[1.0, 2.0)                4   50.0%      10.03       3.65
[3.0, 5.0)                4   50.0%      -1.82       0.36
[5.0, 8.0)                1    0.0%      -0.16       0.00

--- 反转力度 (reversal_ratio) ---
区间                       笔数       胜率       均盈亏%        盈亏比
------------------------------------------------------------
[-100.0, 0.5)            15   40.0%       1.32       1.51
[0.5, 1.0)               21   23.8%      -0.76       0.74
[1.0, 1.5)               13   30.8%      -2.38       0.26
[1.5, 2.0)                7   57.1%       6.18       4.31
[2.0, 3.0)                8   37.5%      14.51       6.49
[3.0, 100.0)             20   50.0%       4.20       3.97

--- 量比 (vol_ratio) ---
区间                       笔数       胜率       均盈亏%        盈亏比
------------------------------------------------------------
[0.0, 0.8)               31   29.0%       2.88       2.07
[0.8, 1.0)               24   33.3%       3.43       2.30
[1.0, 1.2)               16   43.8%       0.13       1.05
[1.2, 1.5)                9   77.8%       2.78       3.92
[1.5, 2.0)                1    0.0%      -1.05       0.00
[2.0, 100.0)              3   33.3%       6.22       3.69

--- ADX (adx) ---
区间                       笔数       胜率       均盈亏%        盈亏比
------------------------------------------------------------
[0.0, 15.0)              15   60.0%       4.07       3.33
[15.0, 20.0)             12   33.3%      -0.03       0.98
[20.0, 25.0)              7   28.6%       5.03       2.65
[25.0, 30.0)              7   14.3%      -3.24       0.12
[30.0, 40.0)             22   18.2%      -0.81       0.74
[40.0, 100.0)            21   57.1%       7.66       4.72

--- 近3日涨幅% (recent_gain3) ---
区间                       笔数       胜率       均盈亏%        盈亏比
------------------------------------------------------------
[-100.0, 0.0)            43   30.2%       3.20       2.17
[0.0, 3.0)               22   50.0%       3.86       3.71
[3.0, 6.0)               14   35.7%      -2.21       0.30
[6.0, 9.0)                2   50.0%      -2.23       0.34
[9.0, 12.0)               3   66.7%       9.60       7.30

--- 近5日涨幅% (recent_gain5) ---
区间                       笔数       胜率       均盈亏%        盈亏比
------------------------------------------------------------
[-100.0, 0.0)            36   36.1%       2.60       1.98
[0.0, 5.0)               33   33.3%       1.37       1.60
[5.0, 10.0)              11   54.5%       7.33       4.76
[10.0, 15.0)              3   66.7%      -0.56       0.83
[15.0, 20.0)              1    0.0%      -1.65       0.00

--- 偏离MA20% (dev_ma20) ---
区间                       笔数       胜率       均盈亏%        盈亏比
------------------------------------------------------------
[-100.0, 0.0)            29   31.0%      -0.44       0.79
[0.0, 5.0)               38   42.1%       5.07       2.71
[5.0, 10.0)              11   27.3%       1.08       1.47
[10.0, 15.0)              4   50.0%       4.04       3.31
[15.0, 20.0)              2  100.0%       4.11        inf

--- vs MA20% (vs_ma20) ---
区间                       笔数       胜率       均盈亏%        盈亏比
------------------------------------------------------------
[-100.0, 0.0)            29   31.0%      -0.44       0.79
[0.0, 3.0)               27   40.7%       6.69       3.47
[3.0, 5.0)               11   45.5%       1.10       1.31
[5.0, 10.0)              11   27.3%       1.08       1.47
[10.0, 15.0)              4   50.0%       4.04       3.31
[15.0, 100.0)             2  100.0%       4.11        inf

==========================================================================================
优化建议（基于数据驱动分析）
==========================================================================================

整体: 84 笔交易, 胜率 38.1%, 均盈亏 2.57%, 盈利均赚 13.15%, 亏损均亏 -3.93%
  - 反转力度 >= 1.0 时胜率 43.8% vs < 1.0 时 30.6%，考虑增加最小反转力度过滤
  - 量比 >= 1.0 时胜率 51.7% vs < 1.0 时 30.9%，考虑提高成交量确认阈值
  - ADX < 25 时胜率 44.1% vs >= 25 时 34.0%，低 ADX 反而胜率更高（可能趋势起步阶段更好买）
  - 多头排列时胜率 45.5% vs 非多头排列 33.3%，多头排列中买入更可靠
  - 买入信号 '多头排列形成' 胜率 40.0% vs '回调反转买入' 0.0%，可考虑调整低胜率信号的参数或过滤条件

==========================================================================================
全部买入交易明细
==========================================================================================
股票       类型                买入日 信号                  买入价      卖出价      盈亏%    胜     实体%     反转力     量比    ADX    近3日%
--------------------------------------------------------------------------------------------------------------
002407   大波动          20250924 影线后收阳             16.82    36.39   116.00    ✓   -1.80    2.07   0.68   58.6   -2.41
002475   消费电子         20250818 多头排列形成            39.29    60.50    53.74    ✓    1.30   24.50   0.88   24.4    1.11
002156   趋势           20251230 影线后收阳             38.21    51.72    35.14    ✓   -0.90    0.00   0.92   11.1   -0.88
002475   消费电子         20240513 影线后收阳             29.78    39.22    31.49    ✓   -1.20    1.67   0.66   41.0   -4.52
002407   大波动          20250815 影线后收阳             12.69    16.21    27.53    ✓   -2.61    5.50   1.02   12.4   -2.61
300750   新能源          20240926 影线后收阳            191.76   241.25    25.61    ✓   -2.22    0.77   2.24   30.3   10.18
600539   大牛股          20260409 影线后收阳             15.08    18.25    20.83    ✓   -0.69    2.50   0.85   35.5    2.20
002156   趋势           20250811 影线后收阳             27.37    31.74    15.78    ✓   -2.12    8.29   0.91   45.6   -1.58
300750   新能源          20250905 影线后收阳            318.15   351.04    10.16    ✓   -3.08    1.72   1.37   48.5    0.01
002156   趋势           20240527 影线后收阳             21.54    23.66     9.67    ✓   -1.68    1.52   0.92   13.0    0.93
002475   消费电子         20240926 影线后收阳             37.92    41.58     9.48    ✓   -2.24    0.49   1.26   17.3    5.15
000001   银行阴跌         20250610 影线后收阳             10.85    11.89     9.41    ✓   -0.19    0.00   0.61   63.2   -1.19
002156   趋势           20260511 影线后收阳             61.14    66.00     7.78    ✓   -1.97    0.67   1.27   54.6   10.43
002156   趋势           20230201 影线后收阳             19.06    20.40     6.86    ✓   -1.52    0.90   1.00   57.6    0.22
300750   新能源          20250212 影线后收阳            242.78   258.25     6.20    ✓   -3.48    3.05   1.00   18.4   -0.54
300750   新能源          20250703 影线后收阳            254.63   269.13     5.53    ✓   -0.43    1.05   0.57   14.0   -0.22
002407   大波动          20241025 影线后收阳             12.08    12.70     4.96    ✓   -2.59    1.67   0.74   35.1    0.27
300750   新能源          20260410 影线后收阳            409.04   427.00     4.22    ✓   -1.06    0.79   1.05   13.7    0.93
300750   新能源          20220815 影线后收阳            266.18   275.02     3.16    ✓   -1.73    1.40   0.73   27.7   -2.01
002156   趋势           20220718 影线后收阳             15.28    15.74     2.85    ✓   -2.88    5.25   1.24   20.5   -4.45
300750   新能源          20241105 多头排列形成           247.64   254.51     2.61    ✓    3.13   21.82   0.91   11.5    1.35
002407   大波动          20260624 影线后收阳             44.25    45.35     2.32    ✓   -2.79    0.33   1.28   49.7    8.66
002407   大波动          20250710 影线后收阳             11.97    12.21     1.84    ✓   -0.84    0.48   1.03   51.1    1.89
002156   趋势           20251027 多头排列形成            43.86    44.60     1.52    ✓    3.95    7.95   1.10   13.0    3.18
600539   大牛股          20250725 多头排列形成            12.53    12.74     1.51    ✓    1.64    1.00   0.79   48.1    4.54
002475   消费电子         20250811 影线后收阳             37.71    38.18     1.08    ✓   -1.53    0.57   0.81   15.6   -0.08
002156   趋势           20251222 影线后收阳             37.11    37.54     1.00    ✓   -1.14   13.67   1.10   18.7    1.36
002407   大波动          20260211 影线后收阳             29.99    30.20     0.54    ✓   -2.31   68.00   0.65   40.4    3.09
600539   大牛股          20220927 影线后收阳              7.23     7.28     0.53    ✓   -4.92    6.80   1.20   14.5   -6.01
600539   大牛股          20220726 影线后收阳              6.45     6.49     0.46    ✓   -1.25    0.00   0.77   37.0   -1.10
002475   消费电子         20260427 影线后收阳             71.83    72.26     0.44    ✓   -2.24    1.23   1.04   76.1    0.38
300750   新能源          20230728 影线后收阳            211.28   212.53     0.43    ✓   -1.89    2.61   1.46   12.3    4.00
000001   银行阴跌         20230104 多头排列形成            12.11    12.11    -0.16    ✗    5.19    4.75   2.77   16.1    5.76
600539   大牛股          20221115 影线后收阳              6.95     6.92    -0.59    ✗   -1.15    1.60   0.95   33.7    1.32
000001   银行阴跌         20240516 影线后收阳              9.25     9.20    -0.70    ✗   -0.78    0.78   0.66   50.7   -1.22
300750   新能源          20230829 影线后收阳            219.73   217.78    -1.05    ✗   -4.94   26.83   1.77   17.2    1.44
300750   新能源          20251211 影线后收阳            382.03   378.54    -1.07    ✗   -0.71    0.68   1.00   16.5   -1.76
002156   趋势           20260422 影线后收阳             48.81    48.34    -1.12    ✗   -2.06    3.81   0.93   50.2   -1.65
300750   新能源          20251105 影线后收阳            381.74   378.04    -1.13    ✗   -1.09   29.35   0.76   19.5   -4.94
002475   消费电子         20230629 影线后收阳             31.61    31.27    -1.23    ✗   -2.97    0.77   0.74   33.6    0.27
002407   大波动          20260515 影线后收阳             36.27    35.79    -1.48    ✗   -3.06   13.00   0.73   37.1   -6.60
600539   大牛股          20221207 影线后收阳              6.96     6.86    -1.59    ✗   -0.87    2.00   0.93   13.8    1.04
300750   新能源          20240318 影线后收阳            172.19   169.62    -1.65    ✗   -1.60    2.44   0.79   39.4   -2.90
002156   趋势           20250122 影线后收阳             28.74    28.30    -1.69    ✗   -0.62    1.13   0.80    5.7    1.27
000001   银行阴跌         20250305 多头排列形成            10.70    10.53    -1.75    ✗    0.38    4.00   0.76   26.5   -1.03
000001   银行阴跌         20240717 影线后收阳              9.20     9.03    -2.00    ✗   -0.33    1.50   1.00   15.1    1.90
300750   新能源          20230213 影线后收阳            235.38   230.41    -2.27    ✗   -1.69    1.22   0.93   22.1   -0.52
300750   新能源          20241129 回调反转买入           247.49   242.25    -2.27    ✗   -1.83    0.87   0.90   20.2   -3.75
002407   大波动          20220725 影线后收阳             34.52    33.76    -2.36    ✗   -1.54    0.37   0.77   16.9   -5.90
000001   银行阴跌         20220819 影线后收阳             10.36    10.13    -2.38    ✗   -2.24    0.92   1.18   36.1    1.41
000001   银行阴跌         20241018 影线后收阳             11.08    10.83    -2.41    ✗   -1.08    0.46   0.70   65.9   -0.63
000001   银行阴跌         20240315 影线后收阳              8.68     8.48    -2.46    ✗   -0.84    0.35   0.91   34.8   -2.81
300750   新能源          20240522 影线后收阳            191.14   186.26    -2.71    ✗   -1.11    0.56   0.79   34.0    1.02
002407   大波动          20250811 影线后收阳             12.64    12.31    -2.77    ✗   -0.49    0.43   0.99   20.6    0.00
300750   新能源          20220713 影线后收阳            278.91   270.91    -3.02    ✗   -3.18    0.97   0.91   37.3   -9.03
300750   新能源          20240429 多头排列形成           190.86   185.26    -3.09    ✗    3.73    1.40   1.47   17.8    5.00
002475   消费电子         20241219 影线后收阳             41.17    39.96    -3.09    ✗   -1.17    0.90   0.64   33.6   -1.30
600539   大牛股          20220628 影线后收阳              6.40     6.21    -3.12    ✗   -0.48    0.60   0.95   30.5    3.64
002407   大波动          20230213 影线后收阳             25.40    24.63    -3.19    ✗   -1.21    1.00   0.94   37.7   -0.28
002407   大波动          20230223 影线后收阳             25.69    24.83    -3.50    ✗   -0.77    0.59   0.43   26.8   -1.14
300750   新能源          20260622 影线后收阳            408.98   392.51    -4.18    ✗   -2.21    8.84   1.19   12.7   -1.65
600539   大牛股          20241203 影线后收阳              7.67     7.36    -4.20    ✗   -0.79    0.24   1.02   21.9    4.44
002475   消费电子         20220811 影线后收阳             37.23    35.72    -4.21    ✗   -1.06    0.95   0.65   41.3   -0.09
002156   趋势           20240308 影线后收阳             25.93    24.87    -4.24    ✗   -2.93    2.84   0.79   72.9   -5.91
002475   消费电子         20230201 影线后收阳             32.18    30.81    -4.41    ✗   -0.57    0.30   0.68   28.8    4.92
002156   趋势           20241226 影线后收阳             30.77    29.42    -4.54    ✗   -1.25    0.86   0.60    8.9   -2.50
600539   大牛股          20250506 影线后收阳             11.99    11.46    -4.57    ✗   -0.85    0.36   1.08   37.0   10.79
002407   大波动          20220719 影线后收阳             35.27    33.71    -4.58    ✗   -1.56    3.18   0.67   29.0    5.11
300750   新能源          20230710 影线后收阳            210.03   200.73    -4.58    ✗   -1.24    1.19   0.74   39.9   -3.33
300750   新能源          20241025 影线后收阳            245.13   232.45    -5.32    ✗   -1.53    2.42   0.50   40.7   -3.00
002407   大波动          20240617 影线后收阳             13.55    12.83    -5.47    ✗   -1.09    1.27   1.45   27.3    0.08
002475   消费电子         20230223 回调反转买入            30.78    29.07    -5.71    ✗   -1.16    1.84   1.02   33.4   -3.21
002475   消费电子         20251212 影线后收阳             60.08    56.48    -6.14    ✗   -2.08    3.32   0.89   27.9   -3.06
300750   新能源          20250303 影线后收阳            261.01   243.98    -6.67    ✗   -2.06   19.63   0.88   31.2   -2.02
600539   大牛股          20260318 影线后收阳             12.26    11.45    -6.76    ✗   -4.51    1.65   0.57   32.6   -2.79
600539   大牛股          20260226 多头排列形成            11.76    10.98    -6.78    ✗    1.31    0.50   2.11   14.2    6.01
002407   大波动          20240509 影线后收阳             14.06    13.08    -7.12    ✗   -2.22    0.76   0.79   35.0    3.96
002475   消费电子         20260602 影线后收阳             73.86    68.63    -7.23    ✗   -3.61    0.71   1.19   16.5   -1.23
600539   大牛股          20220908 影线后收阳              7.04     6.53    -7.39    ✗   -1.58    0.00   0.75   13.6   -0.29
002156   趋势           20221115 多头排列形成            19.03    17.47    -8.34    ✗    3.12    2.75   0.81   66.2   -3.20
002407   大波动          20241121 多头排列形成            14.15    12.99    -8.34    ✗    1.99    0.42   0.91   43.3    4.80
002156   趋势           20230303 影线后收阳             24.00    21.98    -8.56    ✗   -3.71    0.82   0.68   55.9   -2.64
002156   趋势           20230721 影线后收阳             24.36    22.11    -9.38    ✗   -3.49    1.12   1.06   31.2    3.10
002156   趋势           20260624 影线后收阳             74.64    67.37    -9.88    ✗   -2.26    1.02   0.89   22.8    1.79

==========================================================================================
分析完成
==========================================================================================
