====================================================================================================
600539 交易复盘：每笔卖出后 60 日最高价 vs 卖出价
====================================================================================================
  2024-08-06买@3.84 -> 2024-08-12卖@3.75 (4天) 震荡市时间止损 pnl=-2497 | 卖后60日最高=7.64 (+103.7%)
  2024-12-03买@7.67 -> 2024-12-06卖@7.55 (3天) 震荡市时间止损 pnl=-1678 | 卖后60日最高=15.84 (+109.8%)
  2024-12-16买@7.76 -> 2024-12-17卖@7.25 (1天) 止损清仓 pnl=-6418 | 卖后60日最高=15.84 (+118.5%)
  2025-05-06买@11.99 -> 2025-05-21卖@11.80 (11天) 止损清仓 pnl=-1546 | 卖后60日最高=15.48 (+31.2%)
  2025-07-31买@13.73 -> 2025-08-07卖@12.74 (5天) 止损清仓 pnl=-6367 | 卖后60日最高=15.48 (+21.5%)
  2026-03-18买@12.26 -> 2026-03-20卖@11.45 (2天) 止损清仓 pnl=-5469 | 卖后60日最高=21.40 (+86.9%)
  2026-04-09买@15.08 -> 2026-05-13卖@18.25 (21天) 止盈清仓 pnl=+15709 | 卖后60日最高=19.96 (+9.4%)

====================================================================================================
600539 均线多头排列 & 粘合状态扫描（MA5/MA10/MA20）
====================================================================================================
  多头排列天数: 220 / 940 (23.4%)
  均线粘合天数: 412 / 940 (43.8%)
  粘合后突破次数: 126

====================================================================================================
600539 关键阶段均线状态分析
====================================================================================================
  2024-08-06 买入#1                 close=3.84 MA5=3.81 MA10=3.70 MA20=3.63 MA60=3.96 | 交叉混乱 粘合度=4.99% 偏离MA20=+5.8% ADX=17.6 +DI=27.3 -DI=20.2 ATR%=3.40%
  2024-08-12 卖出#1(震荡止损)           close=3.75 MA5=3.81 MA10=3.80 MA20=3.67 MA60=3.89 | 交叉混乱 粘合度=3.80% 偏离MA20=+2.2% ADX=18.7 +DI=23.2 -DI=20.9 ATR%=3.37%
  2024-12-03 买入#2                 close=7.67 MA5=7.41 MA10=7.30 MA20=7.22 MA60=5.46 | 多头排列 粘合度=2.61% 偏离MA20=+6.2% ADX=17.0 +DI=27.7 -DI=20.2 ATR%=5.62%
  2024-12-06 卖出#2(震荡止损)           close=7.55 MA5=7.56 MA10=7.44 MA20=7.33 MA60=5.65 | 多头排列 粘合度=3.10% 偏离MA20=+3.0% ADX=12.8 +DI=24.2 -DI=14.2 ATR%=4.93%
  2024-12-16 买入#3                 close=7.76 MA5=7.69 MA10=7.61 MA20=7.42 MA60=6.03 | 多头排列 粘合度=3.60% 偏离MA20=+4.5% ADX=27.7 +DI=21.1 -DI=11.9 ATR%=4.71%
  2024-12-17 卖出#3(止损)             close=7.25 MA5=7.65 MA10=7.57 MA20=7.44 MA60=6.08 | 多头排列 粘合度=2.92% 偏离MA20=-2.5% ADX=24.3 +DI=19.7 -DI=16.1 ATR%=5.40%
  2025-05-06 买入#4                 close=11.99 MA5=11.48 MA10=10.84 MA20=10.30 MA60=10.22 | 多头排列 粘合度=11.40% 偏离MA20=+16.4% ADX=46.0 +DI=38.3 -DI=6.1 ATR%=4.87%
  2025-05-21 卖出#4(止损)             close=11.80 MA5=12.08 MA10=12.02 MA20=11.54 MA60=10.97 | 多头排列 粘合度=4.69% 偏离MA20=+2.2% ADX=72.9 +DI=33.9 -DI=11.9 ATR%=4.47%
  2025-07-31 买入#5                 close=13.73 MA5=13.38 MA10=12.41 MA20=11.81 MA60=11.28 | 多头排列 粘合度=13.27% 偏离MA20=+16.3% ADX=62.0 +DI=50.9 -DI=14.9 ATR%=4.50%
  2025-08-07 卖出#5(止损)             close=12.74 MA5=13.63 MA10=13.50 MA20=12.45 MA60=11.42 | 多头排列 粘合度=9.50% 偏离MA20=+2.3% ADX=56.5 +DI=51.5 -DI=10.2 ATR%=6.69%
  2026-03-18 买入#6                 close=12.26 MA5=12.15 MA10=12.10 MA20=11.66 MA60=10.95 | 多头排列 粘合度=4.19% 偏离MA20=+5.1% ADX=28.5 +DI=23.4 -DI=18.2 ATR%=5.31%
  2026-03-20 卖出#6(止损)             close=11.45 MA5=11.96 MA10=12.15 MA20=11.73 MA60=11.00 | 交叉混乱 粘合度=3.63% 偏离MA20=-2.3% ADX=22.6 +DI=22.0 -DI=12.6 ATR%=6.04%
  2026-04-09 买入#7(盈利单)            close=15.08 MA5=14.32 MA10=14.40 MA20=13.17 MA60=11.80 | 交叉混乱 粘合度=9.33% 偏离MA20=+14.5% ADX=35.5 +DI=36.0 -DI=14.5 ATR%=7.27%
  2026-05-13 卖出#7(止盈)             close=18.25 MA5=19.51 MA10=18.67 MA20=17.44 MA60=14.06 | 多头排列 粘合度=11.86% 偏离MA20=+4.7% ADX=45.9 +DI=27.0 -DI=18.8 ATR%=8.49%

====================================================================================================
600539 主升浪期间买入信号分析（2025-04 ~ 2026-07）
====================================================================================================
  2025-04-09 close=9.21 ADX=79.2 X MA20下方(非回调反转),空头强趋势(-DI/+DI=13.10)
  2025-04-17 close=9.82 ADX=49.2 X MA20下方(非回调反转),空头强趋势(-DI/+DI=2.56)
  2025-04-21 close=9.98 ADX=40.5 X 空头强趋势(-DI/+DI=2.36)
  2025-04-28 close=11.52 ADX=22.5 可买入
  2025-05-06 close=11.99 ADX=46.0 可买入
  2025-05-08 close=11.94 ADX=66.5 X 长上影线(ratio=2.06>2.0)
  2025-06-09 close=10.90 ADX=31.1 X MA20下方(非回调反转),长上影线(ratio=6.00>1.5),空头强趋势(-DI/+DI=2.42)
  2025-06-16 close=10.42 ADX=44.8 X MA20下方(非回调反转),长上影线(ratio=1.85>1.5),空头强趋势(-DI/+DI=2.41)
  2025-06-23 close=10.27 ADX=28.1 X MA20下方(非回调反转),MA60下行(2.4%)
  2025-06-26 close=10.72 ADX=14.6 X 长上影线(ratio=4.50>1.5),MA60下行(3.7%)
  2025-07-11 close=11.60 ADX=73.5 X MA60下行(0.5%)
  2025-07-24 close=11.75 ADX=48.1 可买入
  2025-07-31 close=13.73 ADX=62.0 可买入
  2025-08-06 close=14.15 ADX=54.9 可买入
  2025-08-21 close=10.91 ADX=14.2 X MA20下方(非回调反转)
  2025-08-25 close=11.97 ADX=14.4 可买入
  2025-08-29 close=11.68 ADX=10.6 X MA20下方(非回调反转)
  2025-09-11 close=11.00 ADX=8.4 X MA20下方(非回调反转)
  2025-10-10 close=10.69 ADX=35.8 X 空头强趋势(-DI/+DI=2.05)
  2025-10-15 close=11.00 ADX=40.1 X 空头强趋势(-DI/+DI=2.88)
  2025-10-20 close=10.71 ADX=25.2 X MA60下行(1.0%)
  2025-10-31 close=10.70 ADX=19.0 X MA20下方(非回调反转),MA60下行(3.2%)
  2025-11-06 close=10.98 ADX=17.1 X 长上影线(ratio=1.67>1.5),MA60下行(4.6%)
  2025-11-10 close=11.38 ADX=21.4 X 长上影线(ratio=2.00>1.5),MA60下行(4.7%)
  2025-11-13 close=11.64 ADX=29.2 X MA60下行(4.3%)
  2025-11-28 close=11.00 ADX=12.7 X MA20下方(非回调反转),MA60下行(2.0%)
  2025-12-10 close=10.71 ADX=48.3 X MA20下方(非回调反转),空头强趋势(-DI/+DI=3.23),MA60下行(0.5%)
  2025-12-24 close=10.16 ADX=24.5 X MA20下方(非回调反转),MA60下行(1.6%)
  2025-12-31 close=10.18 ADX=10.6 X MA20下方(非回调反转),长上影线(ratio=2.67>1.5),MA60下行(1.5%)
  2026-01-08 close=10.30 ADX=15.7 X MA60下行(1.6%)
  2026-01-14 close=10.86 ADX=27.0 X 长上影线(ratio=2.00>1.5),MA60下行(1.3%)
  2026-01-20 close=11.54 ADX=45.9 X 长上影线(ratio=8.00>2.0),MA60下行(0.9%)
  2026-01-22 close=11.23 ADX=53.5 X MA60下行(0.6%)
  2026-02-13 close=11.10 ADX=16.3 X 长上影线(ratio=2.67>1.5)
  2026-03-11 close=12.60 ADX=25.7 X 长上影线(ratio=23.00>1.5)
  2026-03-16 close=12.35 ADX=34.9 X 长上影线(ratio=2.20>2.0)
  2026-03-18 close=12.26 ADX=28.5 可买入
  2026-03-27 close=14.21 ADX=22.0 X 5日涨24.1%>20%,3日涨21.0%>12%,长上影线(ratio=4.75>1.5)
  2026-04-09 close=15.08 ADX=35.5 可买入
  2026-04-14 close=15.95 ADX=48.6 X 长上影线(ratio=27.00>2.0)
  2026-04-16 close=16.27 ADX=56.9 可买入
  2026-04-22 close=16.54 ADX=48.8 可买入
  2026-04-24 close=16.87 ADX=47.0 可买入
  2026-05-06 close=18.72 ADX=55.6 可买入
  2026-05-22 close=14.85 ADX=18.1 X 长上影线(ratio=4.13>1.5)
  2026-06-01 close=16.02 ADX=32.4 X 空头强趋势(-DI/+DI=2.59)
  2026-06-08 close=15.40 ADX=37.0 X 空头强趋势(-DI/+DI=2.11)
  2026-06-12 close=16.34 ADX=23.2 X 长上影线(ratio=2.71>1.5)
  2026-06-26 close=14.32 ADX=31.9 X MA20下方(非回调反转),空头强趋势(-DI/+DI=2.30)
  2026-07-08 close=16.32 ADX=13.2 X 长上影线(ratio=2.76>1.5)
  2026-07-15 close=16.42 ADX=13.3 可买入
  2026-07-21 close=16.12 ADX=13.1 可买入

  总信号数(前日阴线+当日阳线+形态): 52

====================================================================================================
600539 均线粘合后突破买入回测分析
====================================================================================================
  粘合后突破信号数: 39
  20日持有胜率: 15/39 = 38.5%
  平均收益: 1.06%  中位数: -2.43%
  最大盈利: 39.28%  最大亏损: -17.42%

  前15笔粘合突破交易:
    2022-09-02 买@6.86 20日收益=+7.00% 最大浮盈=+13.41%
    2022-09-08 买@7.04 20日收益=+9.66% 最大浮盈=+14.63%
    2022-09-20 买@7.01 20日收益=-1.28% 最大浮盈=+21.26%
    2022-09-21 买@6.99 20日收益=-0.43% 最大浮盈=+21.60%
    2022-09-27 买@7.23 20日收益=-9.82% 最大浮盈=+17.57%
    2022-09-28 买@7.53 20日收益=-12.75% 最大浮盈=+12.88%
    2022-09-29 买@7.10 20日收益=-6.76% 最大浮盈=+19.72%
    2022-10-10 买@7.34 20日收益=-6.68% 最大浮盈=+15.80%
    2022-12-07 买@6.96 20日收益=-4.74% 最大浮盈=+6.47%
    2022-12-08 买@7.18 20日收益=-7.80% 最大浮盈=+3.20%
    2022-12-13 买@7.12 20日收益=-9.83% 最大浮盈=+3.65%
    2022-12-14 买@7.33 20日收益=-13.10% 最大浮盈=+0.68%
    2023-02-28 买@7.09 20日收益=+0.14% 最大浮盈=+17.35%
    2023-03-01 买@7.17 20日收益=-1.39% 最大浮盈=+16.04%
    2023-03-21 买@7.56 20日收益=-10.58% 最大浮盈=+10.05%

====================================================================================================
600539 多头排列首次形成 + 成交量放大 买入机会分析
====================================================================================================
  多头排列首次形成次数: 28
  20日持有胜率: 16/28 = 57.1%
  平均收益: 6.96%

  所有多头排列首次形成:
    2022-08-22 close=6.82 ADX=32.9 vol_ratio=0.86 MA60ok=True 20日收益=+2.79% 最大浮盈=+7.62%
    2022-09-09 close=6.96 ADX=22.4 vol_ratio=1.88 MA60ok=True 20日收益=+14.66% 最大浮盈=+16.38%
    2022-09-30 close=7.02 ADX=9.0 vol_ratio=0.74 MA60ok=True 20日收益=-4.70% 最大浮盈=+21.08%
    2023-02-15 close=7.08 ADX=76.6 vol_ratio=0.86 MA60ok=False 20日收益=-3.95% 最大浮盈=+2.12%
    2023-02-27 close=6.93 ADX=45.4 vol_ratio=1.30 MA60ok=True 20日收益=+3.32% 最大浮盈=+20.06%
    2023-03-02 close=7.18 ADX=43.2 vol_ratio=0.87 MA60ok=True 20日收益=-4.04% 最大浮盈=+15.88%
    2023-03-24 close=7.22 ADX=24.9 vol_ratio=0.88 MA60ok=True 20日收益=-8.03% 最大浮盈=+2.49%
    2023-07-20 close=6.87 ADX=39.8 vol_ratio=2.22 MA60ok=False 20日收益=+1.02% 最大浮盈=+3.35%
    2023-09-01 close=6.95 ADX=13.9 vol_ratio=0.73 MA60ok=True 20日收益=-4.60% 最大浮盈=+1.87%
    2023-11-15 close=7.12 ADX=51.6 vol_ratio=0.86 MA60ok=True 20日收益=+3.65% 最大浮盈=+7.87%
    2023-12-05 close=7.50 ADX=47.4 vol_ratio=0.77 MA60ok=True 20日收益=-1.47% 最大浮盈=+2.27%
    2023-12-18 close=7.45 ADX=19.2 vol_ratio=1.14 MA60ok=True 20日收益=-3.62% 最大浮盈=+0.81%
    2024-01-11 close=7.35 ADX=10.3 vol_ratio=0.91 MA60ok=True 20日收益=-47.62% 最大浮盈=+1.22%
    2024-09-06 close=3.78 ADX=7.6 vol_ratio=0.92 MA60ok=False 20日收益=+20.90% 最大浮盈=+36.51%
    2024-09-24 close=4.05 ADX=28.0 vol_ratio=0.94 MA60ok=True 20日收益=+55.31% 最大浮盈=+60.25%
    2024-10-21 close=4.77 ADX=61.0 vol_ratio=1.41 MA60ok=True 20日收益=+43.61% 最大浮盈=+70.86%
    2024-11-27 close=7.21 ADX=39.4 vol_ratio=0.75 MA60ok=True 20日收益=-3.05% 最大浮盈=+12.21%
    2025-01-17 close=9.69 ADX=23.0 vol_ratio=1.49 MA60ok=True 20日收益=+22.81% 最大浮盈=+22.81%
    2025-02-10 close=8.12 ADX=10.6 vol_ratio=0.84 MA60ok=True 20日收益=+43.47% 最大浮盈=+95.07%
    2025-02-13 close=8.55 ADX=9.0 vol_ratio=0.65 MA60ok=True 20日收益=+28.77% 最大浮盈=+85.26%
    2025-04-25 close=10.47 ADX=22.6 vol_ratio=0.86 MA60ok=True 20日收益=+3.82% 最大浮盈=+23.69%
    2025-07-25 close=12.53 ADX=51.4 vol_ratio=1.75 MA60ok=True 20日收益=-13.17% 最大浮盈=+23.54%
    2025-11-12 close=11.50 ADX=25.1 vol_ratio=0.80 MA60ok=False 20日收益=-6.87% 最大浮盈=+4.17%
    2026-01-28 close=11.00 ADX=66.0 vol_ratio=0.82 MA60ok=True 20日收益=-0.36% 最大浮盈=+8.36%
    2026-02-26 close=11.76 ADX=20.9 vol_ratio=1.25 MA60ok=True 20日收益=+9.86% 最大浮盈=+13.78%
    2026-03-10 close=12.40 ADX=21.4 vol_ratio=1.38 MA60ok=True 20日收益=+16.13% 最大浮盈=+27.42%
    2026-03-27 close=14.21 ADX=22.0 vol_ratio=1.03 MA60ok=True 20日收益=+23.08% 最大浮盈=+28.64%
    2026-04-14 close=15.95 ADX=48.6 vol_ratio=1.10 MA60ok=True 20日收益=+3.07% 最大浮盈=+34.17%
