==================================================================================================================================
  TRIX 交叉策略优化版 -- 全面评测
  标的数: 30 只 | K线: 800 根 | 资金: 1,000,000 元 | 预热: 120 根
  策略对比: 原版TRIX(金叉买/死叉卖) vs 优化版TRIX(MA120趋势+波动率+动态离场)
  数据源: MAC 客户端（通达信 MAC 协议），前复权日线
==================================================================================================================================

>> Step 1: 逐股双策略回测 (30 只)
  [1/30] 贵州茅台(600519.SH) [白酒消费] ... 原版= -39.57% 优化=  -9.38% 持有= -10.30% 改进=+30.19pp 交易(原/优)=18/5
  [2/30] 五粮液(000858.SZ) [白酒消费] ... 原版= -14.88% 优化=  -8.70% 持有= -49.73% 改进= +6.18pp 交易(原/优)=14/4
  [3/30] 泸州老窖(000568.SZ) [白酒消费] ... 原版=  -4.47% 优化= -26.68% 持有= -57.79% 改进=-22.21pp 交易(原/优)=11/4
  [4/30] 洋河股份(002304.SZ) [白酒消费] ... 原版= -25.96% 优化=  +0.00% 持有= -68.68% 改进=+25.96pp 交易(原/优)=15/0
  [5/30] 中国平安(601318.SH) [金融] ... 原版= +41.38% 优化= +21.42% 持有= +51.21% 改进=-19.96pp 交易(原/优)=16/4
  [6/30] 招商银行(600036.SH) [金融] ... 原版= +34.86% 优化=  -6.65% 持有= +54.36% 改进=-41.51pp 交易(原/优)=17/5
  [7/30] 兴业银行(601166.SH) [金融] ... 原版= +36.78% 优化= -10.02% 持有= +50.20% 改进=-46.80pp 交易(原/优)=15/6
  [8/30] 广发证券(000776.SZ) [金融] ... 原版= +41.08% 优化= +77.21% 持有= +38.53% 改进=+36.13pp 交易(原/优)=16/5
  [9/30] 京东方A(000725.SZ) [科技电子] ... 原版= +52.64% 优化=  +1.88% 持有= +24.71% 改进=-50.76pp 交易(原/优)=17/5
  [10/30] 立讯精密(002475.SZ) [科技电子] ... 原版=+164.59% 优化= +65.97% 持有= +85.08% 改进=-98.62pp 交易(原/优)=12/6
  [11/30] 东方财富(300059.SZ) [科技电子] ... 原版= +85.61% 优化=  -6.42% 持有=  +9.88% 改进=-92.03pp 交易(原/优)=14/2
  [12/30] 四维图新(002405.SZ) [科技电子] ... 原版=  +2.30% 优化=  -2.73% 持有= -55.00% 改进= -5.03pp 交易(原/优)=12/1
  [13/30] 恒瑞医药(600276.SH) [医药] ... 原版= -17.42% 优化=  -6.03% 持有= +19.61% 改进=+11.39pp 交易(原/优)=17/6
  [14/30] 云南白药(000538.SZ) [医药] ... 原版= -24.71% 优化=  -8.04% 持有= +12.36% 改进=+16.67pp 交易(原/优)=18/4
  [15/30] 爱尔眼科(300015.SZ) [医药] ... 原版= +15.72% 优化=  +0.00% 持有= -60.67% 改进=-15.72pp 交易(原/优)=14/0
  [16/30] 宁德时代(300750.SZ) [新能源] ... 原版=+106.87% 优化= +42.74% 持有=+102.06% 改进=-64.13pp 交易(原/优)=13/3
  [17/30] 比亚迪(002594.SZ) [新能源] ... 原版= +53.56% 优化=  -8.38% 持有= +21.56% 改进=-61.94pp 交易(原/优)=14/2
  [18/30] 隆基绿能(601012.SH) [新能源] ... 原版= +16.99% 优化=  -2.35% 持有= -66.62% 改进=-19.34pp 交易(原/优)=14/2
  [19/30] 紫金矿业(601899.SH) [周期资源] ... 原版= +14.51% 优化= +93.94% 持有=+166.75% 改进=+79.43pp 交易(原/优)=16/7
  [20/30] 海螺水泥(600585.SH) [周期资源] ... 原版= +47.84% 优化=  -1.16% 持有= -26.06% 改进=-49.00pp 交易(原/优)=13/2
  [21/30] 中国铝业(601600.SH) [周期资源] ... 原版= -16.11% 优化=  +9.94% 持有= +67.25% 改进=+26.05pp 交易(原/优)=18/7
  [22/30] 多氟多(002407.SZ) [中小盘] ... 原版= +37.42% 优化=  -7.96% 持有= +38.53% 改进=-45.39pp 交易(原/优)=17/9
  [23/30] 利亚德(300296.SZ) [中小盘] ... 原版= -27.43% 优化= -34.25% 持有= -21.54% 改进= -6.82pp 交易(原/优)=15/6
  [24/30] 大华股份(002236.SZ) [中小盘] ... 原版= +14.03% 优化=  -9.37% 持有= -33.82% 改进=-23.40pp 交易(原/优)=14/3
  [25/30] 中国建筑(601668.SH) [大盘蓝筹] ... 原版=  -8.14% 优化= +10.38% 持有= -12.36% 改进=+18.52pp 交易(原/优)=16/4
  [26/30] 中国国航(601111.SH) [大盘蓝筹] ... 原版= -33.94% 优化= -21.94% 持有= -42.95% 改进=+12.00pp 交易(原/优)=16/5
  [27/30] 中国石化(600028.SH) [大盘蓝筹] ... 原版= -26.00% 优化= -24.64% 持有=  +2.14% 改进= +1.36pp 交易(原/优)=18/8
  [28/30] 平煤股份(601666.SH) [超跌低价] ... 原版= -32.29% 优化=  +1.41% 持有=  +7.93% 改进=+33.71pp 交易(原/优)=16/8
  [29/30] 有研新材(600206.SH) [超跌低价] ... 原版=+198.42% 优化=+178.78% 持有=+132.99% 改进=-19.63pp 交易(原/优)=15/5
  [30/30] 正虹科技(000703.SZ) [超跌低价] ... 原版=  +7.29% 优化=  -6.59% 持有= +77.07% 改进=-13.89pp 交易(原/优)=17/8

  回测完成 (耗时 6.7s)

>> Step 2: 汇总分析

==========================================================================================================================================================================
  逐股明细：原版 TRIX vs 优化版 TRIX vs 买入持有
==========================================================================================================================================================================
股票           代码       分组            原版收益      优化收益      买入持有       改进     原版回撤     优化回撤     原版夏普     优化夏普     原版胜率     优化胜率   原版交易   优化交易
--------------------------------------------------------------------------------------------------------------------------------------------------------------------------
贵州茅台         600519   白酒消费       -39.57%    -9.38%   -10.30%  +30.19pp   46.63%    9.38%   -1.378   -1.398    16.7%     0.0%     18      5
五粮液          000858   白酒消费       -14.88%    -8.70%   -49.73%   +6.18pp   33.68%   20.18%   -0.342   -0.536    28.6%    25.0%     14      4
泸州老窖         000568   白酒消费        -4.47%   -26.68%   -57.79%  -22.21pp   37.38%   26.94%   -0.074   -1.211    36.4%     0.0%     11      4
洋河股份         002304   白酒消费       -25.96%    +0.00%   -68.68%  +25.96pp   35.96%    0.00%   -0.641    0.000    13.3%     0.0%     15      0
中国平安         601318   金融         +41.38%   +21.42%   +51.21%  -19.96pp   30.07%   15.45%    0.497    0.365    50.0%    75.0%     16      4
招商银行         600036   金融         +34.86%    -6.65%   +54.36%  -41.51pp   15.09%    9.19%    0.476   -1.085    52.9%    20.0%     17      5
兴业银行         601166   金融         +36.78%   -10.02%   +50.20%  -46.80pp   15.83%   18.18%    0.469   -0.896    40.0%     0.0%     15      6
广发证券         000776   金融         +41.08%   +77.21%   +38.53%  +36.13pp   20.38%   16.60%    0.471    0.926    50.0%    80.0%     16      5
京东方A         000725   科技电子       +52.64%    +1.88%   +24.71%  -50.76pp   19.33%    7.32%    0.527   -0.324    23.5%    20.0%     17      5
立讯精密         002475   科技电子      +164.59%   +65.97%   +85.08%  -98.62pp   22.49%   20.27%    1.084    0.755    58.3%    66.7%     12      6
东方财富         300059   科技电子       +85.61%    -6.42%    +9.88%  -92.03pp   20.21%    7.63%    0.669   -0.752    50.0%     0.0%     14      2
四维图新         002405   科技电子        +2.30%    -2.73%   -55.00%   -5.03pp   32.10%    5.48%    0.043   -0.826    25.0%     0.0%     12      1
恒瑞医药         600276   医药         -17.42%    -6.03%   +19.61%  +11.39pp   36.16%   15.18%   -0.346   -0.568    35.3%    33.3%     17      6
云南白药         000538   医药         -24.71%    -8.04%   +12.36%  +16.67pp   31.66%   10.62%   -0.899   -1.580    27.8%     0.0%     18      4
爱尔眼科         300015   医药         +15.72%    +0.00%   -60.67%  -15.72pp   34.25%    0.00%    0.197    0.000    21.4%     0.0%     14      0
宁德时代         300750   新能源       +106.87%   +42.74%  +102.06%  -64.13pp   30.87%   10.05%    0.794    0.673    61.5%    66.7%     13      3
比亚迪          002594   新能源        +53.56%    -8.38%   +21.56%  -61.94pp   21.94%    9.11%    0.576   -2.165    42.9%     0.0%     14      2
隆基绿能         601012   新能源        +16.99%    -2.35%   -66.62%  -19.34pp   38.60%    5.48%    0.211   -0.836    28.6%    50.0%     14      2
紫金矿业         601899   周期资源       +14.51%   +93.94%  +166.75%  +79.43pp   42.75%   16.35%    0.181    1.002    25.0%    57.1%     16      7
海螺水泥         600585   周期资源       +47.84%    -1.16%   -26.06%  -49.00pp   17.95%    3.91%    0.571   -1.070    46.2%    50.0%     13      2
中国铝业         601600   周期资源       -16.11%    +9.94%   +67.25%  +26.05pp   44.23%   22.71%   -0.163    0.079    27.8%    28.6%     18      7
多氟多          002407   中小盘        +37.42%    -7.96%   +38.53%  -45.39pp   42.62%   35.50%    0.373   -0.148    41.2%    22.2%     17      9
利亚德          300296   中小盘        -27.43%   -34.25%   -21.54%   -6.82pp   40.42%   34.25%   -0.208   -0.641    46.7%    16.7%     15      6
大华股份         002236   中小盘        +14.03%    -9.37%   -33.82%  -23.40pp   23.81%    9.37%    0.166   -1.302    35.7%     0.0%     14      3
中国建筑         601668   大盘蓝筹        -8.14%   +10.38%   -12.36%  +18.52pp   27.76%   10.75%   -0.252    0.069    37.5%    75.0%     16      4
中国国航         601111   大盘蓝筹       -33.94%   -21.94%   -42.95%  +12.00pp   38.91%   22.30%   -0.753   -1.296    18.8%    20.0%     16      5
中国石化         600028   大盘蓝筹       -26.00%   -24.64%    +2.14%   +1.36pp   38.73%   25.88%   -0.548   -1.244    22.2%    12.5%     18      8
平煤股份         601666   超跌低价       -32.29%    +1.41%    +7.93%  +33.71pp   53.23%   29.10%   -0.440   -0.066    31.2%    25.0%     16      8
有研新材         600206   超跌低价      +198.42%  +178.78%  +132.99%  -19.63pp   33.19%   26.00%    1.013    1.087    66.7%    40.0%     15      5
正虹科技         000703   超跌低价        +7.29%    -6.59%   +77.07%  -13.89pp   38.55%   14.75%    0.108   -0.409    41.2%    25.0%     17      8

============================================================================================================================================
  分组汇总
============================================================================================================================================
分组           数量       原版均收       优化均收       买入持有      平均改进      原版回撤      优化回撤      原版夏普      优化夏普    原版交易    优化交易     原版跑赢     优化跑赢     优化更优
--------------------------------------------------------------------------------------------------------------------------------------------
白酒消费          4    -21.22%    -11.19%    -46.63%   +10.03pp    38.41%    14.13%    -0.609    -0.786      58      13    3/4      4/4      3/4  
金融            4    +38.53%    +20.49%    +48.57%   -18.03pp    20.34%    14.86%     0.478    -0.172      64      20    1/4      1/4      1/4  
科技电子          4    +76.29%    +14.68%    +16.17%   -61.61pp    23.53%    10.18%     0.581    -0.287      55      14    4/4      1/4      0/4  
医药            3     -8.80%     -4.69%     -9.57%    +4.11pp    34.02%     8.60%    -0.349    -0.716      49      10    1/3      1/3      2/3  
新能源           3    +59.14%    +10.67%    +19.00%   -48.47pp    30.47%     8.21%     0.527    -0.776      41       7    3/3      1/3      0/3  
周期资源          3    +15.41%    +34.24%    +69.31%   +18.83pp    34.98%    14.32%     0.196     0.003      47      16    1/3      1/3      2/3  
中小盘           3     +8.01%    -17.19%     -5.61%   -25.20pp    35.62%    26.37%     0.111    -0.697      46      18    1/3      1/3      0/3  
大盘蓝筹          3    -22.70%    -12.07%    -17.72%   +10.63pp    35.14%    19.65%    -0.518    -0.824      50      17    2/3      2/3      3/3  
超跌低价          3    +57.81%    +57.87%    +72.66%    +0.06pp    41.66%    23.28%     0.227     0.204      48      21    1/3      1/3      1/3  

====================================================================================================
  ★ 全局汇总：原版 TRIX vs 优化版 TRIX ★
====================================================================================================

  指标                            原版TRIX         优化版TRIX            买入持有      差异(优-原)
  --------------------------------------------------------------------------------
  平均收益率                        +23.37%         +10.08%         +15.22%      -13.29pp
  正收益比例                18/30 ( 60.0%)  10/30 ( 33.3%)
  跑赢买入持有               17/30 ( 56.7%)  13/30 ( 43.3%)
  优化版优于原版                              12/30 ( 40.0%)
  平均最大回撤                        32.16%          15.26%                      -16.90pp
  平均夏普比率                         0.079          -0.447                       -0.526
  平均Sortino比率                    0.186 -4648142601703812.000                 -4648142601703812.000
  平均Calmar比率                     0.253           0.097                       -0.156
  平均胜率                           36.7%           27.0%                        -9.8pp
  平均盈亏比                           1.86            3.69                        +1.84
  总交易笔数                            458             136                         -322
  平均持仓天数                          32.2            16.8                        -15.4
  平均年化波动率                       24.24%          10.31%                      -13.93pp

  --- 交易频率分析 ---
  原版总交易数:     458
  优化版总交易数:   136
  交易减少数:       322
  交易减少比例:     70.3%

  --- 优化改进效果分析 ---
  平均收益改进:     -13.29pp
  最大收益改进:     +79.43pp
  最小收益改进:     -98.62pp
  优化版更好:       12/30 (40.0%)
  原版更好:         18/30 (60.0%)
  两者接近(±1%):    0/30

  --- 优化版收益率分布 ---
    < -30%           1 #
    -30% ~ -10%      4 ####
    -10% ~ 0%       13 #############
    0% ~ 10%         5 #####
    10% ~ 30%        2 ##
    30% ~ 50%        1 #
    50% ~ 80%        2 ##
    > 80%            2 ##

  --- 回撤改善分析 ---
  回撤改善的股票:   29/30 (96.7%)
  回撤恶化的股票:   1/30 (3.3%)
  平均回撤改善:     +16.90pp

==================================================================================================================================
  评测完成
==================================================================================================================================
