============================================================================================================================================
  TRIX 优化策略参数扫描 V2 -- 精细搜索
  标的数: 30 只 | K线: 800 根
  扫描维度: atr_mult=[4.0, 5.0, 6.0, 8.0, 10.0, 99.0]
            ma_fast=[10, 15]
            ma_mid=[10, 15, 20, 30]
            ma_trend=[60]
  总组合数: 48
  总回测数: 1440
============================================================================================================================================
>> 加载数据 (30 只)...
  [1/30] 贵州茅台(600519.SH)... OK (800 根)
  [2/30] 五粮液(000858.SZ)... OK (800 根)
  [3/30] 泸州老窖(000568.SZ)... OK (800 根)
  [4/30] 洋河股份(002304.SZ)... OK (800 根)
  [5/30] 中国平安(601318.SH)... OK (800 根)
  [6/30] 招商银行(600036.SH)... OK (800 根)
  [7/30] 兴业银行(601166.SH)... OK (800 根)
  [8/30] 广发证券(000776.SZ)... OK (800 根)
  [9/30] 京东方A(000725.SZ)... OK (800 根)
  [10/30] 立讯精密(002475.SZ)... OK (800 根)
  [11/30] 东方财富(300059.SZ)... OK (800 根)
  [12/30] 四维图新(002405.SZ)... OK (800 根)
  [13/30] 恒瑞医药(600276.SH)... OK (800 根)
  [14/30] 云南白药(000538.SZ)... OK (800 根)
  [15/30] 爱尔眼科(300015.SZ)... OK (800 根)
  [16/30] 宁德时代(300750.SZ)... OK (800 根)
  [17/30] 比亚迪(002594.SZ)... OK (800 根)
  [18/30] 隆基绿能(601012.SH)... OK (800 根)
  [19/30] 紫金矿业(601899.SH)... OK (800 根)
  [20/30] 海螺水泥(600585.SH)... OK (800 根)
  [21/30] 中国铝业(601600.SH)... OK (800 根)
  [22/30] 多氟多(002407.SZ)... OK (800 根)
  [23/30] 利亚德(300296.SZ)... OK (800 根)
  [24/30] 大华股份(002236.SZ)... OK (800 根)
  [25/30] 中国建筑(601668.SH)... OK (800 根)
  [26/30] 中国国航(601111.SH)... OK (800 根)
  [27/30] 中国石化(600028.SH)... OK (800 根)
  [28/30] 平煤股份(601666.SH)... OK (800 根)
  [29/30] 有研新材(600206.SH)... OK (800 根)
  [30/30] 正虹科技(000703.SZ)... OK (800 根)
  成功加载 30/30 只

>> 运行基线 (原版 TRIX)...
   基线完成 (耗时 1.4s)

>> 网格扫描 (48 组合)...
  [1/48] ATR= 4.0 MA10 mid10 趋势MA60  收益=+6.57% 中位=-8.26% 回撤=27.72% 交易=146 持仓=47.0d 评分=-7.29 [纯ATR]  (1s/ETA 26s)
  [2/48] ATR= 4.0 MA10 mid15 趋势MA60  收益=-1.60% 中位=-4.53% 回撤=17.12% 交易=186 持仓=10.1d 评分=-10.16 [ATR+快线]  (1s/ETA 28s)
  [3/48] ATR= 4.0 MA10 mid20 趋势MA60  收益=-1.20% 中位=-4.53% 回撤=16.77% 交易=186 持仓=9.6d 评分=-9.58 [ATR+快线]  (2s/ETA 28s)
  [4/48] ATR= 4.0 MA10 mid30 趋势MA60  收益=-0.99% 中位=-4.24% 回撤=16.55% 交易=186 持仓=9.6d 评分=-9.27 [ATR+快线]  (3s/ETA 28s)
  [5/48] ATR= 4.0 MA15 mid10 趋势MA60  收益=+7.07% 中位=-2.76% 回撤=16.33% 交易=139 持仓=18.8d 评分=-1.09 [ATR+快线]  (3s/ETA 27s)
  [6/48] ATR= 4.0 MA15 mid15 趋势MA60  收益=+7.13% 中位=-1.62% 回撤=23.15% 交易=113 持仓=44.2d 评分=-4.45 [纯ATR]  (4s/ETA 25s)
  [7/48] ATR= 4.0 MA15 mid20 趋势MA60  收益=+9.12% 中位=-5.15% 回撤=15.02% 交易=139 持仓=15.2d 评分=+1.61 [ATR+快线]  (4s/ETA 24s)
  [8/48] ATR= 4.0 MA15 mid30 趋势MA60  收益=+7.57% 中位=-3.85% 回撤=14.66% 交易=140 持仓=14.5d 评分=+0.24 [ATR+快线]  (5s/ETA 23s)
  [9/48] ATR= 5.0 MA10 mid10 趋势MA60  收益=+6.72% 中位=-7.61% 回撤=30.10% 交易=127 持仓=68.7d 评分=-8.33 [纯ATR]  (5s/ETA 22s)
  [10/48] ATR= 5.0 MA10 mid15 趋势MA60  收益=-1.64% 中位=-3.47% 回撤=17.14% 交易=186 持仓=10.5d 评分=-10.21 [ATR+快线]  (6s/ETA 21s)
  [11/48] ATR= 5.0 MA10 mid20 趋势MA60  收益=-1.32% 中位=-3.47% 回撤=16.97% 交易=186 持仓=9.9d 评分=-9.80 [ATR+快线]  (6s/ETA 21s)
  [12/48] ATR= 5.0 MA10 mid30 趋势MA60  收益=-1.19% 中位=-3.47% 回撤=16.81% 交易=186 持仓=9.9d 评分=-9.59 [ATR+快线]  (7s/ETA 21s)
  [13/48] ATR= 5.0 MA15 mid10 趋势MA60  收益=+6.77% 中位=-5.49% 回撤=16.99% 交易=139 持仓=19.5d 评分=-1.73 [ATR+快线]  (7s/ETA 20s)
  [14/48] ATR= 5.0 MA15 mid15 趋势MA60  收益=+9.26% 中位=-1.54% 回撤=25.35% 交易=95 持仓=69.4d 评分=-3.42 [纯ATR]  (8s/ETA 19s)
  [15/48] ATR= 5.0 MA15 mid20 趋势MA60  收益=+10.08% 中位=-2.73% 回撤=15.26% 交易=136 持仓=16.8d 评分=+2.45 [ATR+快线]  (8s/ETA 19s)
  [16/48] ATR= 5.0 MA15 mid30 趋势MA60  收益=+7.92% 中位=-3.31% 回撤=15.01% 交易=139 持仓=15.1d 评分=+0.42 [ATR+快线]  (9s/ETA 18s)
  [17/48] ATR= 6.0 MA10 mid10 趋势MA60  收益=+6.83% 中位=-9.44% 回撤=31.30% 交易=111 持仓=93.5d 评分=-8.82 [纯ATR]  (9s/ETA 17s)
  [18/48] ATR= 6.0 MA10 mid15 趋势MA60  收益=-1.21% 中位=-3.47% 回撤=16.98% 交易=184 持仓=10.9d 评分=-9.70 [ATR+快线]  (10s/ETA 17s)
  [19/48] ATR= 6.0 MA10 mid20 趋势MA60  收益=-0.90% 中位=-3.47% 回撤=16.84% 交易=184 持仓=10.3d 评分=-9.33 [ATR+快线]  (11s/ETA 16s)
  [20/48] ATR= 6.0 MA10 mid30 趋势MA60  收益=-1.26% 中位=-4.24% 回撤=17.01% 交易=185 持仓=10.2d 评分=-9.76 [ATR+快线]  (11s/ETA 16s)
  [21/48] ATR= 6.0 MA15 mid10 趋势MA60  收益=+6.73% 中位=-5.49% 回撤=17.12% 交易=139 持仓=19.7d 评分=-1.83 [ATR+快线]  (12s/ETA 15s)
  [22/48] ATR= 6.0 MA15 mid15 趋势MA60  收益=+11.41% 中位=-0.32% 回撤=26.59% 交易=83 持仓=92.4d 评分=-1.89 [纯ATR]  (12s/ETA 14s)
  [23/48] ATR= 6.0 MA15 mid20 趋势MA60  收益=+10.32% 中位=-2.73% 回撤=15.39% 交易=134 持仓=18.1d 评分=+2.63 [ATR+快线]  (13s/ETA 14s)
  [24/48] ATR= 6.0 MA15 mid30 趋势MA60  收益=+7.82% 中位=-3.31% 回撤=15.12% 交易=139 持仓=15.3d 评分=+0.27 [ATR+快线]  (13s/ETA 13s)
  [25/48] ATR= 8.0 MA10 mid10 趋势MA60  收益=+0.00% 中位=+0.00% 回撤=0.00% 交易=0 持仓=0.0d 评分=+0.00 [纯ATR]  (13s/ETA 12s)
  [26/48] ATR= 8.0 MA10 mid15 趋势MA60  收益=+0.00% 中位=+0.00% 回撤=0.00% 交易=0 持仓=0.0d 评分=+0.00 [ATR+快线]  (13s/ETA 11s)
  [27/48] ATR= 8.0 MA10 mid20 趋势MA60  收益=+0.00% 中位=+0.00% 回撤=0.00% 交易=0 持仓=0.0d 评分=+0.00 [ATR+快线]  (13s/ETA 10s)
  [28/48] ATR= 8.0 MA10 mid30 趋势MA60  收益=+0.00% 中位=+0.00% 回撤=0.00% 交易=0 持仓=0.0d 评分=+0.00 [ATR+快线]  (13s/ETA 9s)
  [29/48] ATR= 8.0 MA15 mid10 趋势MA60  收益=+0.00% 中位=+0.00% 回撤=0.00% 交易=0 持仓=0.0d 评分=+0.00 [ATR+快线]  (13s/ETA 9s)
  [30/48] ATR= 8.0 MA15 mid15 趋势MA60  收益=+0.00% 中位=+0.00% 回撤=0.00% 交易=0 持仓=0.0d 评分=+0.00 [纯ATR]  (13s/ETA 8s)
  [31/48] ATR= 8.0 MA15 mid20 趋势MA60  收益=+0.00% 中位=+0.00% 回撤=0.00% 交易=0 持仓=0.0d 评分=+0.00 [ATR+快线]  (13s/ETA 7s)
  [32/48] ATR= 8.0 MA15 mid30 趋势MA60  收益=+0.00% 中位=+0.00% 回撤=0.00% 交易=0 持仓=0.0d 评分=+0.00 [ATR+快线]  (13s/ETA 7s)
  [33/48] ATR=10.0 MA10 mid10 趋势MA60  收益=+0.00% 中位=+0.00% 回撤=0.00% 交易=0 持仓=0.0d 评分=+0.00 [纯ATR]  (13s/ETA 6s)
  [34/48] ATR=10.0 MA10 mid15 趋势MA60  收益=+0.00% 中位=+0.00% 回撤=0.00% 交易=0 持仓=0.0d 评分=+0.00 [ATR+快线]  (13s/ETA 5s)
  [35/48] ATR=10.0 MA10 mid20 趋势MA60  收益=+0.00% 中位=+0.00% 回撤=0.00% 交易=0 持仓=0.0d 评分=+0.00 [ATR+快线]  (13s/ETA 5s)
  [36/48] ATR=10.0 MA10 mid30 趋势MA60  收益=+0.00% 中位=+0.00% 回撤=0.00% 交易=0 持仓=0.0d 评分=+0.00 [ATR+快线]  (13s/ETA 4s)
  [37/48] ATR=10.0 MA15 mid10 趋势MA60  收益=+0.00% 中位=+0.00% 回撤=0.00% 交易=0 持仓=0.0d 评分=+0.00 [ATR+快线]  (13s/ETA 4s)
  [38/48] ATR=10.0 MA15 mid15 趋势MA60  收益=+0.00% 中位=+0.00% 回撤=0.00% 交易=0 持仓=0.0d 评分=+0.00 [纯ATR]  (13s/ETA 3s)
  [39/48] ATR=10.0 MA15 mid20 趋势MA60  收益=+0.00% 中位=+0.00% 回撤=0.00% 交易=0 持仓=0.0d 评分=+0.00 [ATR+快线]  (13s/ETA 3s)
  [40/48] ATR=10.0 MA15 mid30 趋势MA60  收益=+0.00% 中位=+0.00% 回撤=0.00% 交易=0 持仓=0.0d 评分=+0.00 [ATR+快线]  (13s/ETA 3s)
  [41/48] ATR=   无 MA10 mid10 趋势MA60  收益=+0.00% 中位=+0.00% 回撤=0.00% 交易=0 持仓=0.0d 评分=+0.00 [纯ATR]  (13s/ETA 2s)
  [42/48] ATR=   无 MA10 mid15 趋势MA60  收益=+0.00% 中位=+0.00% 回撤=0.00% 交易=0 持仓=0.0d 评分=+0.00 [ATR+快线]  (13s/ETA 2s)
  [43/48] ATR=   无 MA10 mid20 趋势MA60  收益=+0.00% 中位=+0.00% 回撤=0.00% 交易=0 持仓=0.0d 评分=+0.00 [ATR+快线]  (13s/ETA 2s)
  [44/48] ATR=   无 MA10 mid30 趋势MA60  收益=+0.00% 中位=+0.00% 回撤=0.00% 交易=0 持仓=0.0d 评分=+0.00 [ATR+快线]  (13s/ETA 1s)
  [45/48] ATR=   无 MA15 mid10 趋势MA60  收益=+0.00% 中位=+0.00% 回撤=0.00% 交易=0 持仓=0.0d 评分=+0.00 [ATR+快线]  (13s/ETA 1s)
  [46/48] ATR=   无 MA15 mid15 趋势MA60  收益=+0.00% 中位=+0.00% 回撤=0.00% 交易=0 持仓=0.0d 评分=+0.00 [纯ATR]  (13s/ETA 1s)
  [47/48] ATR=   无 MA15 mid20 趋势MA60  收益=+0.00% 中位=+0.00% 回撤=0.00% 交易=0 持仓=0.0d 评分=+0.00 [ATR+快线]  (13s/ETA 0s)
  [48/48] ATR=   无 MA15 mid30 趋势MA60  收益=+0.00% 中位=+0.00% 回撤=0.00% 交易=0 持仓=0.0d 评分=+0.00 [ATR+快线]  (13s/ETA 0s)

  扫描完成 (耗时 13.2s)

======================================================================================================================================================
  ★ V2 参数扫描结果 ★
======================================================================================================================================================

  --- 基线: 原版 TRIX ---
  平均收益=+23.37%  中位收益=+14.51%  平均回撤=32.16%  夏普=0.079  胜率=36.7%  正收益=18/30  跑赢持有=17/30  总交易=458

  --- Top 25 参数组合（按复合评分排序）---
  评分 = avg_return - 0.5 × avg_drawdown

    排名   ATR   快线   中线   趋势       均收益      中位收益       回撤      夏普      胜率    持仓天     正收益     跑赢    交易       评分         模式
  -------------------------------------------------------------------------------------------------------------------------------------------------
     1   6.0 MA15 MA20 MA 60   +10.32%    -2.73%   15.39%  -0.444   27.4%   18.1  10/30   13/30    134   +2.63     ATR+快线 ← 
     2   5.0 MA15 MA20 MA 60   +10.08%    -2.73%   15.26%  -0.447   27.0%   16.8  10/30   13/30    136   +2.45     ATR+快线   
     3   4.0 MA15 MA20 MA 60    +9.12%    -5.15%   15.02%  -0.459   25.3%   15.2   9/30   13/30    139   +1.61     ATR+快线   
     4   5.0 MA15 MA30 MA 60    +7.92%    -3.31%   15.01%  -0.465   28.6%   15.1   9/30   12/30    139   +0.42     ATR+快线   
     5   6.0 MA15 MA30 MA 60    +7.82%    -3.31%   15.12%  -0.465   27.7%   15.3   9/30   12/30    139   +0.27     ATR+快线   
     6   4.0 MA15 MA30 MA 60    +7.57%    -3.85%   14.66%  -0.477   27.6%   14.5   8/30   12/30    140   +0.24     ATR+快线   
     7   8.0 MA10 MA10 MA 60    +0.00%    +0.00%    0.00%   0.000    0.0%    0.0   0/0     0/0       0   +0.00       纯ATR   
     8   8.0 MA10 MA15 MA 60    +0.00%    +0.00%    0.00%   0.000    0.0%    0.0   0/0     0/0       0   +0.00     ATR+快线   
     9   8.0 MA10 MA20 MA 60    +0.00%    +0.00%    0.00%   0.000    0.0%    0.0   0/0     0/0       0   +0.00     ATR+快线   
    10   8.0 MA10 MA30 MA 60    +0.00%    +0.00%    0.00%   0.000    0.0%    0.0   0/0     0/0       0   +0.00     ATR+快线   
    11   8.0 MA15 MA10 MA 60    +0.00%    +0.00%    0.00%   0.000    0.0%    0.0   0/0     0/0       0   +0.00     ATR+快线   
    12   8.0 MA15 MA15 MA 60    +0.00%    +0.00%    0.00%   0.000    0.0%    0.0   0/0     0/0       0   +0.00       纯ATR   
    13   8.0 MA15 MA20 MA 60    +0.00%    +0.00%    0.00%   0.000    0.0%    0.0   0/0     0/0       0   +0.00     ATR+快线   
    14   8.0 MA15 MA30 MA 60    +0.00%    +0.00%    0.00%   0.000    0.0%    0.0   0/0     0/0       0   +0.00     ATR+快线   
    15  10.0 MA10 MA10 MA 60    +0.00%    +0.00%    0.00%   0.000    0.0%    0.0   0/0     0/0       0   +0.00       纯ATR   
    16  10.0 MA10 MA15 MA 60    +0.00%    +0.00%    0.00%   0.000    0.0%    0.0   0/0     0/0       0   +0.00     ATR+快线   
    17  10.0 MA10 MA20 MA 60    +0.00%    +0.00%    0.00%   0.000    0.0%    0.0   0/0     0/0       0   +0.00     ATR+快线   
    18  10.0 MA10 MA30 MA 60    +0.00%    +0.00%    0.00%   0.000    0.0%    0.0   0/0     0/0       0   +0.00     ATR+快线   
    19  10.0 MA15 MA10 MA 60    +0.00%    +0.00%    0.00%   0.000    0.0%    0.0   0/0     0/0       0   +0.00     ATR+快线   
    20  10.0 MA15 MA15 MA 60    +0.00%    +0.00%    0.00%   0.000    0.0%    0.0   0/0     0/0       0   +0.00       纯ATR   
    21  10.0 MA15 MA20 MA 60    +0.00%    +0.00%    0.00%   0.000    0.0%    0.0   0/0     0/0       0   +0.00     ATR+快线   
    22  10.0 MA15 MA30 MA 60    +0.00%    +0.00%    0.00%   0.000    0.0%    0.0   0/0     0/0       0   +0.00     ATR+快线   
    23     无 MA10 MA10 MA 60    +0.00%    +0.00%    0.00%   0.000    0.0%    0.0   0/0     0/0       0   +0.00        纯快线   
    24     无 MA10 MA15 MA 60    +0.00%    +0.00%    0.00%   0.000    0.0%    0.0   0/0     0/0       0   +0.00     纯快线+过滤   
    25     无 MA10 MA20 MA 60    +0.00%    +0.00%    0.00%   0.000    0.0%    0.0   0/0     0/0       0   +0.00     纯快线+过滤   

  --- 按维度分析 ---

  [ATR 倍数影响] (固定 MA15, mid20, 趋势MA60)
    ATR= 4.0: 收益=+9.12%  回撤=15.02%  交易=139  持仓=15.2d  评分=+1.61
    ATR= 5.0: 收益=+10.08%  回撤=15.26%  交易=136  持仓=16.8d  评分=+2.45
    ATR= 6.0: 收益=+10.32%  回撤=15.39%  交易=134  持仓=18.1d  评分=+2.63
    ATR= 8.0: 收益=+0.00%  回撤=0.00%  交易=0  持仓=0.0d  评分=+0.00
    ATR=10.0: 收益=+0.00%  回撤=0.00%  交易=0  持仓=0.0d  评分=+0.00
    ATR=   无: 收益=+0.00%  回撤=0.00%  交易=0  持仓=0.0d  评分=+0.00

  [ma_mid 影响] (固定 ATR=6.0, MA15, 趋势MA60)
    mid=10: 收益=+6.73%  回撤=17.12%  交易=139  持仓=19.7d  评分=-1.83  [ATR+快线(MA10)]
    mid=15: 收益=+11.41%  回撤=26.59%  交易=83  持仓=92.4d  评分=-1.89  [纯ATR(无快线)]
    mid=20: 收益=+10.32%  回撤=15.39%  交易=134  持仓=18.1d  评分=+2.63  [ATR+快线(MA20)]
    mid=30: 收益=+7.82%  回撤=15.12%  交易=139  持仓=15.3d  评分=+0.27  [ATR+快线(MA30)]

  --- 最优组合 vs 原版 TRIX ---
  最优参数: ATR倍数=6.0  快线=MA15  中线=MA20  趋势MA=60
  指标                    原版TRIX        最优优化版           差异
  -------------------------------------------------------
  平均收益率                +23.37%      +10.32%      -13.04pp
  中位收益率                +14.51%       -2.73%      -17.24pp
  平均回撤                  32.16%       15.39%      -16.77pp
  夏普比率                   0.079       -0.444       -0.524
  胜率                     36.7%        27.4%        -9.3pp
  正收益比例                18/30          10/30               -8
  跑赢持有                 17/30          13/30               -4
  总交易                      458          134         -324

======================================================================================================================================================
  V2 扫描完成
======================================================================================================================================================
