==================================================================================================================================
  TRIX 交叉策略优化版 -- 全面评测
  标的数: 30 只 | K线: 800 根 | 资金: 1,000,000 元 | 预热: 120 根
  策略对比: 原版TRIX(金叉买/死叉卖) vs 优化版TRIX(MA120趋势+波动率+动态离场)
  数据源: MAC 客户端（通达信 MAC 协议），前复权日线
==================================================================================================================================

>> Step 1: 逐股双策略回测 (30 只)
  [1/30] 贵州茅台(600519.SH) [白酒消费] ... 原版= -39.57% 优化=  -6.62% 持有= -10.30% 改进=+32.95pp 交易(原/优)=18/9
  [2/30] 五粮液(000858.SZ) [白酒消费] ... 原版= -14.88% 优化=  +9.44% 持有= -49.73% 改进=+24.32pp 交易(原/优)=14/3
  [3/30] 泸州老窖(000568.SZ) [白酒消费] ... 原版=  -4.47% 优化=  -6.94% 持有= -57.79% 改进= -2.47pp 交易(原/优)=11/4
  [4/30] 洋河股份(002304.SZ) [白酒消费] ... 原版= -25.96% 优化=  +4.31% 持有= -68.68% 改进=+30.28pp 交易(原/优)=15/4
  [5/30] 中国平安(601318.SH) [金融] ... 原版= +41.38% 优化= +28.52% 持有= +51.21% 改进=-12.86pp 交易(原/优)=16/12
  [6/30] 招商银行(600036.SH) [金融] ... 原版= +34.86% 优化= +15.31% 持有= +54.36% 改进=-19.55pp 交易(原/优)=17/9
  [7/30] 兴业银行(601166.SH) [金融] ... 原版= +36.78% 优化=  -1.34% 持有= +50.20% 改进=-38.11pp 交易(原/优)=15/9
  [8/30] 广发证券(000776.SZ) [金融] ... 原版= +41.08% 优化=  -8.93% 持有= +38.53% 改进=-50.01pp 交易(原/优)=16/7
  [9/30] 京东方A(000725.SZ) [科技电子] ... 原版= +52.64% 优化=  -8.99% 持有= +24.71% 改进=-61.63pp 交易(原/优)=17/10
  [10/30] 立讯精密(002475.SZ) [科技电子] ... 原版=+164.59% 优化= +11.05% 持有= +85.08% 改进=-153.54pp 交易(原/优)=12/9
  [11/30] 东方财富(300059.SZ) [科技电子] ... 原版= +85.61% 优化=  -8.56% 持有=  +9.88% 改进=-94.17pp 交易(原/优)=14/4
  [12/30] 四维图新(002405.SZ) [科技电子] ... 原版=  +2.30% 优化= +21.71% 持有= -55.00% 改进=+19.41pp 交易(原/优)=12/3
  [13/30] 恒瑞医药(600276.SH) [医药] ... 原版= -17.42% 优化= -19.07% 持有= +19.61% 改进= -1.65pp 交易(原/优)=17/8
  [14/30] 云南白药(000538.SZ) [医药] ... 原版= -24.71% 优化= -11.92% 持有= +12.36% 改进=+12.79pp 交易(原/优)=18/11
  [15/30] 爱尔眼科(300015.SZ) [医药] ... 原版= +15.72% 优化=  -3.13% 持有= -60.67% 改进=-18.85pp 交易(原/优)=14/1
  [16/30] 宁德时代(300750.SZ) [新能源] ... 原版=+106.87% 优化=  +2.41% 持有=+102.06% 改进=-104.47pp 交易(原/优)=13/9
  [17/30] 比亚迪(002594.SZ) [新能源] ... 原版= +53.56% 优化=  -8.31% 持有= +21.56% 改进=-61.87pp 交易(原/优)=14/6
  [18/30] 隆基绿能(601012.SH) [新能源] ... 原版= +16.99% 优化=  +6.41% 持有= -66.62% 改进=-10.58pp 交易(原/优)=14/3
  [19/30] 紫金矿业(601899.SH) [周期资源] ... 原版= +14.51% 优化=  -2.34% 持有=+166.75% 改进=-16.85pp 交易(原/优)=16/11
  [20/30] 海螺水泥(600585.SH) [周期资源] ... 原版= +47.84% 优化=  -2.81% 持有= -26.06% 改进=-50.65pp 交易(原/优)=13/5
  [21/30] 中国铝业(601600.SH) [周期资源] ... 原版= -16.11% 优化=  +9.60% 持有= +67.25% 改进=+25.71pp 交易(原/优)=18/10
  [22/30] 多氟多(002407.SZ) [中小盘] ... 原版= +37.42% 优化= -16.21% 持有= +38.53% 改进=-53.64pp 交易(原/优)=17/9
  [23/30] 利亚德(300296.SZ) [中小盘] ... 原版= -27.43% 优化=  +6.09% 持有= -21.54% 改进=+33.52pp 交易(原/优)=15/6
  [24/30] 大华股份(002236.SZ) [中小盘] ... 原版= +14.03% 优化=  +0.02% 持有= -33.82% 改进=-14.01pp 交易(原/优)=14/5
  [25/30] 中国建筑(601668.SH) [大盘蓝筹] ... 原版=  -8.14% 优化=  -5.27% 持有= -12.36% 改进= +2.87pp 交易(原/优)=16/7
  [26/30] 中国国航(601111.SH) [大盘蓝筹] ... 原版= -33.94% 优化= -18.11% 持有= -42.95% 改进=+15.84pp 交易(原/优)=16/5
  [27/30] 中国石化(600028.SH) [大盘蓝筹] ... 原版= -26.00% 优化= -17.87% 持有=  +2.14% 改进= +8.14pp 交易(原/优)=18/11
  [28/30] 平煤股份(601666.SH) [超跌低价] ... 原版= -32.29% 优化=  +8.94% 持有=  +7.93% 改进=+41.24pp 交易(原/优)=16/10
  [29/30] 有研新材(600206.SH) [超跌低价] ... 原版=+198.42% 优化= +32.61% 持有=+132.99% 改进=-165.81pp 交易(原/优)=15/9
  [30/30] 正虹科技(000703.SZ) [超跌低价] ... 原版=  +7.29% 优化=  +4.96% 持有= +77.07% 改进= -2.34pp 交易(原/优)=17/10

  回测完成 (耗时 6.1s)

>> Step 2: 汇总分析

==========================================================================================================================================================================
  逐股明细：原版 TRIX vs 优化版 TRIX vs 买入持有
==========================================================================================================================================================================
股票           代码       分组            原版收益      优化收益      买入持有       改进     原版回撤     优化回撤     原版夏普     优化夏普     原版胜率     优化胜率   原版交易   优化交易
--------------------------------------------------------------------------------------------------------------------------------------------------------------------------
贵州茅台         600519   白酒消费       -39.57%    -6.62%   -10.30%  +32.95pp   46.63%    9.21%   -1.378   -1.214    16.7%    11.1%     18      9
五粮液          000858   白酒消费       -14.88%    +9.44%   -49.73%  +24.32pp   33.68%    5.16%   -0.342    0.010    28.6%    33.3%     14      3
泸州老窖         000568   白酒消费        -4.47%    -6.94%   -57.79%   -2.47pp   37.38%    7.84%   -0.074   -1.551    36.4%    25.0%     11      4
洋河股份         002304   白酒消费       -25.96%    +4.31%   -68.68%  +30.28pp   35.96%    8.67%   -0.641   -0.237    13.3%    25.0%     15      4
中国平安         601318   金融         +41.38%   +28.52%   +51.21%  -12.86pp   30.07%   15.58%    0.497    0.445    50.0%    41.7%     16     12
招商银行         600036   金融         +34.86%   +15.31%   +54.36%  -19.55pp   15.09%    5.18%    0.476    0.243    52.9%    55.6%     17      9
兴业银行         601166   金融         +36.78%    -1.34%   +50.20%  -38.11pp   15.83%    6.20%    0.469   -0.587    40.0%    22.2%     15      9
广发证券         000776   金融         +41.08%    -8.93%   +38.53%  -50.01pp   20.38%    9.33%    0.471   -1.800    50.0%    14.3%     16      7
京东方A         000725   科技电子       +52.64%    -8.99%   +24.71%  -61.63pp   19.33%   11.88%    0.527   -1.709    23.5%    20.0%     17     10
立讯精密         002475   科技电子      +164.59%   +11.05%   +85.08% -153.54pp   22.49%    9.30%    1.084    0.077    58.3%    44.4%     12      9
东方财富         300059   科技电子       +85.61%    -8.56%    +9.88%  -94.17pp   20.21%    8.56%    0.669   -2.490    50.0%     0.0%     14      4
四维图新         002405   科技电子        +2.30%   +21.71%   -55.00%  +19.41pp   32.10%    5.64%    0.043    0.405    25.0%    66.7%     12      3
恒瑞医药         600276   医药         -17.42%   -19.07%   +19.61%   -1.65pp   36.16%   20.66%   -0.346   -1.668    35.3%    12.5%     17      8
云南白药         000538   医药         -24.71%   -11.92%   +12.36%  +12.79pp   31.66%   14.56%   -0.899   -1.305    27.8%    27.3%     18     11
爱尔眼科         300015   医药         +15.72%    -3.13%   -60.67%  -18.85pp   34.25%    3.13%    0.197   -2.365    21.4%     0.0%     14      1
宁德时代         300750   新能源       +106.87%    +2.41%  +102.06% -104.47pp   30.87%   11.07%    0.794   -0.401    61.5%    55.6%     13      9
比亚迪          002594   新能源        +53.56%    -8.31%   +21.56%  -61.87pp   21.94%   10.69%    0.576   -2.058    42.9%    16.7%     14      6
隆基绿能         601012   新能源        +16.99%    +6.41%   -66.62%  -10.58pp   38.60%    2.60%    0.211   -0.241    28.6%    66.7%     14      3
紫金矿业         601899   周期资源       +14.51%    -2.34%  +166.75%  -16.85pp   42.75%   15.53%    0.181   -0.523    25.0%    45.5%     16     11
海螺水泥         600585   周期资源       +47.84%    -2.81%   -26.06%  -50.65pp   17.95%    5.51%    0.571   -1.037    46.2%    20.0%     13      5
中国铝业         601600   周期资源       -16.11%    +9.60%   +67.25%  +25.71pp   44.23%   10.59%   -0.163    0.027    27.8%    40.0%     18     10
多氟多          002407   中小盘        +37.42%   -16.21%   +38.53%  -53.64pp   42.62%   16.21%    0.373   -1.023    41.2%    33.3%     17      9
利亚德          300296   中小盘        -27.43%    +6.09%   -21.54%  +33.52pp   40.42%   11.70%   -0.208   -0.035    46.7%    66.7%     15      6
大华股份         002236   中小盘        +14.03%    +0.02%   -33.82%  -14.01pp   23.81%    3.39%    0.166   -1.391    35.7%    60.0%     14      5
中国建筑         601668   大盘蓝筹        -8.14%    -5.27%   -12.36%   +2.87pp   27.76%    7.88%   -0.252   -1.081    37.5%    14.3%     16      7
中国国航         601111   大盘蓝筹       -33.94%   -18.11%   -42.95%  +15.84pp   38.91%   18.67%   -0.753   -1.387    18.8%     0.0%     16      5
中国石化         600028   大盘蓝筹       -26.00%   -17.87%    +2.14%   +8.14pp   38.73%   18.83%   -0.548   -1.758    22.2%    18.2%     18     11
平煤股份         601666   超跌低价       -32.29%    +8.94%    +7.93%  +41.24pp   53.23%   16.27%   -0.440    0.016    31.2%    30.0%     16     10
有研新材         600206   超跌低价      +198.42%   +32.61%  +132.99% -165.81pp   33.19%   10.14%    1.013    0.533    66.7%    33.3%     15      9
正虹科技         000703   超跌低价        +7.29%    +4.96%   +77.07%   -2.34pp   38.55%   14.43%    0.108   -0.085    41.2%    50.0%     17     10

============================================================================================================================================
  分组汇总
============================================================================================================================================
分组           数量       原版均收       优化均收       买入持有      平均改进      原版回撤      优化回撤      原版夏普      优化夏普    原版交易    优化交易     原版跑赢     优化跑赢     优化更优
--------------------------------------------------------------------------------------------------------------------------------------------
白酒消费          4    -21.22%     +0.05%    -46.63%   +21.27pp    38.41%     7.72%    -0.609    -0.748      58      20    3/4      4/4      3/4  
金融            4    +38.53%     +8.39%    +48.57%   -30.13pp    20.34%     9.07%     0.478    -0.425      64      37    1/4      0/4      0/4  
科技电子          4    +76.29%     +3.80%    +16.17%   -72.48pp    23.53%     8.84%     0.581    -0.929      55      26    4/4      1/4      1/4  
医药            3     -8.80%    -11.37%     -9.57%    -2.57pp    34.02%    12.78%    -0.349    -1.779      49      20    1/3      1/3      1/3  
新能源           3    +59.14%     +0.17%    +19.00%   -58.97pp    30.47%     8.12%     0.527    -0.900      41      18    3/3      1/3      0/3  
周期资源          3    +15.41%     +1.49%    +69.31%   -13.93pp    34.98%    10.54%     0.196    -0.511      47      26    1/3      1/3      1/3  
中小盘           3     +8.01%     -3.37%     -5.61%   -11.37pp    35.62%    10.43%     0.111    -0.816      46      20    1/3      2/3      1/3  
大盘蓝筹          3    -22.70%    -13.75%    -17.72%    +8.95pp    35.14%    15.12%    -0.518    -1.409      50      23    2/3      2/3      3/3  
超跌低价          3    +57.81%    +15.50%    +72.66%   -42.30pp    41.66%    13.61%     0.227     0.155      48      29    1/3      1/3      1/3  

====================================================================================================
  ★ 全局汇总：原版 TRIX vs 优化版 TRIX ★
====================================================================================================

  指标                            原版TRIX         优化版TRIX            买入持有      差异(优-原)
  --------------------------------------------------------------------------------
  平均收益率                        +23.37%          +0.50%         +15.22%      -22.87pp
  正收益比例                18/30 ( 60.0%)  14/30 ( 46.7%)
  跑赢买入持有               17/30 ( 56.7%)  13/30 ( 43.3%)
  优化版优于原版                              11/30 ( 36.7%)
  平均最大回撤                        32.16%          10.48%                      -21.68pp
  平均夏普比率                         0.079          -0.806                       -0.886
  平均Sortino比率                    0.186          -0.885                       -1.071
  平均Calmar比率                     0.253           0.069                       -0.185
  平均胜率                           36.7%           31.6%                        -5.1pp
  平均盈亏比                           1.86            1.48                        -0.37
  总交易笔数                            458             219                         -239
  平均持仓天数                          32.2             4.1                        -28.1
  平均年化波动率                       24.24%           6.23%                      -18.01pp

  --- 交易频率分析 ---
  原版总交易数:     458
  优化版总交易数:   219
  交易减少数:       239
  交易减少比例:     52.2%

  --- 优化改进效果分析 ---
  平均收益改进:     -22.87pp
  最大收益改进:     +41.24pp
  最小收益改进:     -165.81pp
  优化版更好:       11/30 (36.7%)
  原版更好:         19/30 (63.3%)
  两者接近(±1%):    0/30

  --- 优化版收益率分布 ---
    -30% ~ -10%      5 #####
    -10% ~ 0%       11 ###########
    0% ~ 10%         9 #########
    10% ~ 30%        4 ####
    30% ~ 50%        1 #

  --- 回撤改善分析 ---
  回撤改善的股票:   30/30 (100.0%)
  回撤恶化的股票:   0/30 (0.0%)
  平均回撤改善:     +21.68pp

==================================================================================================================================
  评测完成
==================================================================================================================================
