============================================================================================================================================
  TRIX 优化策略参数扫描
  标的数: 30 只 | K线: 800 根 | 资金: 1,000,000 元 | 预热: 120 根
  扫描维度: chandelier_atr_mult=[1.5, 2.0, 2.5, 3.0, 3.5, 4.0, 5.0, 6.0]
            ma_fast=[5, 10, 15, 20]
            ma_trend_period=[60, 120]
  总组合数: 64
  总回测数: 1920
  数据源: MAC 客户端（通达信 MAC 协议），前复权日线
============================================================================================================================================
>> 加载数据 (30 只)...
  [1/30] 贵州茅台(600519.SH)... OK (800 根)
  [2/30] 五粮液(000858.SZ)... OK (800 根)
  [3/30] 泸州老窖(000568.SZ)... OK (800 根)
  [4/30] 洋河股份(002304.SZ)... OK (800 根)
  [5/30] 中国平安(601318.SH)... OK (800 根)
  [6/30] 招商银行(600036.SH)... OK (800 根)
  [7/30] 兴业银行(601166.SH)... OK (800 根)
  [8/30] 广发证券(000776.SZ)... OK (800 根)
  [9/30] 京东方A(000725.SZ)... OK (800 根)
  [10/30] 立讯精密(002475.SZ)... OK (800 根)
  [11/30] 东方财富(300059.SZ)... OK (800 根)
  [12/30] 四维图新(002405.SZ)... OK (800 根)
  [13/30] 恒瑞医药(600276.SH)... OK (800 根)
  [14/30] 云南白药(000538.SZ)... OK (800 根)
  [15/30] 爱尔眼科(300015.SZ)... OK (800 根)
  [16/30] 宁德时代(300750.SZ)... OK (800 根)
  [17/30] 比亚迪(002594.SZ)... OK (800 根)
  [18/30] 隆基绿能(601012.SH)... OK (800 根)
  [19/30] 紫金矿业(601899.SH)... OK (800 根)
  [20/30] 海螺水泥(600585.SH)... OK (800 根)
  [21/30] 中国铝业(601600.SH)... OK (800 根)
  [22/30] 多氟多(002407.SZ)... OK (800 根)
  [23/30] 利亚德(300296.SZ)... OK (800 根)
  [24/30] 大华股份(002236.SZ)... OK (800 根)
  [25/30] 中国建筑(601668.SH)... OK (800 根)
  [26/30] 中国国航(601111.SH)... OK (800 根)
  [27/30] 中国石化(600028.SH)... OK (800 根)
  [28/30] 平煤股份(601666.SH)... OK (800 根)
  [29/30] 有研新材(600206.SH)... OK (800 根)
  [30/30] 正虹科技(000703.SZ)... OK (800 根)
  成功加载 30/30 只

>> 运行基线 (原版 TRIX)...
   基线完成 (耗时 1.5s)

>> 网格扫描 (64 组合)...
  [1/64] ATR=1.5 MA5 趋势MA60  收益=+1.74%  回撤=11.77%  评分=-4.15  (1s / ETA 46s)
  [2/64] ATR=1.5 MA5 趋势MA120  收益=+1.23%  回撤=11.83%  评分=-4.69  (1s / ETA 46s)
  [3/64] ATR=1.5 MA10 趋势MA60  收益=+0.09%  回撤=12.67%  评分=-6.24  (2s / ETA 44s)
  [4/64] ATR=1.5 MA10 趋势MA120  收益=+0.26%  回撤=12.74%  评分=-6.11  (3s / ETA 43s)
  [5/64] ATR=1.5 MA15 趋势MA60  收益=+0.90%  回撤=11.17%  评分=-4.68  (3s / ETA 40s)
  [6/64] ATR=1.5 MA15 趋势MA120  收益=-0.88%  回撤=11.38%  评分=-6.57  (4s / ETA 38s)
  [7/64] ATR=1.5 MA20 趋势MA60  收益=+0.00%  回撤=0.00%  评分=+0.00  (4s / ETA 33s)
  [8/64] ATR=1.5 MA20 趋势MA120  收益=+0.00%  回撤=0.00%  评分=+0.00  (4s / ETA 30s)
  [9/64] ATR=2.0 MA5 趋势MA60  收益=+0.84%  回撤=12.55%  评分=-5.44  (5s / ETA 31s)
  [10/64] ATR=2.0 MA5 趋势MA120  收益=+0.51%  回撤=12.31%  评分=-5.65  (6s / ETA 31s)
  [11/64] ATR=2.0 MA10 趋势MA60  收益=+0.72%  回撤=13.78%  评分=-6.17  (6s / ETA 31s)
  [12/64] ATR=2.0 MA10 趋势MA120  收益=+0.14%  回撤=13.80%  评分=-6.76  (7s / ETA 31s)
  [13/64] ATR=2.0 MA15 趋势MA60  收益=+3.70%  回撤=12.45%  评分=-2.52  (8s / ETA 30s)
  [14/64] ATR=2.0 MA15 趋势MA120  收益=+1.59%  回撤=12.66%  评分=-4.74  (8s / ETA 29s)
  [15/64] ATR=2.0 MA20 趋势MA60  收益=+0.00%  回撤=0.00%  评分=+0.00  (8s / ETA 27s)
  [16/64] ATR=2.0 MA20 趋势MA120  收益=+0.00%  回撤=0.00%  评分=+0.00  (9s / ETA 26s)
  [17/64] ATR=2.5 MA5 趋势MA60  收益=+0.22%  回撤=12.89%  评分=-6.22  (9s / ETA 26s)
  [18/64] ATR=2.5 MA5 趋势MA120  收益=-0.10%  回撤=12.61%  评分=-6.41  (10s / ETA 26s)
  [19/64] ATR=2.5 MA10 趋势MA60  收益=+0.22%  回撤=14.85%  评分=-7.20  (11s / ETA 25s)
  [20/64] ATR=2.5 MA10 趋势MA120  收益=-0.54%  回撤=15.00%  评分=-8.04  (11s / ETA 25s)
  [21/64] ATR=2.5 MA15 趋势MA60  收益=+8.71%  回撤=13.61%  评分=+1.90  (12s / ETA 24s)
  [22/64] ATR=2.5 MA15 趋势MA120  收益=+5.93%  回撤=13.96%  评分=-1.05  (12s / ETA 24s)
  [23/64] ATR=2.5 MA20 趋势MA60  收益=+0.00%  回撤=0.00%  评分=+0.00  (13s / ETA 23s)
  [24/64] ATR=2.5 MA20 趋势MA120  收益=+0.00%  回撤=0.00%  评分=+0.00  (13s / ETA 21s)
  [25/64] ATR=3.0 MA5 趋势MA60  收益=-0.43%  回撤=13.34%  评分=-7.10  (14s / ETA 21s)
  [26/64] ATR=3.0 MA5 趋势MA120  收益=-0.43%  回撤=12.87%  评分=-6.87  (14s / ETA 21s)
  [27/64] ATR=3.0 MA10 趋势MA60  收益=-0.34%  回撤=15.27%  评分=-7.97  (15s / ETA 21s)
  [28/64] ATR=3.0 MA10 趋势MA120  收益=-1.10%  回撤=15.49%  评分=-8.84  (16s / ETA 20s)
  [29/64] ATR=3.0 MA15 趋势MA60  收益=+7.27%  回撤=13.96%  评分=+0.28  (16s / ETA 20s)
  [30/64] ATR=3.0 MA15 趋势MA120  收益=+4.84%  回撤=14.31%  评分=-2.32  (17s / ETA 19s)
  [31/64] ATR=3.0 MA20 趋势MA60  收益=+0.00%  回撤=0.00%  评分=+0.00  (17s / ETA 18s)
  [32/64] ATR=3.0 MA20 趋势MA120  收益=+0.00%  回撤=0.00%  评分=+0.00  (17s / ETA 17s)
  [33/64] ATR=3.5 MA5 趋势MA60  收益=-0.68%  回撤=13.95%  评分=-7.65  (18s / ETA 17s)
  [34/64] ATR=3.5 MA5 趋势MA120  收益=-0.70%  回撤=13.48%  评分=-7.44  (19s / ETA 17s)
  [35/64] ATR=3.5 MA10 趋势MA60  收益=-0.93%  回撤=16.33%  评分=-9.09  (19s / ETA 16s)
  [36/64] ATR=3.5 MA10 趋势MA120  收益=-1.66%  回撤=16.65%  评分=-9.99  (20s / ETA 16s)
  [37/64] ATR=3.5 MA15 趋势MA60  收益=+9.43%  回撤=14.48%  评分=+2.19  (21s / ETA 15s)
  [38/64] ATR=3.5 MA15 趋势MA120  收益=+6.77%  回撤=14.98%  评分=-0.72  (21s / ETA 15s)
  [39/64] ATR=3.5 MA20 趋势MA60  收益=+0.00%  回撤=0.00%  评分=+0.00  (21s / ETA 14s)
  [40/64] ATR=3.5 MA20 趋势MA120  收益=+0.00%  回撤=0.00%  评分=+0.00  (22s / ETA 13s)
  [41/64] ATR=4.0 MA5 趋势MA60  收益=-0.55%  回撤=13.87%  评分=-7.48  (22s / ETA 13s)
  [42/64] ATR=4.0 MA5 趋势MA120  收益=-0.56%  回撤=13.38%  评分=-7.25  (23s / ETA 12s)
  [43/64] ATR=4.0 MA10 趋势MA60  收益=-1.20%  回撤=16.77%  评分=-9.58  (24s / ETA 12s)
  [44/64] ATR=4.0 MA10 趋势MA120  收益=-1.65%  回撤=16.86%  评分=-10.08  (25s / ETA 11s)
  [45/64] ATR=4.0 MA15 趋势MA60  收益=+9.12%  回撤=15.02%  评分=+1.61  (25s / ETA 11s)
  [46/64] ATR=4.0 MA15 趋势MA120  收益=+6.99%  回撤=15.17%  评分=-0.59  (26s / ETA 10s)
  [47/64] ATR=4.0 MA20 趋势MA60  收益=+0.00%  回撤=0.00%  评分=+0.00  (26s / ETA 9s)
  [48/64] ATR=4.0 MA20 趋势MA120  收益=+0.00%  回撤=0.00%  评分=+0.00  (26s / ETA 9s)
  [49/64] ATR=5.0 MA5 趋势MA60  收益=-0.65%  回撤=13.87%  评分=-7.59  (27s / ETA 8s)
  [50/64] ATR=5.0 MA5 趋势MA120  收益=-0.66%  回撤=13.38%  评分=-7.35  (27s / ETA 8s)
  [51/64] ATR=5.0 MA10 趋势MA60  收益=-1.32%  回撤=16.97%  评分=-9.80  (28s / ETA 7s)
  [52/64] ATR=5.0 MA10 趋势MA120  收益=-1.79%  回撤=17.02%  评分=-10.30  (29s / ETA 7s)
  [53/64] ATR=5.0 MA15 趋势MA60  收益=+10.08%  回撤=15.26%  评分=+2.45  (29s / ETA 6s)
  [54/64] ATR=5.0 MA15 趋势MA120  收益=+7.64%  回撤=15.27%  评分=+0.01  (30s / ETA 6s)
  [55/64] ATR=5.0 MA20 趋势MA60  收益=+0.00%  回撤=0.00%  评分=+0.00  (30s / ETA 5s)
  [56/64] ATR=5.0 MA20 趋势MA120  收益=+0.00%  回撤=0.00%  评分=+0.00  (30s / ETA 4s)
  [57/64] ATR=6.0 MA5 趋势MA60  收益=-0.65%  回撤=13.87%  评分=-7.59  (31s / ETA 4s)
  [58/64] ATR=6.0 MA5 趋势MA120  收益=-0.66%  回撤=13.38%  评分=-7.35  (32s / ETA 3s)
  [59/64] ATR=6.0 MA10 趋势MA60  收益=-0.90%  回撤=16.84%  评分=-9.33  (32s / ETA 3s)
  [60/64] ATR=6.0 MA10 趋势MA120  收益=-1.36%  回撤=16.78%  评分=-9.75  (33s / ETA 2s)
  [61/64] ATR=6.0 MA15 趋势MA60  收益=+10.32%  回撤=15.39%  评分=+2.63  (33s / ETA 2s)
  [62/64] ATR=6.0 MA15 趋势MA120  收益=+7.91%  回撤=15.33%  评分=+0.25  (34s / ETA 1s)
  [63/64] ATR=6.0 MA20 趋势MA60  收益=+0.00%  回撤=0.00%  评分=+0.00  (34s / ETA 1s)
  [64/64] ATR=6.0 MA20 趋势MA120  收益=+0.00%  回撤=0.00%  评分=+0.00  (34s / ETA 0s)

  扫描完成 (耗时 34.3s, 平均 0.54s/组合)

============================================================================================================================================
  ★ 参数扫描结果 ★
============================================================================================================================================

  --- 基线: 原版 TRIX ---
  平均收益=+23.37%  平均回撤=32.16%  夏普=0.079  胜率=36.7%  正收益=18/30  跑赢持有=17/30  总交易=458

  --- Top 20 参数组合（按复合评分排序）---
  评分 = avg_return - 0.5 × avg_drawdown

    排名   ATR倍数   快线   趋势MA      平均收益      平均回撤      夏普      胜率    持仓天     正收益     跑赢持有     交易       评分
  ------------------------------------------------------------------------------------------------------------------------
     1     6.0   15     60   +10.32%    15.39%  -0.444   27.4%   18.1  10/30    13/30     134   +2.63 ← 
     2     5.0   15     60   +10.08%    15.26%  -0.447   27.0%   16.8  10/30    13/30     136   +2.45   
     3     3.5   15     60    +9.43%    14.48%  -0.463   25.6%   14.6   9/30    13/30     139   +2.19   
     4     2.5   15     60    +8.71%    13.61%  -0.463   26.8%   13.2   9/30    11/30     140   +1.90   
     5     4.0   15     60    +9.12%    15.02%  -0.459   25.3%   15.2   9/30    13/30     139   +1.61   
     6     3.0   15     60    +7.27%    13.96%  -0.476   26.8%   13.7   8/30    12/30     140   +0.28   
     7     6.0   15    120    +7.91%    15.33%  -0.581   29.3%   16.6   9/30    12/30     157   +0.25   
     8     5.0   15    120    +7.64%    15.27%  -0.590   29.8%   15.6   9/30    12/30     159   +0.01   
     9     1.5   20     60    +0.00%     0.00%   0.000    0.0%    0.0   0/30    12/30       0   +0.00   
    10     1.5   20    120    +0.00%     0.00%   0.000    0.0%    0.0   0/30    12/30       0   +0.00   
    11     2.0   20     60    +0.00%     0.00%   0.000    0.0%    0.0   0/30    12/30       0   +0.00   
    12     2.0   20    120    +0.00%     0.00%   0.000    0.0%    0.0   0/30    12/30       0   +0.00   
    13     2.5   20     60    +0.00%     0.00%   0.000    0.0%    0.0   0/30    12/30       0   +0.00   
    14     2.5   20    120    +0.00%     0.00%   0.000    0.0%    0.0   0/30    12/30       0   +0.00   
    15     3.0   20     60    +0.00%     0.00%   0.000    0.0%    0.0   0/30    12/30       0   +0.00   
    16     3.0   20    120    +0.00%     0.00%   0.000    0.0%    0.0   0/30    12/30       0   +0.00   
    17     3.5   20     60    +0.00%     0.00%   0.000    0.0%    0.0   0/30    12/30       0   +0.00   
    18     3.5   20    120    +0.00%     0.00%   0.000    0.0%    0.0   0/30    12/30       0   +0.00   
    19     4.0   20     60    +0.00%     0.00%   0.000    0.0%    0.0   0/30    12/30       0   +0.00   
    20     4.0   20    120    +0.00%     0.00%   0.000    0.0%    0.0   0/30    12/30       0   +0.00   

  --- 最优组合 vs 原版 TRIX ---
  最优参数: ATR倍数=6.0  快线=MA15  趋势MA=60
  指标                    原版TRIX        最优优化版           差异
  -------------------------------------------------------
  平均收益率                +23.37%      +10.32%      -13.04pp
  平均回撤                  32.16%       15.39%      -16.77pp
  夏普比率                   0.079       -0.444       -0.524
  胜率                     36.7%        27.4%        -9.3pp
  正收益比例                18/30          10/30               -8
  跑赢持有                 17/30          13/30               -4
  总交易                      458          134         -324

  --- 按不同维度排序的 Top 3 ---

  [平均收益率]
    1. ATR=6.0 MA15 趋势MA60  收益=+10.32%  回撤=15.39%  夏普=-0.444  评分=+2.63
    2. ATR=5.0 MA15 趋势MA60  收益=+10.08%  回撤=15.26%  夏普=-0.447  评分=+2.45
    3. ATR=3.5 MA15 趋势MA60  收益=+9.43%  回撤=14.48%  夏普=-0.463  评分=+2.19

  [最低回撤]
    1. ATR=1.5 MA20 趋势MA60  收益=+0.00%  回撤=0.00%  夏普=0.000  评分=+0.00
    2. ATR=1.5 MA20 趋势MA120  收益=+0.00%  回撤=0.00%  夏普=0.000  评分=+0.00
    3. ATR=2.0 MA20 趋势MA60  收益=+0.00%  回撤=0.00%  夏普=0.000  评分=+0.00

  [夏普比率]
    1. ATR=1.5 MA20 趋势MA60  收益=+0.00%  回撤=0.00%  夏普=0.000  评分=+0.00
    2. ATR=1.5 MA20 趋势MA120  收益=+0.00%  回撤=0.00%  夏普=0.000  评分=+0.00
    3. ATR=2.0 MA20 趋势MA60  收益=+0.00%  回撤=0.00%  夏普=0.000  评分=+0.00

  [复合评分]
    1. ATR=6.0 MA15 趋势MA60  收益=+10.32%  回撤=15.39%  夏普=-0.444  评分=+2.63
    2. ATR=5.0 MA15 趋势MA60  收益=+10.08%  回撤=15.26%  夏普=-0.447  评分=+2.45
    3. ATR=3.5 MA15 趋势MA60  收益=+9.43%  回撤=14.48%  夏普=-0.463  评分=+2.19

============================================================================================================================================
  扫描完成
============================================================================================================================================
